00:00 +0: loading D:/projects/MoonWatch/client/test/core/config/app_config_test.dart
00:00 +0: D:/projects/MoonWatch/client/test/core/config/app_config_test.dart: AppConfig loads valid config
00:00 +1: D:/projects/MoonWatch/client/test/core/config/app_config_test.dart: AppConfig rejects missing serverBaseUrl
00:00 +2: D:/projects/MoonWatch/client/test/core/config/app_config_test.dart: AppConfig rejects invalid URL
00:00 +3: D:/projects/MoonWatch/client/test/core/config/app_config_test.dart: AppConfig throws helpful error when config file is missing
00:00 +4: D:/projects/MoonWatch/client/test/core/player/player_controller_test.dart: MockPlayerImpl Volume & Clamping Tests Initial volume should be 1.0
00:00 +5: D:/projects/MoonWatch/client/test/core/player/player_controller_test.dart: MockPlayerImpl Volume & Clamping Tests setVolume should clamp values
00:00 +6: D:/projects/MoonWatch/client/test/core/player/player_controller_test.dart: MockPlayerImpl Volume & Clamping Tests Mute behavior should remember last non-zero volume
00:00 +7: D:/projects/MoonWatch/client/test/core/player/player_controller_test.dart: MockPlayerImpl Volume & Clamping Tests Double mute should not lose last non-zero volume
00:00 +8: D:/projects/MoonWatch/client/test/core/security/credential_store_test.dart: CredentialStore saveIptvCredentials writes to secure storage
00:00 +9: D:/projects/MoonWatch/client/test/core/security/credential_store_test.dart: CredentialStore readIptvCredentials returns credentials when they exist
00:00 +10: D:/projects/MoonWatch/client/test/core/security/credential_store_test.dart: CredentialStore readIptvCredentials returns null when missing
00:00 +11: D:/projects/MoonWatch/client/test/core/security/credential_store_test.dart: CredentialStore clearIptvCredentials deletes from secure storage
00:00 +12: D:/projects/MoonWatch/client/test/core/security/credential_store_test.dart: CredentialStore hasIptvCredentials returns true if both keys exist
00:00 +13: D:/projects/MoonWatch/client/test/features/auth/bloc/auth_bloc_test.dart: AuthBloc emits [Authenticated] when credentials exist on check
00:00 +14: D:/projects/MoonWatch/client/test/features/auth/bloc/auth_bloc_test.dart: AuthBloc emits [Loading, Authenticated] on successful login
00:00 +15: D:/projects/MoonWatch/client/test/features/auth/bloc/auth_bloc_test.dart: AuthBloc emits [Loading, Error] on invalid credentials
00:00 +16: D:/projects/MoonWatch/client/test/features/auth/bloc/auth_bloc_test.dart: AuthBloc emits [Unauthenticated] on logout
00:00 +17: D:/projects/MoonWatch/client/test/features/iptv/service/iptv_api_service_test.dart: (setUpAll)
00:00 +17: D:/projects/MoonWatch/client/test/features/iptv/service/iptv_api_service_test.dart: IptvApiService refuses requests when credentials are missing
00:00 +18: D:/projects/MoonWatch/client/test/features/iptv/service/iptv_api_service_test.dart: IptvApiService initializes config on first request if credentials exist
00:00 +19: D:/projects/MoonWatch/client/test/features/iptv/service/iptv_api_service_test.dart: (tearDownAll)
00:00 +19: D:/projects/MoonWatch/client/test/features/player/screens/watch_screen_test.dart: (setUpAll)
00:00 +19: D:/projects/MoonWatch/client/test/features/player/screens/watch_screen_test.dart: initial active room state initializes content once
00:01 +20: D:/projects/MoonWatch/client/test/features/player/screens/watch_screen_test.dart: initial active room state initializes content once
00:01 +20: D:/projects/MoonWatch/client/test/features/reconnect/reconnect_bloc_test.dart: ReconnectBloc ΓÇö Disconnected Idle ΓåÆ Attempting on Disconnected
[38;5;12m≡ƒÆí [ReconnectBloc] [reconnect.attempt] Connection dropped, entering reconnect mode[0m
00:01 +21: D:/projects/MoonWatch/client/test/features/player/screens/watch_screen_test.dart: initial active room state initializes content once
00:01 +22: D:/projects/MoonWatch/client/test/features/player/screens/watch_screen_test.dart: initial active room state initializes content once
00:01 +23: D:/projects/MoonWatch/client/test/features/player/screens/watch_screen_test.dart: initial active room state initializes content once
00:01 +23: D:/projects/MoonWatch/client/test/features/reconnect/reconnect_bloc_test.dart: ReconnectBloc ΓÇö AttemptRejoin AttemptRejoin invokes SignalR JoinRoom with stored credentials
[38;5;12m≡ƒÆí [ReconnectBloc] [reconnect.attempt] Attempting app-layer rejoin to room ABC123 as guest[0m
00:01 +24: D:/projects/MoonWatch/client/test/features/player/screens/watch_screen_test.dart: initial active room state initializes content once
00:01 +24: D:/projects/MoonWatch/client/test/features/reconnect/reconnect_bloc_test.dart: ReconnectBloc ΓÇö AttemptRejoin AttemptRejoin with no credentials ΓåÆ Failed(no_credentials)
[38;5;208mΓÜá∩╕Å [ReconnectBloc] No stored room credentials for rejoin[0m
00:01 +25: D:/projects/MoonWatch/client/test/features/player/screens/watch_screen_test.dart: initial active room state initializes content once
00:01 +25: D:/projects/MoonWatch/client/test/features/reconnect/reconnect_bloc_test.dart: ReconnectBloc ΓÇö AttemptRejoin AttemptRejoin when invoke throws ΓåÆ Failed(rejoin_error)
[38;5;12m≡ƒÆí [ReconnectBloc] [reconnect.attempt] Attempting app-layer rejoin to room ABC123 as guest[0m
[38;5;208mΓÜá∩╕Å [ReconnectBloc] [reconnect.attempt] Rejoin invocation failed. Retrying in 1.0s (Attempt 1 of 3) ΓÇö Exception: network error[0m
00:01 +25: D:/projects/MoonWatch/client/test/features/player/screens/watch_screen_test.dart: initial active room state initializes content once
[38;5;12m≡ƒÆí [WatchScreen] [PLAYER_INIT_SOURCE] source=room_active, key=episode|197312|m3u8[0m
ΓòÉΓòÉΓòí EXCEPTION CAUGHT BY WIDGETS LIBRARY Γò₧ΓòÉΓòÉΓòÉΓòÉΓòÉΓòÉΓòÉΓòÉΓòÉΓòÉΓòÉΓòÉΓòÉΓòÉΓòÉΓòÉΓòÉΓòÉΓòÉΓòÉΓòÉΓòÉΓòÉΓòÉΓòÉΓòÉΓòÉΓòÉΓòÉΓòÉΓòÉΓòÉΓòÉΓòÉΓòÉΓòÉΓòÉΓòÉΓòÉΓòÉΓòÉΓòÉΓòÉΓòÉΓòÉΓòÉΓòÉΓòÉΓòÉΓòÉΓòÉΓòÉΓòÉΓòÉΓòÉΓòÉΓòÉΓòÉΓòÉ
The following StateError was thrown building BlocListener<RoomBloc, RoomState>(bloc: MockRoomBloc,
has listener, state: _BlocListenerBaseState<RoomBloc, RoomState>#789b9):
Bad state: GetIt: Object/factory with type BrightnessService is not registered inside GetIt.
(Did you accidentally do GetIt sl=GetIt.instance(); instead of GetIt sl=GetIt.instance;
Did you forget to register it?)

The relevant error-causing widget was:
  BlocListener<RoomBloc, RoomState>
  BlocListener:file:///C:/Users/musta/AppData/Local/Pub/Cache/hosted/pub.dev/flutter_bloc-8.1.6/lib/src/bloc_builder.dart:184:12

When the exception was thrown, this was the stack:
#0      throwIfNot (package:get_it/get_it_impl.dart:14:19)
#1      _GetItImplementation._findFactoryByNameAndType (package:get_it/get_it_impl.dart:435:5)
#2      _GetItImplementation.get (package:get_it/get_it_impl.dart:463:29)
#3      _GetItImplementation.call (package:get_it/get_it_impl.dart:554:12)
#4      new _PlayerGestureLayerState (package:watch_party/features/player/widgets/player_gesture_layer.dart:36:22)
#5      PlayerGestureLayer.createState (package:watch_party/features/player/widgets/player_gesture_layer.dart:31:46)
#6      new StatefulElement (package:flutter/src/widgets/framework.dart:5902:60)
#7      StatefulWidget.createElement (package:flutter/src/widgets/framework.dart:779:38)
#8      Element.inflateWidget (package:flutter/src/widgets/framework.dart:4574:59)
#9      MultiChildRenderObjectElement.inflateWidget (package:flutter/src/widgets/framework.dart:7264:36)
#10     MultiChildRenderObjectElement.mount (package:flutter/src/widgets/framework.dart:7279:32)
...     Normal element mounting (12 frames)
#22     SingleChildWidgetElementMixin.mount (package:nested/nested.dart:222:11)
...     Normal element mounting (41 frames)
#63     Element.inflateWidget (package:flutter/src/widgets/framework.dart:4587:20)
#64     MultiChildRenderObjectElement.inflateWidget (package:flutter/src/widgets/framework.dart:7264:36)
#65     MultiChildRenderObjectElement.mount (package:flutter/src/widgets/framework.dart:7279:32)
...     Normal element mounting (121 frames)
#186    SingleChildWidgetElementMixin.mount (package:nested/nested.dart:222:11)
...     Normal element mounting (7 frames)
#193    _NestedHookElement.mount (package:nested/nested.dart:187:11)
...     Normal element mounting (9 frames)
#202    SingleChildWidgetElementMixin.mount (package:nested/nested.dart:222:11)
...     Normal element mounting (7 frames)
#209    _NestedHookElement.mount (package:nested/nested.dart:187:11)
...     Normal element mounting (7 frames)
#216    SingleChildWidgetElementMixin.mount (package:nested/nested.dart:222:11)
...     Normal element mounting (15 frames)
#231    _InheritedProviderScopeElement.mount (package:provider/src/inherited_provider.dart:424:11)
...     Normal element mounting (7 frames)
#238    SingleChildWidgetElementMixin.mount (package:nested/nested.dart:222:11)
...     Normal element mounting (7 frames)
#245    SingleChildWidgetElementMixin.mount (package:nested/nested.dart:222:11)
...     Normal element mounting (7 frames)
#252    _NestedHookElement.mount (package:nested/nested.dart:187:11)
...     Normal element mounting (7 frames)
#259    _InheritedProviderScopeElement.mount (package:provider/src/inherited_provider.dart:424:11)
...     Normal element mounting (7 frames)
#266    SingleChildWidgetElementMixin.mount (package:nested/nested.dart:222:11)
...     Normal element mounting (7 frames)
#273    SingleChildWidgetElementMixin.mount (package:nested/nested.dart:222:11)
...     Normal element mounting (7 frames)
#280    _NestedHookElement.mount (package:nested/nested.dart:187:11)
...     Normal element mounting (7 frames)
#287    SingleChildWidgetElementMixin.mount (package:nested/nested.dart:222:11)
...     Normal element mounting (13 frames)
#300    _InheritedProviderScopeElement.mount (package:provider/src/inherited_provider.dart:424:11)
...     Normal element mounting (7 frames)
#307    SingleChildWidgetElementMixin.mount (package:nested/nested.dart:222:11)
...     Normal element mounting (7 frames)
#314    SingleChildWidgetElementMixin.mount (package:nested/nested.dart:222:11)
...     Normal element mounting (7 frames)
#321    _NestedHookElement.mount (package:nested/nested.dart:187:11)
...     Normal element mounting (7 frames)
#328    _InheritedProviderScopeElement.mount (package:provider/src/inherited_provider.dart:424:11)
...     Normal element mounting (7 frames)
#335    SingleChildWidgetElementMixin.mount (package:nested/nested.dart:222:11)
...     Normal element mounting (7 frames)
#342    SingleChildWidgetElementMixin.mount (package:nested/nested.dart:222:11)
...     Normal element mounting (7 frames)
#349    _NestedHookElement.mount (package:nested/nested.dart:187:11)
...     Normal element mounting (7 frames)
#356    SingleChildWidgetElementMixin.mount (package:nested/nested.dart:222:11)
...     Normal element mounting (260 frames)
#616    Element.inflateWidget (package:flutter/src/widgets/framework.dart:4587:20)
#617    MultiChildRenderObjectElement.inflateWidget (package:flutter/src/widgets/framework.dart:7264:36)
#618    MultiChildRenderObjectElement.mount (package:flutter/src/widgets/framework.dart:7279:32)
...     Normal element mounting (467 frames)
#1085   Element.inflateWidget (package:flutter/src/widgets/framework.dart:4587:20)
#1086   Element.updateChild (package:flutter/src/widgets/framework.dart:4053:20)
#1087   ComponentElement.performRebuild (package:flutter/src/widgets/framework.dart:5841:16)
#1088   Element.rebuild (package:flutter/src/widgets/framework.dart:5529:7)
#1089   ProxyElement.update (package:flutter/src/widgets/framework.dart:6149:5)
#1090   _InheritedNotifierElement.update (package:flutter/src/widgets/inherited_notifier.dart:108:11)
#1091   Element.updateChild (package:flutter/src/widgets/framework.dart:4037:15)
#1092   ComponentElement.performRebuild (package:flutter/src/widgets/framework.dart:5841:16)
#1093   StatefulElement.performRebuild (package:flutter/src/widgets/framework.dart:5982:11)
#1094   Element.rebuild (package:flutter/src/widgets/framework.dart:5529:7)
#1095   StatefulElement.update (package:flutter/src/widgets/framework.dart:6007:5)
#1096   Element.updateChild (package:flutter/src/widgets/framework.dart:4037:15)
#1097   ComponentElement.performRebuild (package:flutter/src/widgets/framework.dart:5841:16)
#1098   Element.rebuild (package:flutter/src/widgets/framework.dart:5529:7)
#1099   ProxyElement.update (package:flutter/src/widgets/framework.dart:6149:5)
#1100   _InheritedNotifierElement.update (package:flutter/src/widgets/inherited_notifier.dart:108:11)
#1101   Element.updateChild (package:flutter/src/widgets/framework.dart:4037:15)
#1102   ComponentElement.performRebuild (package:flutter/src/widgets/framework.dart:5841:16)
#1103   StatefulElement.performRebuild (package:flutter/src/widgets/framework.dart:5982:11)
#1104   Element.rebuild (package:flutter/src/widgets/framework.dart:5529:7)
#1105   StatefulElement.update (package:flutter/src/widgets/framework.dart:6007:5)
#1106   Element.updateChild (package:flutter/src/widgets/framework.dart:4037:15)
#1107   ComponentElement.performRebuild (package:flutter/src/widgets/framework.dart:5841:16)
#1108   StatefulElement.performRebuild (package:flutter/src/widgets/framework.dart:5982:11)
#1109   Element.rebuild (package:flutter/src/widgets/framework.dart:5529:7)
#1110   StatefulElement.update (package:flutter/src/widgets/framework.dart:6007:5)
#1111   Element.updateChild (package:flutter/src/widgets/framework.dart:4037:15)
#1112   ComponentElement.performRebuild (package:flutter/src/widgets/framework.dart:5841:16)
#1113   Element.rebuild (package:flutter/src/widgets/framework.dart:5529:7)
#1114   ProxyElement.update (package:flutter/src/widgets/framework.dart:6149:5)
#1115   Element.updateChild (package:flutter/src/widgets/framework.dart:4037:15)
#1116   ComponentElement.performRebuild (package:flutter/src/widgets/framework.dart:5841:16)
#1117   StatefulElement.performRebuild (package:flutter/src/widgets/framework.dart:5982:11)
#1118   Element.rebuild (package:flutter/src/widgets/framework.dart:5529:7)
#1119   StatefulElement.update (package:flutter/src/widgets/framework.dart:6007:5)
#1120   Element.updateChild (package:flutter/src/widgets/framework.dart:4037:15)
#1121   ComponentElement.performRebuild (package:flutter/src/widgets/framework.dart:5841:16)
#1122   Element.rebuild (package:flutter/src/widgets/framework.dart:5529:7)
#1123   ProxyElement.update (package:flutter/src/widgets/framework.dart:6149:5)
#1124   Element.updateChild (package:flutter/src/widgets/framework.dart:4037:15)
#1125   ComponentElement.performRebuild (package:flutter/src/widgets/framework.dart:5841:16)
#1126   Element.rebuild (package:flutter/src/widgets/framework.dart:5529:7)
#1127   ProxyElement.update (package:flutter/src/widgets/framework.dart:6149:5)
#1128   Element.updateChild (package:flutter/src/widgets/framework.dart:4037:15)
#1129   _RawViewElement._updateChild (package:flutter/src/widgets/view.dart:481:16)
#1130   _RawViewElement.update (package:flutter/src/widgets/view.dart:568:5)
#1131   Element.updateChild (package:flutter/src/widgets/framework.dart:4037:15)
#1132   ComponentElement.performRebuild (package:flutter/src/widgets/framework.dart:5841:16)
#1133   Element.rebuild (package:flutter/src/widgets/framework.dart:5529:7)
#1134   StatelessElement.update (package:flutter/src/widgets/framework.dart:5895:5)
#1135   Element.updateChild (package:flutter/src/widgets/framework.dart:4037:15)
#1136   ComponentElement.performRebuild (package:flutter/src/widgets/framework.dart:5841:16)
#1137   StatefulElement.performRebuild (package:flutter/src/widgets/framework.dart:5982:11)
#1138   Element.rebuild (package:flutter/src/widgets/framework.dart:5529:7)
#1139   StatefulElement.update (package:flutter/src/widgets/framework.dart:6007:5)
#1140   Element.updateChild (package:flutter/src/widgets/framework.dart:4037:15)
#1141   RootElement._rebuild (package:flutter/src/widgets/binding.dart:1822:16)
#1142   RootElement.update (package:flutter/src/widgets/binding.dart:1800:5)
#1143   RootElement.performRebuild (package:flutter/src/widgets/binding.dart:1814:7)
#1144   Element.rebuild (package:flutter/src/widgets/framework.dart:5529:7)
#1145   BuildScope._tryRebuild (package:flutter/src/widgets/framework.dart:2750:15)
#1146   BuildScope._flushDirtyElements (package:flutter/src/widgets/framework.dart:2807:11)
#1147   BuildOwner.buildScope (package:flutter/src/widgets/framework.dart:3111:18)
#1148   AutomatedTestWidgetsFlutterBinding.drawFrame (package:flutter_test/src/binding.dart:2131:19)
#1149   RendererBinding._handlePersistentFrameCallback (package:flutter/src/rendering/binding.dart:495:5)
#1150   SchedulerBinding._invokeFrameCallback (package:flutter/src/scheduler/binding.dart:1430:15)
#1151   SchedulerBinding.handleDrawFrame (package:flutter/src/scheduler/binding.dart:1345:9)
#1152   AutomatedTestWidgetsFlutterBinding.pump.<anonymous closure> (package:flutter_test/src/binding.dart:1960:9)
#1155   TestAsyncUtils.guard (package:flutter_test/src/test_async_utils.dart:74:41)
#1156   AutomatedTestWidgetsFlutterBinding.pump (package:flutter_test/src/binding.dart:1949:27)
#1157   WidgetTester.pumpWidget.<anonymous closure> (package:flutter_test/src/widget_tester.dart:598:22)
#1160   TestAsyncUtils.guard (package:flutter_test/src/test_async_utils.dart:74:41)
#1161   WidgetTester.pumpWidget (package:flutter_test/src/widget_tester.dart:595:27)
#1162   main.<anonymous closure> (file:///D:/projects/MoonWatch/client/test/features/player/screens/watch_screen_test.dart:233:18)
#1163   testWidgets.<anonymous closure>.<anonymous closure> (package:flutter_test/src/widget_tester.dart:192:29)
<asynchronous suspension>
#1164   TestWidgetsFlutterBinding._runTestBody (package:flutter_test/src/binding.dart:1682:5)
<asynchronous suspension>
<asynchronous suspension>
(elided 5 frames from dart:async and package:stack_trace)

ΓòÉΓòÉΓòÉΓòÉΓòÉΓòÉΓòÉΓòÉΓòÉΓòÉΓòÉΓòÉΓòÉΓòÉΓòÉΓòÉΓòÉΓòÉΓòÉΓòÉΓòÉΓòÉΓòÉΓòÉΓòÉΓòÉΓòÉΓòÉΓòÉΓòÉΓòÉΓòÉΓòÉΓòÉΓòÉΓòÉΓòÉΓòÉΓòÉΓòÉΓòÉΓòÉΓòÉΓòÉΓòÉΓòÉΓòÉΓòÉΓòÉΓòÉΓòÉΓòÉΓòÉΓòÉΓòÉΓòÉΓòÉΓòÉΓòÉΓòÉΓòÉΓòÉΓòÉΓòÉΓòÉΓòÉΓòÉΓòÉΓòÉΓòÉΓòÉΓòÉΓòÉΓòÉΓòÉΓòÉΓòÉΓòÉΓòÉΓòÉΓòÉΓòÉΓòÉΓòÉΓòÉΓòÉΓòÉΓòÉΓòÉΓòÉΓòÉΓòÉΓòÉΓòÉΓòÉΓòÉΓòÉΓòÉΓòÉΓòÉ
00:01 +25 -1: D:/projects/MoonWatch/client/test/features/player/widgets/peer_status_indicator_test.dart: PeerStatusIndicator renders green dot and "Peer connected" for connected status
00:01 +25 -1: D:/projects/MoonWatch/client/test/features/player/screens/watch_screen_test.dart: initial active room state initializes content once [E]
  Test failed. See exception logs above.
  The test description was: initial active room state initializes content once
  
00:01 +26 -1: D:/projects/MoonWatch/client/test/features/reconnect/reconnect_bloc_test.dart: ReconnectBloc ΓÇö AttemptRejoin AttemptRejoin when invoke throws ΓåÆ Failed(rejoin_error)
00:01 +26 -1: D:/projects/MoonWatch/client/test/features/player/screens/watch_screen_test.dart: repeated identical active states do not dispatch a duplicate initialize
ΓòÉΓòÉΓòí EXCEPTION CAUGHT BY WIDGETS LIBRARY Γò₧ΓòÉΓòÉΓòÉΓòÉΓòÉΓòÉΓòÉΓòÉΓòÉΓòÉΓòÉΓòÉΓòÉΓòÉΓòÉΓòÉΓòÉΓòÉΓòÉΓòÉΓòÉΓòÉΓòÉΓòÉΓòÉΓòÉΓòÉΓòÉΓòÉΓòÉΓòÉΓòÉΓòÉΓòÉΓòÉΓòÉΓòÉΓòÉΓòÉΓòÉΓòÉΓòÉΓòÉΓòÉΓòÉΓòÉΓòÉΓòÉΓòÉΓòÉΓòÉΓòÉΓòÉΓòÉΓòÉΓòÉΓòÉΓòÉΓòÉ
The following assertion was thrown building _FocusInheritedScope:
'package:flutter/src/widgets/framework.dart': Failed assertion: line 6268 pos 12:
'_dependents.isEmpty': is not true.

Either the assertion indicates an error in the framework itself, or we should provide substantially
more information in this error message to help you determine and fix the underlying cause.
In either case, please report this assertion by filing a bug on GitHub:
  https://github.com/flutter/flutter/issues/new?template=02_bug.yml

When the exception was thrown, this was the stack:
#2      InheritedElement.debugDeactivated (package:flutter/src/widgets/framework.dart:6268:12)
#3      _InactiveElements._deactivateRecursively.<anonymous closure> (package:flutter/src/widgets/framework.dart:2143:15)
#4      _InactiveElements._deactivateRecursively (package:flutter/src/widgets/framework.dart:2145:6)
#5      ComponentElement.visitChildren (package:flutter/src/widgets/framework.dart:5871:14)
#6      _InactiveElements._deactivateRecursively (package:flutter/src/widgets/framework.dart:2141:13)
#7      ComponentElement.visitChildren (package:flutter/src/widgets/framework.dart:5871:14)
#8      _InactiveElements._deactivateRecursively (package:flutter/src/widgets/framework.dart:2141:13)
#9      ComponentElement.visitChildren (package:flutter/src/widgets/framework.dart:5871:14)
#10     _InactiveElements._deactivateRecursively (package:flutter/src/widgets/framework.dart:2141:13)
#11     ComponentElement.visitChildren (package:flutter/src/widgets/framework.dart:5871:14)
#12     _InactiveElements._deactivateRecursively (package:flutter/src/widgets/framework.dart:2141:13)
#13     ComponentElement.visitChildren (package:flutter/src/widgets/framework.dart:5871:14)
#14     _InactiveElements._deactivateRecursively (package:flutter/src/widgets/framework.dart:2141:13)
#15     ComponentElement.visitChildren (package:flutter/src/widgets/framework.dart:5871:14)
#16     _InactiveElements._deactivateRecursively (package:flutter/src/widgets/framework.dart:2141:13)
#17     ComponentElement.visitChildren (package:flutter/src/widgets/framework.dart:5871:14)
#18     _InactiveElements._deactivateRecursively (package:flutter/src/widgets/framework.dart:2141:13)
#19     ComponentElement.visitChildren (package:flutter/src/widgets/framework.dart:5871:14)
#20     _InactiveElements._deactivateRecursively (package:flutter/src/widgets/framework.dart:2141:13)
#21     ComponentElement.visitChildren (package:flutter/src/widgets/framework.dart:5871:14)
#22     _InactiveElements._deactivateRecursively (package:flutter/src/widgets/framework.dart:2141:13)
#23     ComponentElement.visitChildren (package:flutter/src/widgets/framework.dart:5871:14)
#24     _InactiveElements._deactivateRecursively (package:flutter/src/widgets/framework.dart:2141:13)
#25     ComponentElement.visitChildren (package:flutter/src/widgets/framework.dart:5871:14)
#26     _InactiveElements._deactivateRecursively (package:flutter/src/widgets/framework.dart:2141:13)
#27     ComponentElement.visitChildren (package:flutter/src/widgets/framework.dart:5871:14)
#28     _InactiveElements._deactivateRecursively (package:flutter/src/widgets/framework.dart:2141:13)
#29     ComponentElement.visitChildren (package:flutter/src/widgets/framework.dart:5871:14)
#30     _InactiveElements._deactivateRecursively (package:flutter/src/widgets/framework.dart:2141:13)
#31     ComponentElement.visitChildren (package:flutter/src/widgets/framework.dart:5871:14)
#32     _InactiveElements._deactivateRecursively (package:flutter/src/widgets/framework.dart:2141:13)
#33     SingleChildRenderObjectElement.visitChildren (package:flutter/src/widgets/framework.dart:7101:14)
#34     _InactiveElements._deactivateRecursively (package:flutter/src/widgets/framework.dart:2141:13)
#35     ComponentElement.visitChildren (package:flutter/src/widgets/framework.dart:5871:14)
#36     _InactiveElements._deactivateRecursively (package:flutter/src/widgets/framework.dart:2141:13)
#37     SingleChildRenderObjectElement.visitChildren (package:flutter/src/widgets/framework.dart:7101:14)
#38     _InactiveElements._deactivateRecursively (package:flutter/src/widgets/framework.dart:2141:13)
#39     SingleChildRenderObjectElement.visitChildren (package:flutter/src/widgets/framework.dart:7101:14)
#40     _InactiveElements._deactivateRecursively (package:flutter/src/widgets/framework.dart:2141:13)
#41     ComponentElement.visitChildren (package:flutter/src/widgets/framework.dart:5871:14)
#42     _InactiveElements._deactivateRecursively (package:flutter/src/widgets/framework.dart:2141:13)
#43     SingleChildRenderObjectElement.visitChildren (package:flutter/src/widgets/framework.dart:7101:14)
#44     _InactiveElements._deactivateRecursively (package:flutter/src/widgets/framework.dart:2141:13)
#45     ComponentElement.visitChildren (package:flutter/src/widgets/framework.dart:5871:14)
#46     _InactiveElements._deactivateRecursively (package:flutter/src/widgets/framework.dart:2141:13)
#47     SingleChildRenderObjectElement.visitChildren (package:flutter/src/widgets/framework.dart:7101:14)
#48     _InactiveElements._deactivateRecursively (package:flutter/src/widgets/framework.dart:2141:13)
#49     SingleChildRenderObjectElement.visitChildren (package:flutter/src/widgets/framework.dart:7101:14)
#50     _InactiveElements._deactivateRecursively (package:flutter/src/widgets/framework.dart:2141:13)
#51     ComponentElement.visitChildren (package:flutter/src/widgets/framework.dart:5871:14)
#52     _InactiveElements._deactivateRecursively (package:flutter/src/widgets/framework.dart:2141:13)
#53     SingleChildRenderObjectElement.visitChildren (package:flutter/src/widgets/framework.dart:7101:14)
#54     _InactiveElements._deactivateRecursively (package:flutter/src/widgets/framework.dart:2141:13)
#55     ComponentElement.visitChildren (package:flutter/src/widgets/framework.dart:5871:14)
#56     _InactiveElements._deactivateRecursively (package:flutter/src/widgets/framework.dart:2141:13)
#57     SingleChildRenderObjectElement.visitChildren (package:flutter/src/widgets/framework.dart:7101:14)
#58     _InactiveElements._deactivateRecursively (package:flutter/src/widgets/framework.dart:2141:13)
#59     SingleChildRenderObjectElement.visitChildren (package:flutter/src/widgets/framework.dart:7101:14)
#60     _InactiveElements._deactivateRecursively (package:flutter/src/widgets/framework.dart:2141:13)
#61     ComponentElement.visitChildren (package:flutter/src/widgets/framework.dart:5871:14)
#62     _InactiveElements._deactivateRecursively (package:flutter/src/widgets/framework.dart:2141:13)
#63     SingleChildRenderObjectElement.visitChildren (package:flutter/src/widgets/framework.dart:7101:14)
#64     _InactiveElements._deactivateRecursively (package:flutter/src/widgets/framework.dart:2141:13)
#65     SingleChildRenderObjectElement.visitChildren (package:flutter/src/widgets/framework.dart:7101:14)
#66     _InactiveElements._deactivateRecursively (package:flutter/src/widgets/framework.dart:2141:13)
#67     SingleChildRenderObjectElement.visitChildren (package:flutter/src/widgets/framework.dart:7101:14)
#68     _InactiveElements._deactivateRecursively (package:flutter/src/widgets/framework.dart:2141:13)
#69     ComponentElement.visitChildren (package:flutter/src/widgets/framework.dart:5871:14)
#70     _InactiveElements._deactivateRecursively (package:flutter/src/widgets/framework.dart:2141:13)
#71     SingleChildRenderObjectElement.visitChildren (package:flutter/src/widgets/framework.dart:7101:14)
#72     _InactiveElements._deactivateRecursively (package:flutter/src/widgets/framework.dart:2141:13)
#73     ComponentElement.visitChildren (package:flutter/src/widgets/framework.dart:5871:14)
#74     _InactiveElements._deactivateRecursively (package:flutter/src/widgets/framework.dart:2141:13)
#75     ComponentElement.visitChildren (package:flutter/src/widgets/framework.dart:5871:14)
#76     _InactiveElements._deactivateRecursively (package:flutter/src/widgets/framework.dart:2141:13)
#77     ComponentElement.visitChildren (package:flutter/src/widgets/framework.dart:5871:14)
#78     _InactiveElements._deactivateRecursively (package:flutter/src/widgets/framework.dart:2141:13)
#79     ComponentElement.visitChildren (package:flutter/src/widgets/framework.dart:5871:14)
#80     _InactiveElements._deactivateRecursively (package:flutter/src/widgets/framework.dart:2141:13)
#81     ComponentElement.visitChildren (package:flutter/src/widgets/framework.dart:5871:14)
#82     _InactiveElements._deactivateRecursively (package:flutter/src/widgets/framework.dart:2141:13)
#83     SingleChildRenderObjectElement.visitChildren (package:flutter/src/widgets/framework.dart:7101:14)
#84     _InactiveElements._deactivateRecursively (package:flutter/src/widgets/framework.dart:2141:13)
#85     ComponentElement.visitChildren (package:flutter/src/widgets/framework.dart:5871:14)
#86     _InactiveElements._deactivateRecursively (package:flutter/src/widgets/framework.dart:2141:13)
#87     SingleChildRenderObjectElement.visitChildren (package:flutter/src/widgets/framework.dart:7101:14)
#88     _InactiveElements._deactivateRecursively (package:flutter/src/widgets/framework.dart:2141:13)
#89     ComponentElement.visitChildren (package:flutter/src/widgets/framework.dart:5871:14)
#90     _InactiveElements._deactivateRecursively (package:flutter/src/widgets/framework.dart:2141:13)
#91     ComponentElement.visitChildren (package:flutter/src/widgets/framework.dart:5871:14)
#92     _InactiveElements._deactivateRecursively (package:flutter/src/widgets/framework.dart:2141:13)
#93     ComponentElement.visitChildren (package:flutter/src/widgets/framework.dart:5871:14)
#94     _InactiveElements._deactivateRecursively (package:flutter/src/widgets/framework.dart:2141:13)
#95     ComponentElement.visitChildren (package:flutter/src/widgets/framework.dart:5871:14)
#96     _InactiveElements._deactivateRecursively (package:flutter/src/widgets/framework.dart:2141:13)
#97     ComponentElement.visitChildren (package:flutter/src/widgets/framework.dart:5871:14)
#98     _InactiveElements._deactivateRecursively (package:flutter/src/widgets/framework.dart:2141:13)
#99     ComponentElement.visitChildren (package:flutter/src/widgets/framework.dart:5871:14)
#100    _InactiveElements._deactivateRecursively (package:flutter/src/widgets/framework.dart:2141:13)
#101    SingleChildRenderObjectElement.visitChildren (package:flutter/src/widgets/framework.dart:7101:14)
#102    _InactiveElements._deactivateRecursively (package:flutter/src/widgets/framework.dart:2141:13)
#103    ComponentElement.visitChildren (package:flutter/src/widgets/framework.dart:5871:14)
#104    _InactiveElements._deactivateRecursively (package:flutter/src/widgets/framework.dart:2141:13)
#105    ComponentElement.visitChildren (package:flutter/src/widgets/framework.dart:5871:14)
#106    _InactiveElements._deactivateRecursively (package:flutter/src/widgets/framework.dart:2141:13)
#107    ComponentElement.visitChildren (package:flutter/src/widgets/framework.dart:5871:14)
#108    _InactiveElements._deactivateRecursively (package:flutter/src/widgets/framework.dart:2141:13)
#109    ComponentElement.visitChildren (package:flutter/src/widgets/framework.dart:5871:14)
#110    _InactiveElements._deactivateRecursively (package:flutter/src/widgets/framework.dart:2141:13)
#111    ComponentElement.visitChildren (package:flutter/src/widgets/framework.dart:5871:14)
#112    _InactiveElements._deactivateRecursively (package:flutter/src/widgets/framework.dart:2141:13)
#113    SingleChildRenderObjectElement.visitChildren (package:flutter/src/widgets/framework.dart:7101:14)
#114    _InactiveElements._deactivateRecursively (package:flutter/src/widgets/framework.dart:2141:13)
#115    ComponentElement.visitChildren (package:flutter/src/widgets/framework.dart:5871:14)
#116    _InactiveElements._deactivateRecursively (package:flutter/src/widgets/framework.dart:2141:13)
#117    ComponentElement.visitChildren (package:flutter/src/widgets/framework.dart:5871:14)
#118    _InactiveElements._deactivateRecursively (package:flutter/src/widgets/framework.dart:2141:13)
#119    ComponentElement.visitChildren (package:flutter/src/widgets/framework.dart:5871:14)
#120    _InactiveElements._deactivateRecursively (package:flutter/src/widgets/framework.dart:2141:13)
#121    ComponentElement.visitChildren (package:flutter/src/widgets/framework.dart:5871:14)
#122    _InactiveElements._deactivateRecursively (package:flutter/src/widgets/framework.dart:2141:13)
#123    ComponentElement.visitChildren (package:flutter/src/widgets/framework.dart:5871:14)
#124    _InactiveElements._deactivateRecursively (package:flutter/src/widgets/framework.dart:2141:13)
#125    MultiChildRenderObjectElement.visitChildren (package:flutter/src/widgets/framework.dart:7223:16)
#126    _InactiveElements._deactivateRecursively (package:flutter/src/widgets/framework.dart:2141:13)
#127    ComponentElement.visitChildren (package:flutter/src/widgets/framework.dart:5871:14)
#128    _InactiveElements._deactivateRecursively (package:flutter/src/widgets/framework.dart:2141:13)
#129    ComponentElement.visitChildren (package:flutter/src/widgets/framework.dart:5871:14)
#130    _InactiveElements._deactivateRecursively (package:flutter/src/widgets/framework.dart:2141:13)
#131    ComponentElement.visitChildren (package:flutter/src/widgets/framework.dart:5871:14)
#132    _InactiveElements._deactivateRecursively (package:flutter/src/widgets/framework.dart:2141:13)
#133    ComponentElement.visitChildren (package:flutter/src/widgets/framework.dart:5871:14)
#134    _InactiveElements._deactivateRecursively (package:flutter/src/widgets/framework.dart:2141:13)
#135    ComponentElement.visitChildren (package:flutter/src/widgets/framework.dart:5871:14)
#136    _InactiveElements._deactivateRecursively (package:flutter/src/widgets/framework.dart:2141:13)
#137    ComponentElement.visitChildren (package:flutter/src/widgets/framework.dart:5871:14)
#138    _InactiveElements._deactivateRecursively (package:flutter/src/widgets/framework.dart:2141:13)
#139    ComponentElement.visitChildren (package:flutter/src/widgets/framework.dart:5871:14)
#140    _InactiveElements._deactivateRecursively (package:flutter/src/widgets/framework.dart:2141:13)
#141    SingleChildRenderObjectElement.visitChildren (package:flutter/src/widgets/framework.dart:7101:14)
#142    _InactiveElements._deactivateRecursively (package:flutter/src/widgets/framework.dart:2141:13)
#143    SingleChildRenderObjectElement.visitChildren (package:flutter/src/widgets/framework.dart:7101:14)
#144    _InactiveElements._deactivateRecursively (package:flutter/src/widgets/framework.dart:2141:13)
#145    ComponentElement.visitChildren (package:flutter/src/widgets/framework.dart:5871:14)
#146    _InactiveElements._deactivateRecursively (package:flutter/src/widgets/framework.dart:2141:13)
#147    ComponentElement.visitChildren (package:flutter/src/widgets/framework.dart:5871:14)
#148    _InactiveElements._deactivateRecursively (package:flutter/src/widgets/framework.dart:2141:13)
#149    ComponentElement.visitChildren (package:flutter/src/widgets/framework.dart:5871:14)
#150    _InactiveElements._deactivateRecursively (package:flutter/src/widgets/framework.dart:2141:13)
#151    ComponentElement.visitChildren (package:flutter/src/widgets/framework.dart:5871:14)
#152    _InactiveElements._deactivateRecursively (package:flutter/src/widgets/framework.dart:2141:13)
#153    SingleChildRenderObjectElement.visitChildren (package:flutter/src/widgets/framework.dart:7101:14)
#154    _InactiveElements._deactivateRecursively (package:flutter/src/widgets/framework.dart:2141:13)
#155    ComponentElement.visitChildren (package:flutter/src/widgets/framework.dart:5871:14)
#156    _InactiveElements._deactivateRecursively (package:flutter/src/widgets/framework.dart:2141:13)
#157    ComponentElement.visitChildren (package:flutter/src/widgets/framework.dart:5871:14)
#158    _InactiveElements._deactivateRecursively (package:flutter/src/widgets/framework.dart:2141:13)
#159    ComponentElement.visitChildren (package:flutter/src/widgets/framework.dart:5871:14)
#160    _InactiveElements._deactivateRecursively (package:flutter/src/widgets/framework.dart:2141:13)
#161    ComponentElement.visitChildren (package:flutter/src/widgets/framework.dart:5871:14)
#162    _InactiveElements._deactivateRecursively (package:flutter/src/widgets/framework.dart:2141:13)
#163    ComponentElement.visitChildren (package:flutter/src/widgets/framework.dart:5871:14)
#164    _InactiveElements._deactivateRecursively (package:flutter/src/widgets/framework.dart:2141:13)
#165    ComponentElement.visitChildren (package:flutter/src/widgets/framework.dart:5871:14)
#166    _InactiveElements._deactivateRecursively (package:flutter/src/widgets/framework.dart:2141:13)
#167    ComponentElement.visitChildren (package:flutter/src/widgets/framework.dart:5871:14)
#168    _InactiveElements._deactivateRecursively (package:flutter/src/widgets/framework.dart:2141:13)
#169    ComponentElement.visitChildren (package:flutter/src/widgets/framework.dart:5871:14)
#170    _InactiveElements._deactivateRecursively (package:flutter/src/widgets/framework.dart:2141:13)
#171    ComponentElement.visitChildren (package:flutter/src/widgets/framework.dart:5871:14)
#172    _InactiveElements._deactivateRecursively (package:flutter/src/widgets/framework.dart:2141:13)
#173    ComponentElement.visitChildren (package:flutter/src/widgets/framework.dart:5871:14)
#174    _InactiveElements._deactivateRecursively (package:flutter/src/widgets/framework.dart:2141:13)
#175    ComponentElement.visitChildren (package:flutter/src/widgets/framework.dart:5871:14)
#176    _InactiveElements._deactivateRecursively (package:flutter/src/widgets/framework.dart:2141:13)
#177    ComponentElement.visitChildren (package:flutter/src/widgets/framework.dart:5871:14)
#178    _InactiveElements._deactivateRecursively (package:flutter/src/widgets/framework.dart:2141:13)
#179    ComponentElement.visitChildren (package:flutter/src/widgets/framework.dart:5871:14)
#180    _InactiveElements._deactivateRecursively (package:flutter/src/widgets/framework.dart:2141:13)
#181    ComponentElement.visitChildren (package:flutter/src/widgets/framework.dart:5871:14)
#182    _InactiveElements._deactivateRecursively (package:flutter/src/widgets/framework.dart:2141:13)
#183    ComponentElement.visitChildren (package:flutter/src/widgets/framework.dart:5871:14)
#184    _InactiveElements._deactivateRecursively (package:flutter/src/widgets/framework.dart:2141:13)
#185    SingleChildRenderObjectElement.visitChildren (package:flutter/src/widgets/framework.dart:7101:14)
#186    _InactiveElements._deactivateRecursively (package:flutter/src/widgets/framework.dart:2141:13)
#187    ComponentElement.visitChildren (package:flutter/src/widgets/framework.dart:5871:14)
#188    _InactiveElements._deactivateRecursively (package:flutter/src/widgets/framework.dart:2141:13)
#189    ComponentElement.visitChildren (package:flutter/src/widgets/framework.dart:5871:14)
#190    _InactiveElements._deactivateRecursively (package:flutter/src/widgets/framework.dart:2141:13)
#191    SingleChildRenderObjectElement.visitChildren (package:flutter/src/widgets/framework.dart:7101:14)
#192    _InactiveElements._deactivateRecursively (package:flutter/src/widgets/framework.dart:2141:13)
#193    ComponentElement.visitChildren (package:flutter/src/widgets/framework.dart:5871:14)
#194    _InactiveElements._deactivateRecursively (package:flutter/src/widgets/framework.dart:2141:13)
#195    ComponentElement.visitChildren (package:flutter/src/widgets/framework.dart:5871:14)
#196    _InactiveElements._deactivateRecursively (package:flutter/src/widgets/framework.dart:2141:13)
#197    ComponentElement.visitChildren (package:flutter/src/widgets/framework.dart:5871:14)
#198    _InactiveElements._deactivateRecursively (package:flutter/src/widgets/framework.dart:2141:13)
#199    ComponentElement.visitChildren (package:flutter/src/widgets/framework.dart:5871:14)
#200    _InactiveElements._deactivateRecursively (package:flutter/src/widgets/framework.dart:2141:13)
#201    ComponentElement.visitChildren (package:flutter/src/widgets/framework.dart:5871:14)
#202    _InactiveElements._deactivateRecursively (package:flutter/src/widgets/framework.dart:2141:13)
#203    SingleChildRenderObjectElement.visitChildren (package:flutter/src/widgets/framework.dart:7101:14)
#204    _InactiveElements._deactivateRecursively (package:flutter/src/widgets/framework.dart:2141:13)
#205    ComponentElement.visitChildren (package:flutter/src/widgets/framework.dart:5871:14)
#206    _InactiveElements._deactivateRecursively (package:flutter/src/widgets/framework.dart:2141:13)
#207    ComponentElement.visitChildren (package:flutter/src/widgets/framework.dart:5871:14)
#208    _InactiveElements._deactivateRecursively (package:flutter/src/widgets/framework.dart:2141:13)
#209    SingleChildRenderObjectElement.visitChildren (package:flutter/src/widgets/framework.dart:7101:14)
#210    _InactiveElements._deactivateRecursively (package:flutter/src/widgets/framework.dart:2141:13)
#211    ComponentElement.visitChildren (package:flutter/src/widgets/framework.dart:5871:14)
#212    _InactiveElements._deactivateRecursively (package:flutter/src/widgets/framework.dart:2141:13)
#213    ComponentElement.visitChildren (package:flutter/src/widgets/framework.dart:5871:14)
#214    _InactiveElements._deactivateRecursively (package:flutter/src/widgets/framework.dart:2141:13)
#215    ComponentElement.visitChildren (package:flutter/src/widgets/framework.dart:5871:14)
#216    _InactiveElements._deactivateRecursively (package:flutter/src/widgets/framework.dart:2141:13)
#217    ComponentElement.visitChildren (package:flutter/src/widgets/framework.dart:5871:14)
#218    _InactiveElements._deactivateRecursively (package:flutter/src/widgets/framework.dart:2141:13)
#219    ComponentElement.visitChildren (package:flutter/src/widgets/framework.dart:5871:14)
#220    _InactiveElements._deactivateRecursively (package:flutter/src/widgets/framework.dart:2141:13)
#221    SingleChildRenderObjectElement.visitChildren (package:flutter/src/widgets/framework.dart:7101:14)
#222    _InactiveElements._deactivateRecursively (package:flutter/src/widgets/framework.dart:2141:13)
#223    ComponentElement.visitChildren (package:flutter/src/widgets/framework.dart:5871:14)
#224    _InactiveElements._deactivateRecursively (package:flutter/src/widgets/framework.dart:2141:13)
#225    ComponentElement.visitChildren (package:flutter/src/widgets/framework.dart:5871:14)
#226    _InactiveElements._deactivateRecursively (package:flutter/src/widgets/framework.dart:2141:13)
#227    ComponentElement.visitChildren (package:flutter/src/widgets/framework.dart:5871:14)
#228    _InactiveElements._deactivateRecursively (package:flutter/src/widgets/framework.dart:2141:13)
#229    ComponentElement.visitChildren (package:flutter/src/widgets/framework.dart:5871:14)
#230    _InactiveElements._deactivateRecursively (package:flutter/src/widgets/framework.dart:2141:13)
#231    ComponentElement.visitChildren (package:flutter/src/widgets/framework.dart:5871:14)
#232    _InactiveElements._deactivateRecursively (package:flutter/src/widgets/framework.dart:2141:13)
#233    SingleChildRenderObjectElement.visitChildren (package:flutter/src/widgets/framework.dart:7101:14)
#234    _InactiveElements._deactivateRecursively (package:flutter/src/widgets/framework.dart:2141:13)
#235    ComponentElement.visitChildren (package:flutter/src/widgets/framework.dart:5871:14)
#236    _InactiveElements._deactivateRecursively (package:flutter/src/widgets/framework.dart:2141:13)
#237    ComponentElement.visitChildren (package:flutter/src/widgets/framework.dart:5871:14)
#238    _InactiveElements._deactivateRecursively (package:flutter/src/widgets/framework.dart:2141:13)
#239    ComponentElement.visitChildren (package:flutter/src/widgets/framework.dart:5871:14)
#240    _InactiveElements._deactivateRecursively (package:flutter/src/widgets/framework.dart:2141:13)
#241    ComponentElement.visitChildren (package:flutter/src/widgets/framework.dart:5871:14)
#242    _InactiveElements._deactivateRecursively (package:flutter/src/widgets/framework.dart:2141:13)
#243    SingleChildRenderObjectElement.visitChildren (package:flutter/src/widgets/framework.dart:7101:14)
#244    _InactiveElements._deactivateRecursively (package:flutter/src/widgets/framework.dart:2141:13)
#245    ComponentElement.visitChildren (package:flutter/src/widgets/framework.dart:5871:14)
#246    _InactiveElements._deactivateRecursively (package:flutter/src/widgets/framework.dart:2141:13)
#247    ComponentElement.visitChildren (package:flutter/src/widgets/framework.dart:5871:14)
#248    _InactiveElements._deactivateRecursively (package:flutter/src/widgets/framework.dart:2141:13)
#249    ComponentElement.visitChildren (package:flutter/src/widgets/framework.dart:5871:14)
#250    _InactiveElements._deactivateRecursively (package:flutter/src/widgets/framework.dart:2141:13)
#251    ComponentElement.visitChildren (package:flutter/src/widgets/framework.dart:5871:14)
#252    _InactiveElements._deactivateRecursively (package:flutter/src/widgets/framework.dart:2141:13)
#253    ComponentElement.visitChildren (package:flutter/src/widgets/framework.dart:5871:14)
#254    _InactiveElements._deactivateRecursively (package:flutter/src/widgets/framework.dart:2141:13)
#255    ComponentElement.visitChildren (package:flutter/src/widgets/framework.dart:5871:14)
#256    _InactiveElements._deactivateRecursively (package:flutter/src/widgets/framework.dart:2141:13)
#257    ComponentElement.visitChildren (package:flutter/src/widgets/framework.dart:5871:14)
#258    _InactiveElements._deactivateRecursively (package:flutter/src/widgets/framework.dart:2141:13)
#259    ComponentElement.visitChildren (package:flutter/src/widgets/framework.dart:5871:14)
#260    _InactiveElements._deactivateRecursively (package:flutter/src/widgets/framework.dart:2141:13)
#261    ComponentElement.visitChildren (package:flutter/src/widgets/framework.dart:5871:14)
#262    _InactiveElements._deactivateRecursively (package:flutter/src/widgets/framework.dart:2141:13)
#263    ComponentElement.visitChildren (package:flutter/src/widgets/framework.dart:5871:14)
#264    _InactiveElements._deactivateRecursively (package:flutter/src/widgets/framework.dart:2141:13)
#265    ComponentElement.visitChildren (package:flutter/src/widgets/framework.dart:5871:14)
#266    _InactiveElements._deactivateRecursively (package:flutter/src/widgets/framework.dart:2141:13)
#267    ComponentElement.visitChildren (package:flutter/src/widgets/framework.dart:5871:14)
#268    _InactiveElements._deactivateRecursively (package:flutter/src/widgets/framework.dart:2141:13)
#269    ComponentElement.visitChildren (package:flutter/src/widgets/framework.dart:5871:14)
#270    _InactiveElements._deactivateRecursively (package:flutter/src/widgets/framework.dart:2141:13)
#271    ComponentElement.visitChildren (package:flutter/src/widgets/framework.dart:5871:14)
#272    _InactiveElements._deactivateRecursively (package:flutter/src/widgets/framework.dart:2141:13)
#273    _InactiveElements.add (package:flutter/src/widgets/framework.dart:2155:9)
#274    Element.deactivateChild (package:flutter/src/widgets/framework.dart:4636:30)
#275    Element.updateChild (package:flutter/src/widgets/framework.dart:4048:9)
#276    ComponentElement.performRebuild (package:flutter/src/widgets/framework.dart:5841:16)
#277    Element.rebuild (package:flutter/src/widgets/framework.dart:5529:7)
#278    ProxyElement.update (package:flutter/src/widgets/framework.dart:6149:5)
#279    _InheritedNotifierElement.update (package:flutter/src/widgets/inherited_notifier.dart:108:11)
#280    Element.updateChild (package:flutter/src/widgets/framework.dart:4037:15)
#281    ComponentElement.performRebuild (package:flutter/src/widgets/framework.dart:5841:16)
#282    StatefulElement.performRebuild (package:flutter/src/widgets/framework.dart:5982:11)
#283    Element.rebuild (package:flutter/src/widgets/framework.dart:5529:7)
#284    StatefulElement.update (package:flutter/src/widgets/framework.dart:6007:5)
#285    Element.updateChild (package:flutter/src/widgets/framework.dart:4037:15)
#286    ComponentElement.performRebuild (package:flutter/src/widgets/framework.dart:5841:16)
#287    Element.rebuild (package:flutter/src/widgets/framework.dart:5529:7)
#288    ProxyElement.update (package:flutter/src/widgets/framework.dart:6149:5)
#289    _InheritedNotifierElement.update (package:flutter/src/widgets/inherited_notifier.dart:108:11)
#290    Element.updateChild (package:flutter/src/widgets/framework.dart:4037:15)
#291    ComponentElement.performRebuild (package:flutter/src/widgets/framework.dart:5841:16)
#292    StatefulElement.performRebuild (package:flutter/src/widgets/framework.dart:5982:11)
#293    Element.rebuild (package:flutter/src/widgets/framework.dart:5529:7)
#294    StatefulElement.update (package:flutter/src/widgets/framework.dart:6007:5)
#295    Element.updateChild (package:flutter/src/widgets/framework.dart:4037:15)
#296    ComponentElement.performRebuild (package:flutter/src/widgets/framework.dart:5841:16)
#297    StatefulElement.performRebuild (package:flutter/src/widgets/framework.dart:5982:11)
#298    Element.rebuild (package:flutter/src/widgets/framework.dart:5529:7)
#299    StatefulElement.update (package:flutter/src/widgets/framework.dart:6007:5)
#300    Element.updateChild (package:flutter/src/widgets/framework.dart:4037:15)
#301    ComponentElement.performRebuild (package:flutter/src/widgets/framework.dart:5841:16)
#302    Element.rebuild (package:flutter/src/widgets/framework.dart:5529:7)
#303    ProxyElement.update (package:flutter/src/widgets/framework.dart:6149:5)
#304    Element.updateChild (package:flutter/src/widgets/framework.dart:4037:15)
#305    ComponentElement.performRebuild (package:flutter/src/widgets/framework.dart:5841:16)
#306    StatefulElement.performRebuild (package:flutter/src/widgets/framework.dart:5982:11)
#307    Element.rebuild (package:flutter/src/widgets/framework.dart:5529:7)
#308    StatefulElement.update (package:flutter/src/widgets/framework.dart:6007:5)
#309    Element.updateChild (package:flutter/src/widgets/framework.dart:4037:15)
#310    ComponentElement.performRebuild (package:flutter/src/widgets/framework.dart:5841:16)
#311    Element.rebuild (package:flutter/src/widgets/framework.dart:5529:7)
#312    ProxyElement.update (package:flutter/src/widgets/framework.dart:6149:5)
#313    Element.updateChild (package:flutter/src/widgets/framework.dart:4037:15)
#314    ComponentElement.performRebuild (package:flutter/src/widgets/framework.dart:5841:16)
#315    Element.rebuild (package:flutter/src/widgets/framework.dart:5529:7)
#316    ProxyElement.update (package:flutter/src/widgets/framework.dart:6149:5)
#317    Element.updateChild (package:flutter/src/widgets/framework.dart:4037:15)
#318    _RawViewElement._updateChild (package:flutter/src/widgets/view.dart:481:16)
#319    _RawViewElement.update (package:flutter/src/widgets/view.dart:568:5)
#320    Element.updateChild (package:flutter/src/widgets/framework.dart:4037:15)
#321    ComponentElement.performRebuild (package:flutter/src/widgets/framework.dart:5841:16)
#322    Element.rebuild (package:flutter/src/widgets/framework.dart:5529:7)
#323    StatelessElement.update (package:flutter/src/widgets/framework.dart:5895:5)
#324    Element.updateChild (package:flutter/src/widgets/framework.dart:4037:15)
#325    ComponentElement.performRebuild (package:flutter/src/widgets/framework.dart:5841:16)
#326    StatefulElement.performRebuild (package:flutter/src/widgets/framework.dart:5982:11)
#327    Element.rebuild (package:flutter/src/widgets/framework.dart:5529:7)
#328    StatefulElement.update (package:flutter/src/widgets/framework.dart:6007:5)
#329    Element.updateChild (package:flutter/src/widgets/framework.dart:4037:15)
#330    RootElement._rebuild (package:flutter/src/widgets/binding.dart:1822:16)
#331    RootElement.update (package:flutter/src/widgets/binding.dart:1800:5)
#332    RootElement.performRebuild (package:flutter/src/widgets/binding.dart:1814:7)
#333    Element.rebuild (package:flutter/src/widgets/framework.dart:5529:7)
#334    BuildScope._tryRebuild (package:flutter/src/widgets/framework.dart:2750:15)
#335    BuildScope._flushDirtyElements (package:flutter/src/widgets/framework.dart:2807:11)
#336    BuildOwner.buildScope (package:flutter/src/widgets/framework.dart:3111:18)
#337    AutomatedTestWidgetsFlutterBinding.drawFrame (package:flutter_test/src/binding.dart:2131:19)
#338    RendererBinding._handlePersistentFrameCallback (package:flutter/src/rendering/binding.dart:495:5)
#339    SchedulerBinding._invokeFrameCallback (package:flutter/src/scheduler/binding.dart:1430:15)
#340    SchedulerBinding.handleDrawFrame (package:flutter/src/scheduler/binding.dart:1345:9)
#341    AutomatedTestWidgetsFlutterBinding.scheduleWarmUpFrame (package:flutter_test/src/binding.dart:2057:5)
#342    _runWidget (package:flutter/src/widgets/binding.dart:1683:7)
#343    runApp (package:flutter/src/widgets/binding.dart:1616:3)
#344    TestWidgetsFlutterBinding._runTestBody (package:flutter_test/src/binding.dart:1670:5)
#347    TestWidgetsFlutterBinding._runTest (package:flutter_test/src/binding.dart:1656:10)
#348    AutomatedTestWidgetsFlutterBinding.runTest.<anonymous closure> (package:flutter_test/src/binding.dart:2189:24)
#349    FakeAsync.run.<anonymous closure>.<anonymous closure> (package:fake_async/fake_async.dart:182:47)
#354    withClock (package:clock/src/default.dart:52:10)
#355    FakeAsync.run.<anonymous closure> (package:fake_async/fake_async.dart:182:15)
#360    FakeAsync.run (package:fake_async/fake_async.dart:181:52)
#361    AutomatedTestWidgetsFlutterBinding.runTest (package:flutter_test/src/binding.dart:2186:15)
#362    testWidgets.<anonymous closure> (package:flutter_test/src/widget_tester.dart:184:24)
#363    Declarer.test.<anonymous closure>.<anonymous closure> (package:test_api/src/backend/declarer.dart:253:25)
<asynchronous suspension>
#364    Declarer.test.<anonymous closure> (package:test_api/src/backend/declarer.dart:250:11)
<asynchronous suspension>
#365    Invoker._waitForOutstandingCallbacks.<anonymous closure> (package:test_api/src/backend/invoker.dart:318:9)
<asynchronous suspension>
(elided 12 frames from class _AssertionError and dart:async)

ΓòÉΓòÉΓòÉΓòÉΓòÉΓòÉΓòÉΓòÉΓòÉΓòÉΓòÉΓòÉΓòÉΓòÉΓòÉΓòÉΓòÉΓòÉΓòÉΓòÉΓòÉΓòÉΓòÉΓòÉΓòÉΓòÉΓòÉΓòÉΓòÉΓòÉΓòÉΓòÉΓòÉΓòÉΓòÉΓòÉΓòÉΓòÉΓòÉΓòÉΓòÉΓòÉΓòÉΓòÉΓòÉΓòÉΓòÉΓòÉΓòÉΓòÉΓòÉΓòÉΓòÉΓòÉΓòÉΓòÉΓòÉΓòÉΓòÉΓòÉΓòÉΓòÉΓòÉΓòÉΓòÉΓòÉΓòÉΓòÉΓòÉΓòÉΓòÉΓòÉΓòÉΓòÉΓòÉΓòÉΓòÉΓòÉΓòÉΓòÉΓòÉΓòÉΓòÉΓòÉΓòÉΓòÉΓòÉΓòÉΓòÉΓòÉΓòÉΓòÉΓòÉΓòÉΓòÉΓòÉΓòÉΓòÉΓòÉΓòÉ
ΓòÉΓòÉΓòí EXCEPTION CAUGHT BY WIDGETS LIBRARY Γò₧ΓòÉΓòÉΓòÉΓòÉΓòÉΓòÉΓòÉΓòÉΓòÉΓòÉΓòÉΓòÉΓòÉΓòÉΓòÉΓòÉΓòÉΓòÉΓòÉΓòÉΓòÉΓòÉΓòÉΓòÉΓòÉΓòÉΓòÉΓòÉΓòÉΓòÉΓòÉΓòÉΓòÉΓòÉΓòÉΓòÉΓòÉΓòÉΓòÉΓòÉΓòÉΓòÉΓòÉΓòÉΓòÉΓòÉΓòÉΓòÉΓòÉΓòÉΓòÉΓòÉΓòÉΓòÉΓòÉΓòÉΓòÉΓòÉΓòÉ
The following StateError was thrown building BlocListener<RoomBloc, RoomState>(bloc: MockRoomBloc,
has listener, state: _BlocListenerBaseState<RoomBloc, RoomState>#bd836):
Bad state: GetIt: Object/factory with type BrightnessService is not registered inside GetIt.
(Did you accidentally do GetIt sl=GetIt.instance(); instead of GetIt sl=GetIt.instance;
Did you forget to register it?)

The relevant error-causing widget was:
  BlocListener<RoomBloc, RoomState>
  BlocListener:file:///C:/Users/musta/AppData/Local/Pub/Cache/hosted/pub.dev/flutter_bloc-8.1.6/lib/src/bloc_builder.dart:184:12

When the exception was thrown, this was the stack:
#0      throwIfNot (package:get_it/get_it_impl.dart:14:19)
#1      _GetItImplementation._findFactoryByNameAndType (package:get_it/get_it_impl.dart:435:5)
#2      _GetItImplementation.get (package:get_it/get_it_impl.dart:463:29)
#3      _GetItImplementation.call (package:get_it/get_it_impl.dart:554:12)
#4      new _PlayerGestureLayerState (package:watch_party/features/player/widgets/player_gesture_layer.dart:36:22)
#5      PlayerGestureLayer.createState (package:watch_party/features/player/widgets/player_gesture_layer.dart:31:46)
#6      new StatefulElement (package:flutter/src/widgets/framework.dart:5902:60)
#7      StatefulWidget.createElement (package:flutter/src/widgets/framework.dart:779:38)
#8      Element.inflateWidget (package:flutter/src/widgets/framework.dart:4574:59)
#9      MultiChildRenderObjectElement.inflateWidget (package:flutter/src/widgets/framework.dart:7264:36)
#10     MultiChildRenderObjectElement.mount (package:flutter/src/widgets/framework.dart:7279:32)
...     Normal element mounting (12 frames)
#22     SingleChildWidgetElementMixin.mount (package:nested/nested.dart:222:11)
...     Normal element mounting (41 frames)
#63     Element.inflateWidget (package:flutter/src/widgets/framework.dart:4587:20)
#64     MultiChildRenderObjectElement.inflateWidget (package:flutter/src/widgets/framework.dart:7264:36)
#65     MultiChildRenderObjectElement.mount (package:flutter/src/widgets/framework.dart:7279:32)
...     Normal element mounting (121 frames)
#186    SingleChildWidgetElementMixin.mount (package:nested/nested.dart:222:11)
...     Normal element mounting (7 frames)
#193    _NestedHookElement.mount (package:nested/nested.dart:187:11)
...     Normal element mounting (9 frames)
#202    SingleChildWidgetElementMixin.mount (package:nested/nested.dart:222:11)
...     Normal element mounting (7 frames)
#209    _NestedHookElement.mount (package:nested/nested.dart:187:11)
...     Normal element mounting (7 frames)
#216    SingleChildWidgetElementMixin.mount (package:nested/nested.dart:222:11)
...     Normal element mounting (15 frames)
#231    _InheritedProviderScopeElement.mount (package:provider/src/inherited_provider.dart:424:11)
...     Normal element mounting (7 frames)
#238    SingleChildWidgetElementMixin.mount (package:nested/nested.dart:222:11)
...     Normal element mounting (7 frames)
#245    SingleChildWidgetElementMixin.mount (package:nested/nested.dart:222:11)
...     Normal element mounting (7 frames)
#252    _NestedHookElement.mount (package:nested/nested.dart:187:11)
...     Normal element mounting (7 frames)
#259    _InheritedProviderScopeElement.mount (package:provider/src/inherited_provider.dart:424:11)
...     Normal element mounting (7 frames)
#266    SingleChildWidgetElementMixin.mount (package:nested/nested.dart:222:11)
...     Normal element mounting (7 frames)
#273    SingleChildWidgetElementMixin.mount (package:nested/nested.dart:222:11)
...     Normal element mounting (7 frames)
#280    _NestedHookElement.mount (package:nested/nested.dart:187:11)
...     Normal element mounting (7 frames)
#287    SingleChildWidgetElementMixin.mount (package:nested/nested.dart:222:11)
...     Normal element mounting (13 frames)
#300    _InheritedProviderScopeElement.mount (package:provider/src/inherited_provider.dart:424:11)
...     Normal element mounting (7 frames)
#307    SingleChildWidgetElementMixin.mount (package:nested/nested.dart:222:11)
...     Normal element mounting (7 frames)
#314    SingleChildWidgetElementMixin.mount (package:nested/nested.dart:222:11)
...     Normal element mounting (7 frames)
#321    _NestedHookElement.mount (package:nested/nested.dart:187:11)
...     Normal element mounting (7 frames)
#328    _InheritedProviderScopeElement.mount (package:provider/src/inherited_provider.dart:424:11)
...     Normal element mounting (7 frames)
#335    SingleChildWidgetElementMixin.mount (package:nested/nested.dart:222:11)
...     Normal element mounting (7 frames)
#342    SingleChildWidgetElementMixin.mount (package:nested/nested.dart:222:11)
...     Normal element mounting (7 frames)
#349    _NestedHookElement.mount (package:nested/nested.dart:187:11)
...     Normal element mounting (7 frames)
#356    SingleChildWidgetElementMixin.mount (package:nested/nested.dart:222:11)
...     Normal element mounting (260 frames)
#616    Element.inflateWidget (package:flutter/src/widgets/framework.dart:4587:20)
#617    MultiChildRenderObjectElement.inflateWidget (package:flutter/src/widgets/framework.dart:7264:36)
#618    MultiChildRenderObjectElement.mount (package:flutter/src/widgets/framework.dart:7279:32)
...     Normal element mounting (467 frames)
#1085   Element.inflateWidget (package:flutter/src/widgets/framework.dart:4587:20)
#1086   Element.updateChild (package:flutter/src/widgets/framework.dart:4053:20)
#1087   ComponentElement.performRebuild (package:flutter/src/widgets/framework.dart:5841:16)
#1088   Element.rebuild (package:flutter/src/widgets/framework.dart:5529:7)
#1089   ProxyElement.update (package:flutter/src/widgets/framework.dart:6149:5)
#1090   _InheritedNotifierElement.update (package:flutter/src/widgets/inherited_notifier.dart:108:11)
#1091   Element.updateChild (package:flutter/src/widgets/framework.dart:4037:15)
#1092   ComponentElement.performRebuild (package:flutter/src/widgets/framework.dart:5841:16)
#1093   StatefulElement.performRebuild (package:flutter/src/widgets/framework.dart:5982:11)
#1094   Element.rebuild (package:flutter/src/widgets/framework.dart:5529:7)
#1095   StatefulElement.update (package:flutter/src/widgets/framework.dart:6007:5)
#1096   Element.updateChild (package:flutter/src/widgets/framework.dart:4037:15)
#1097   ComponentElement.performRebuild (package:flutter/src/widgets/framework.dart:5841:16)
#1098   Element.rebuild (package:flutter/src/widgets/framework.dart:5529:7)
#1099   ProxyElement.update (package:flutter/src/widgets/framework.dart:6149:5)
#1100   _InheritedNotifierElement.update (package:flutter/src/widgets/inherited_notifier.dart:108:11)
#1101   Element.updateChild (package:flutter/src/widgets/framework.dart:4037:15)
#1102   ComponentElement.performRebuild (package:flutter/src/widgets/framework.dart:5841:16)
#1103   StatefulElement.performRebuild (package:flutter/src/widgets/framework.dart:5982:11)
#1104   Element.rebuild (package:flutter/src/widgets/framework.dart:5529:7)
#1105   StatefulElement.update (package:flutter/src/widgets/framework.dart:6007:5)
#1106   Element.updateChild (package:flutter/src/widgets/framework.dart:4037:15)
#1107   ComponentElement.performRebuild (package:flutter/src/widgets/framework.dart:5841:16)
#1108   StatefulElement.performRebuild (package:flutter/src/widgets/framework.dart:5982:11)
#1109   Element.rebuild (package:flutter/src/widgets/framework.dart:5529:7)
#1110   StatefulElement.update (package:flutter/src/widgets/framework.dart:6007:5)
#1111   Element.updateChild (package:flutter/src/widgets/framework.dart:4037:15)
#1112   ComponentElement.performRebuild (package:flutter/src/widgets/framework.dart:5841:16)
#1113   Element.rebuild (package:flutter/src/widgets/framework.dart:5529:7)
#1114   ProxyElement.update (package:flutter/src/widgets/framework.dart:6149:5)
#1115   Element.updateChild (package:flutter/src/widgets/framework.dart:4037:15)
#1116   ComponentElement.performRebuild (package:flutter/src/widgets/framework.dart:5841:16)
#1117   StatefulElement.performRebuild (package:flutter/src/widgets/framework.dart:5982:11)
#1118   Element.rebuild (package:flutter/src/widgets/framework.dart:5529:7)
#1119   StatefulElement.update (package:flutter/src/widgets/framework.dart:6007:5)
#1120   Element.updateChild (package:flutter/src/widgets/framework.dart:4037:15)
#1121   ComponentElement.performRebuild (package:flutter/src/widgets/framework.dart:5841:16)
#1122   Element.rebuild (package:flutter/src/widgets/framework.dart:5529:7)
#1123   ProxyElement.update (package:flutter/src/widgets/framework.dart:6149:5)
#1124   Element.updateChild (package:flutter/src/widgets/framework.dart:4037:15)
#1125   ComponentElement.performRebuild (package:flutter/src/widgets/framework.dart:5841:16)
#1126   Element.rebuild (package:flutter/src/widgets/framework.dart:5529:7)
#1127   ProxyElement.update (package:flutter/src/widgets/framework.dart:6149:5)
#1128   Element.updateChild (package:flutter/src/widgets/framework.dart:4037:15)
#1129   _RawViewElement._updateChild (package:flutter/src/widgets/view.dart:481:16)
#1130   _RawViewElement.update (package:flutter/src/widgets/view.dart:568:5)
#1131   Element.updateChild (package:flutter/src/widgets/framework.dart:4037:15)
#1132   ComponentElement.performRebuild (package:flutter/src/widgets/framework.dart:5841:16)
#1133   Element.rebuild (package:flutter/src/widgets/framework.dart:5529:7)
#1134   StatelessElement.update (package:flutter/src/widgets/framework.dart:5895:5)
#1135   Element.updateChild (package:flutter/src/widgets/framework.dart:4037:15)
#1136   ComponentElement.performRebuild (package:flutter/src/widgets/framework.dart:5841:16)
#1137   StatefulElement.performRebuild (package:flutter/src/widgets/framework.dart:5982:11)
#1138   Element.rebuild (package:flutter/src/widgets/framework.dart:5529:7)
#1139   StatefulElement.update (package:flutter/src/widgets/framework.dart:6007:5)
#1140   Element.updateChild (package:flutter/src/widgets/framework.dart:4037:15)
#1141   RootElement._rebuild (package:flutter/src/widgets/binding.dart:1822:16)
#1142   RootElement.update (package:flutter/src/widgets/binding.dart:1800:5)
#1143   RootElement.performRebuild (package:flutter/src/widgets/binding.dart:1814:7)
#1144   Element.rebuild (package:flutter/src/widgets/framework.dart:5529:7)
#1145   BuildScope._tryRebuild (package:flutter/src/widgets/framework.dart:2750:15)
#1146   BuildScope._flushDirtyElements (package:flutter/src/widgets/framework.dart:2807:11)
#1147   BuildOwner.buildScope (package:flutter/src/widgets/framework.dart:3111:18)
#1148   AutomatedTestWidgetsFlutterBinding.drawFrame (package:flutter_test/src/binding.dart:2131:19)
#1149   RendererBinding._handlePersistentFrameCallback (package:flutter/src/rendering/binding.dart:495:5)
#1150   SchedulerBinding._invokeFrameCallback (package:flutter/src/scheduler/binding.dart:1430:15)
#1151   SchedulerBinding.handleDrawFrame (package:flutter/src/scheduler/binding.dart:1345:9)
#1152   AutomatedTestWidgetsFlutterBinding.pump.<anonymous closure> (package:flutter_test/src/binding.dart:1960:9)
#1155   TestAsyncUtils.guard (package:flutter_test/src/test_async_utils.dart:74:41)
#1156   AutomatedTestWidgetsFlutterBinding.pump (package:flutter_test/src/binding.dart:1949:27)
#1157   WidgetTester.pumpWidget.<anonymous closure> (package:flutter_test/src/widget_tester.dart:598:22)
#1160   TestAsyncUtils.guard (package:flutter_test/src/test_async_utils.dart:74:41)
#1161   WidgetTester.pumpWidget (package:flutter_test/src/widget_tester.dart:595:27)
#1162   main.<anonymous closure> (file:///D:/projects/MoonWatch/client/test/features/player/screens/watch_screen_test.dart:282:20)
#1163   testWidgets.<anonymous closure>.<anonymous closure> (package:flutter_test/src/widget_tester.dart:192:29)
<asynchronous suspension>
#1164   TestWidgetsFlutterBinding._runTestBody (package:flutter_test/src/binding.dart:1682:5)
<asynchronous suspension>
<asynchronous suspension>
(elided 5 frames from dart:async and package:stack_trace)

ΓòÉΓòÉΓòÉΓòÉΓòÉΓòÉΓòÉΓòÉΓòÉΓòÉΓòÉΓòÉΓòÉΓòÉΓòÉΓòÉΓòÉΓòÉΓòÉΓòÉΓòÉΓòÉΓòÉΓòÉΓòÉΓòÉΓòÉΓòÉΓòÉΓòÉΓòÉΓòÉΓòÉΓòÉΓòÉΓòÉΓòÉΓòÉΓòÉΓòÉΓòÉΓòÉΓòÉΓòÉΓòÉΓòÉΓòÉΓòÉΓòÉΓòÉΓòÉΓòÉΓòÉΓòÉΓòÉΓòÉΓòÉΓòÉΓòÉΓòÉΓòÉΓòÉΓòÉΓòÉΓòÉΓòÉΓòÉΓòÉΓòÉΓòÉΓòÉΓòÉΓòÉΓòÉΓòÉΓòÉΓòÉΓòÉΓòÉΓòÉΓòÉΓòÉΓòÉΓòÉΓòÉΓòÉΓòÉΓòÉΓòÉΓòÉΓòÉΓòÉΓòÉΓòÉΓòÉΓòÉΓòÉΓòÉΓòÉΓòÉ
[38;5;12m≡ƒÆí [WatchScreen] [PLAYER_INIT_SOURCE] source=room_active, key=episode|197312|m3u8[0m
ΓòÉΓòÉΓòí EXCEPTION CAUGHT BY WIDGETS LIBRARY Γò₧ΓòÉΓòÉΓòÉΓòÉΓòÉΓòÉΓòÉΓòÉΓòÉΓòÉΓòÉΓòÉΓòÉΓòÉΓòÉΓòÉΓòÉΓòÉΓòÉΓòÉΓòÉΓòÉΓòÉΓòÉΓòÉΓòÉΓòÉΓòÉΓòÉΓòÉΓòÉΓòÉΓòÉΓòÉΓòÉΓòÉΓòÉΓòÉΓòÉΓòÉΓòÉΓòÉΓòÉΓòÉΓòÉΓòÉΓòÉΓòÉΓòÉΓòÉΓòÉΓòÉΓòÉΓòÉΓòÉΓòÉΓòÉΓòÉΓòÉ
The following StateError was thrown building BlocListener<RoomBloc, RoomState>(bloc: MockRoomBloc,
has listener, state: _BlocListenerBaseState<RoomBloc, RoomState>#bd836):
Bad state: GetIt: Object/factory with type BrightnessService is not registered inside GetIt.
(Did you accidentally do GetIt sl=GetIt.instance(); instead of GetIt sl=GetIt.instance;
Did you forget to register it?)

The relevant error-causing widget was:
  BlocListener<RoomBloc, RoomState>
  BlocListener:file:///C:/Users/musta/AppData/Local/Pub/Cache/hosted/pub.dev/flutter_bloc-8.1.6/lib/src/bloc_builder.dart:184:12

When the exception was thrown, this was the stack:
#0      throwIfNot (package:get_it/get_it_impl.dart:14:19)
#1      _GetItImplementation._findFactoryByNameAndType (package:get_it/get_it_impl.dart:435:5)
#2      _GetItImplementation.get (package:get_it/get_it_impl.dart:463:29)
#3      _GetItImplementation.call (package:get_it/get_it_impl.dart:554:12)
#4      new _PlayerGestureLayerState (package:watch_party/features/player/widgets/player_gesture_layer.dart:36:22)
#5      PlayerGestureLayer.createState (package:watch_party/features/player/widgets/player_gesture_layer.dart:31:46)
#6      new StatefulElement (package:flutter/src/widgets/framework.dart:5902:60)
#7      StatefulWidget.createElement (package:flutter/src/widgets/framework.dart:779:38)
#8      Element.inflateWidget (package:flutter/src/widgets/framework.dart:4574:59)
#9      MultiChildRenderObjectElement.inflateWidget (package:flutter/src/widgets/framework.dart:7264:36)
#10     MultiChildRenderObjectElement.mount (package:flutter/src/widgets/framework.dart:7279:32)
...     Normal element mounting (4 frames)
#14     Element.inflateWidget (package:flutter/src/widgets/framework.dart:4587:20)
#15     Element.updateChild (package:flutter/src/widgets/framework.dart:4053:20)
#16     ComponentElement.performRebuild (package:flutter/src/widgets/framework.dart:5841:16)
#17     StatefulElement.performRebuild (package:flutter/src/widgets/framework.dart:5982:11)
#18     Element.rebuild (package:flutter/src/widgets/framework.dart:5529:7)
#19     StatefulElement.update (package:flutter/src/widgets/framework.dart:6007:5)
#20     Element.updateChild (package:flutter/src/widgets/framework.dart:4037:15)
#21     ComponentElement.performRebuild (package:flutter/src/widgets/framework.dart:5841:16)
#22     StatefulElement.performRebuild (package:flutter/src/widgets/framework.dart:5982:11)
#23     Element.rebuild (package:flutter/src/widgets/framework.dart:5529:7)
#24     BuildScope._tryRebuild (package:flutter/src/widgets/framework.dart:2750:15)
#25     BuildScope._flushDirtyElements (package:flutter/src/widgets/framework.dart:2807:11)
#26     BuildOwner.buildScope (package:flutter/src/widgets/framework.dart:3111:18)
#27     AutomatedTestWidgetsFlutterBinding.drawFrame (package:flutter_test/src/binding.dart:2131:19)
#28     RendererBinding._handlePersistentFrameCallback (package:flutter/src/rendering/binding.dart:495:5)
#29     SchedulerBinding._invokeFrameCallback (package:flutter/src/scheduler/binding.dart:1430:15)
#30     SchedulerBinding.handleDrawFrame (package:flutter/src/scheduler/binding.dart:1345:9)
#31     AutomatedTestWidgetsFlutterBinding.pump.<anonymous closure> (package:flutter_test/src/binding.dart:1960:9)
#34     TestAsyncUtils.guard (package:flutter_test/src/test_async_utils.dart:74:41)
#35     AutomatedTestWidgetsFlutterBinding.pump (package:flutter_test/src/binding.dart:1949:27)
#36     WidgetTester.pump.<anonymous closure> (package:flutter_test/src/widget_tester.dart:652:53)
#39     TestAsyncUtils.guard (package:flutter_test/src/test_async_utils.dart:74:41)
#40     WidgetTester.pump (package:flutter_test/src/widget_tester.dart:652:27)
#41     main.<anonymous closure> (file:///D:/projects/MoonWatch/client/test/features/player/screens/watch_screen_test.dart:283:20)
<asynchronous suspension>
#42     testWidgets.<anonymous closure>.<anonymous closure> (package:flutter_test/src/widget_tester.dart:192:15)
<asynchronous suspension>
#43     TestWidgetsFlutterBinding._runTestBody (package:flutter_test/src/binding.dart:1682:5)
<asynchronous suspension>
<asynchronous suspension>
(elided 5 frames from dart:async and package:stack_trace)

ΓòÉΓòÉΓòÉΓòÉΓòÉΓòÉΓòÉΓòÉΓòÉΓòÉΓòÉΓòÉΓòÉΓòÉΓòÉΓòÉΓòÉΓòÉΓòÉΓòÉΓòÉΓòÉΓòÉΓòÉΓòÉΓòÉΓòÉΓòÉΓòÉΓòÉΓòÉΓòÉΓòÉΓòÉΓòÉΓòÉΓòÉΓòÉΓòÉΓòÉΓòÉΓòÉΓòÉΓòÉΓòÉΓòÉΓòÉΓòÉΓòÉΓòÉΓòÉΓòÉΓòÉΓòÉΓòÉΓòÉΓòÉΓòÉΓòÉΓòÉΓòÉΓòÉΓòÉΓòÉΓòÉΓòÉΓòÉΓòÉΓòÉΓòÉΓòÉΓòÉΓòÉΓòÉΓòÉΓòÉΓòÉΓòÉΓòÉΓòÉΓòÉΓòÉΓòÉΓòÉΓòÉΓòÉΓòÉΓòÉΓòÉΓòÉΓòÉΓòÉΓòÉΓòÉΓòÉΓòÉΓòÉΓòÉΓòÉΓòÉ
ΓòÉΓòÉΓòí EXCEPTION CAUGHT BY FLUTTER TEST FRAMEWORK Γò₧ΓòÉΓòÉΓòÉΓòÉΓòÉΓòÉΓòÉΓòÉΓòÉΓòÉΓòÉΓòÉΓòÉΓòÉΓòÉΓòÉΓòÉΓòÉΓòÉΓòÉΓòÉΓòÉΓòÉΓòÉΓòÉΓòÉΓòÉΓòÉΓòÉΓòÉΓòÉΓòÉΓòÉΓòÉΓòÉΓòÉΓòÉΓòÉΓòÉΓòÉΓòÉΓòÉΓòÉΓòÉΓòÉΓòÉΓòÉΓòÉΓòÉΓòÉΓòÉΓòÉ
The following message was thrown:
Multiple exceptions (3) were detected during the running of the current test, and at least one was
unexpected.
ΓòÉΓòÉΓòÉΓòÉΓòÉΓòÉΓòÉΓòÉΓòÉΓòÉΓòÉΓòÉΓòÉΓòÉΓòÉΓòÉΓòÉΓòÉΓòÉΓòÉΓòÉΓòÉΓòÉΓòÉΓòÉΓòÉΓòÉΓòÉΓòÉΓòÉΓòÉΓòÉΓòÉΓòÉΓòÉΓòÉΓòÉΓòÉΓòÉΓòÉΓòÉΓòÉΓòÉΓòÉΓòÉΓòÉΓòÉΓòÉΓòÉΓòÉΓòÉΓòÉΓòÉΓòÉΓòÉΓòÉΓòÉΓòÉΓòÉΓòÉΓòÉΓòÉΓòÉΓòÉΓòÉΓòÉΓòÉΓòÉΓòÉΓòÉΓòÉΓòÉΓòÉΓòÉΓòÉΓòÉΓòÉΓòÉΓòÉΓòÉΓòÉΓòÉΓòÉΓòÉΓòÉΓòÉΓòÉΓòÉΓòÉΓòÉΓòÉΓòÉΓòÉΓòÉΓòÉΓòÉΓòÉΓòÉΓòÉΓòÉ
00:01 +26 -2: D:/projects/MoonWatch/client/test/features/reconnect/reconnect_bloc_test.dart: ReconnectBloc ΓÇö AttemptRejoin AttemptRejoin when invoke throws ΓåÆ Failed(rejoin_error)
00:01 +26 -2: D:/projects/MoonWatch/client/test/features/player/screens/watch_screen_test.dart: repeated identical active states do not dispatch a duplicate initialize [E]
  Test failed. See exception logs above.
  The test description was: repeated identical active states do not dispatch a duplicate initialize
  
00:01 +27 -2: D:/projects/MoonWatch/client/test/features/reconnect/reconnect_bloc_test.dart: ReconnectBloc ΓÇö AttemptRejoin AttemptRejoin when invoke throws ΓåÆ Failed(rejoin_error)
00:01 +28 -2: D:/projects/MoonWatch/client/test/features/reconnect/reconnect_bloc_test.dart: ReconnectBloc ΓÇö AttemptRejoin AttemptRejoin when invoke throws ΓåÆ Failed(rejoin_error)
00:01 +28 -2: D:/projects/MoonWatch/client/test/features/player/screens/watch_screen_test.dart: different content keys each dispatch exactly one initialize
ΓòÉΓòÉΓòí EXCEPTION CAUGHT BY WIDGETS LIBRARY Γò₧ΓòÉΓòÉΓòÉΓòÉΓòÉΓòÉΓòÉΓòÉΓòÉΓòÉΓòÉΓòÉΓòÉΓòÉΓòÉΓòÉΓòÉΓòÉΓòÉΓòÉΓòÉΓòÉΓòÉΓòÉΓòÉΓòÉΓòÉΓòÉΓòÉΓòÉΓòÉΓòÉΓòÉΓòÉΓòÉΓòÉΓòÉΓòÉΓòÉΓòÉΓòÉΓòÉΓòÉΓòÉΓòÉΓòÉΓòÉΓòÉΓòÉΓòÉΓòÉΓòÉΓòÉΓòÉΓòÉΓòÉΓòÉΓòÉΓòÉ
The following assertion was thrown building _FocusInheritedScope:
'package:flutter/src/widgets/framework.dart': Failed assertion: line 6268 pos 12:
'_dependents.isEmpty': is not true.

Either the assertion indicates an error in the framework itself, or we should provide substantially
more information in this error message to help you determine and fix the underlying cause.
In either case, please report this assertion by filing a bug on GitHub:
  https://github.com/flutter/flutter/issues/new?template=02_bug.yml

When the exception was thrown, this was the stack:
#2      InheritedElement.debugDeactivated (package:flutter/src/widgets/framework.dart:6268:12)
#3      _InactiveElements._deactivateRecursively.<anonymous closure> (package:flutter/src/widgets/framework.dart:2143:15)
#4      _InactiveElements._deactivateRecursively (package:flutter/src/widgets/framework.dart:2145:6)
#5      ComponentElement.visitChildren (package:flutter/src/widgets/framework.dart:5871:14)
#6      _InactiveElements._deactivateRecursively (package:flutter/src/widgets/framework.dart:2141:13)
#7      ComponentElement.visitChildren (package:flutter/src/widgets/framework.dart:5871:14)
#8      _InactiveElements._deactivateRecursively (package:flutter/src/widgets/framework.dart:2141:13)
#9      ComponentElement.visitChildren (package:flutter/src/widgets/framework.dart:5871:14)
#10     _InactiveElements._deactivateRecursively (package:flutter/src/widgets/framework.dart:2141:13)
#11     ComponentElement.visitChildren (package:flutter/src/widgets/framework.dart:5871:14)
#12     _InactiveElements._deactivateRecursively (package:flutter/src/widgets/framework.dart:2141:13)
#13     ComponentElement.visitChildren (package:flutter/src/widgets/framework.dart:5871:14)
#14     _InactiveElements._deactivateRecursively (package:flutter/src/widgets/framework.dart:2141:13)
#15     ComponentElement.visitChildren (package:flutter/src/widgets/framework.dart:5871:14)
#16     _InactiveElements._deactivateRecursively (package:flutter/src/widgets/framework.dart:2141:13)
#17     ComponentElement.visitChildren (package:flutter/src/widgets/framework.dart:5871:14)
#18     _InactiveElements._deactivateRecursively (package:flutter/src/widgets/framework.dart:2141:13)
#19     ComponentElement.visitChildren (package:flutter/src/widgets/framework.dart:5871:14)
#20     _InactiveElements._deactivateRecursively (package:flutter/src/widgets/framework.dart:2141:13)
#21     ComponentElement.visitChildren (package:flutter/src/widgets/framework.dart:5871:14)
#22     _InactiveElements._deactivateRecursively (package:flutter/src/widgets/framework.dart:2141:13)
#23     ComponentElement.visitChildren (package:flutter/src/widgets/framework.dart:5871:14)
#24     _InactiveElements._deactivateRecursively (package:flutter/src/widgets/framework.dart:2141:13)
#25     ComponentElement.visitChildren (package:flutter/src/widgets/framework.dart:5871:14)
#26     _InactiveElements._deactivateRecursively (package:flutter/src/widgets/framework.dart:2141:13)
#27     ComponentElement.visitChildren (package:flutter/src/widgets/framework.dart:5871:14)
#28     _InactiveElements._deactivateRecursively (package:flutter/src/widgets/framework.dart:2141:13)
#29     ComponentElement.visitChildren (package:flutter/src/widgets/framework.dart:5871:14)
#30     _InactiveElements._deactivateRecursively (package:flutter/src/widgets/framework.dart:2141:13)
#31     ComponentElement.visitChildren (package:flutter/src/widgets/framework.dart:5871:14)
#32     _InactiveElements._deactivateRecursively (package:flutter/src/widgets/framework.dart:2141:13)
#33     SingleChildRenderObjectElement.visitChildren (package:flutter/src/widgets/framework.dart:7101:14)
#34     _InactiveElements._deactivateRecursively (package:flutter/src/widgets/framework.dart:2141:13)
#35     ComponentElement.visitChildren (package:flutter/src/widgets/framework.dart:5871:14)
#36     _InactiveElements._deactivateRecursively (package:flutter/src/widgets/framework.dart:2141:13)
#37     SingleChildRenderObjectElement.visitChildren (package:flutter/src/widgets/framework.dart:7101:14)
#38     _InactiveElements._deactivateRecursively (package:flutter/src/widgets/framework.dart:2141:13)
#39     SingleChildRenderObjectElement.visitChildren (package:flutter/src/widgets/framework.dart:7101:14)
#40     _InactiveElements._deactivateRecursively (package:flutter/src/widgets/framework.dart:2141:13)
#41     ComponentElement.visitChildren (package:flutter/src/widgets/framework.dart:5871:14)
#42     _InactiveElements._deactivateRecursively (package:flutter/src/widgets/framework.dart:2141:13)
#43     SingleChildRenderObjectElement.visitChildren (package:flutter/src/widgets/framework.dart:7101:14)
#44     _InactiveElements._deactivateRecursively (package:flutter/src/widgets/framework.dart:2141:13)
#45     ComponentElement.visitChildren (package:flutter/src/widgets/framework.dart:5871:14)
#46     _InactiveElements._deactivateRecursively (package:flutter/src/widgets/framework.dart:2141:13)
#47     SingleChildRenderObjectElement.visitChildren (package:flutter/src/widgets/framework.dart:7101:14)
#48     _InactiveElements._deactivateRecursively (package:flutter/src/widgets/framework.dart:2141:13)
#49     SingleChildRenderObjectElement.visitChildren (package:flutter/src/widgets/framework.dart:7101:14)
#50     _InactiveElements._deactivateRecursively (package:flutter/src/widgets/framework.dart:2141:13)
#51     ComponentElement.visitChildren (package:flutter/src/widgets/framework.dart:5871:14)
#52     _InactiveElements._deactivateRecursively (package:flutter/src/widgets/framework.dart:2141:13)
#53     SingleChildRenderObjectElement.visitChildren (package:flutter/src/widgets/framework.dart:7101:14)
#54     _InactiveElements._deactivateRecursively (package:flutter/src/widgets/framework.dart:2141:13)
#55     ComponentElement.visitChildren (package:flutter/src/widgets/framework.dart:5871:14)
#56     _InactiveElements._deactivateRecursively (package:flutter/src/widgets/framework.dart:2141:13)
#57     SingleChildRenderObjectElement.visitChildren (package:flutter/src/widgets/framework.dart:7101:14)
#58     _InactiveElements._deactivateRecursively (package:flutter/src/widgets/framework.dart:2141:13)
#59     SingleChildRenderObjectElement.visitChildren (package:flutter/src/widgets/framework.dart:7101:14)
#60     _InactiveElements._deactivateRecursively (package:flutter/src/widgets/framework.dart:2141:13)
#61     ComponentElement.visitChildren (package:flutter/src/widgets/framework.dart:5871:14)
#62     _InactiveElements._deactivateRecursively (package:flutter/src/widgets/framework.dart:2141:13)
#63     SingleChildRenderObjectElement.visitChildren (package:flutter/src/widgets/framework.dart:7101:14)
#64     _InactiveElements._deactivateRecursively (package:flutter/src/widgets/framework.dart:2141:13)
#65     SingleChildRenderObjectElement.visitChildren (package:flutter/src/widgets/framework.dart:7101:14)
#66     _InactiveElements._deactivateRecursively (package:flutter/src/widgets/framework.dart:2141:13)
#67     SingleChildRenderObjectElement.visitChildren (package:flutter/src/widgets/framework.dart:7101:14)
#68     _InactiveElements._deactivateRecursively (package:flutter/src/widgets/framework.dart:2141:13)
#69     ComponentElement.visitChildren (package:flutter/src/widgets/framework.dart:5871:14)
#70     _InactiveElements._deactivateRecursively (package:flutter/src/widgets/framework.dart:2141:13)
#71     SingleChildRenderObjectElement.visitChildren (package:flutter/src/widgets/framework.dart:7101:14)
#72     _InactiveElements._deactivateRecursively (package:flutter/src/widgets/framework.dart:2141:13)
#73     ComponentElement.visitChildren (package:flutter/src/widgets/framework.dart:5871:14)
#74     _InactiveElements._deactivateRecursively (package:flutter/src/widgets/framework.dart:2141:13)
#75     ComponentElement.visitChildren (package:flutter/src/widgets/framework.dart:5871:14)
#76     _InactiveElements._deactivateRecursively (package:flutter/src/widgets/framework.dart:2141:13)
#77     ComponentElement.visitChildren (package:flutter/src/widgets/framework.dart:5871:14)
#78     _InactiveElements._deactivateRecursively (package:flutter/src/widgets/framework.dart:2141:13)
#79     ComponentElement.visitChildren (package:flutter/src/widgets/framework.dart:5871:14)
#80     _InactiveElements._deactivateRecursively (package:flutter/src/widgets/framework.dart:2141:13)
#81     ComponentElement.visitChildren (package:flutter/src/widgets/framework.dart:5871:14)
#82     _InactiveElements._deactivateRecursively (package:flutter/src/widgets/framework.dart:2141:13)
#83     SingleChildRenderObjectElement.visitChildren (package:flutter/src/widgets/framework.dart:7101:14)
#84     _InactiveElements._deactivateRecursively (package:flutter/src/widgets/framework.dart:2141:13)
#85     ComponentElement.visitChildren (package:flutter/src/widgets/framework.dart:5871:14)
#86     _InactiveElements._deactivateRecursively (package:flutter/src/widgets/framework.dart:2141:13)
#87     SingleChildRenderObjectElement.visitChildren (package:flutter/src/widgets/framework.dart:7101:14)
#88     _InactiveElements._deactivateRecursively (package:flutter/src/widgets/framework.dart:2141:13)
#89     ComponentElement.visitChildren (package:flutter/src/widgets/framework.dart:5871:14)
#90     _InactiveElements._deactivateRecursively (package:flutter/src/widgets/framework.dart:2141:13)
#91     ComponentElement.visitChildren (package:flutter/src/widgets/framework.dart:5871:14)
#92     _InactiveElements._deactivateRecursively (package:flutter/src/widgets/framework.dart:2141:13)
#93     ComponentElement.visitChildren (package:flutter/src/widgets/framework.dart:5871:14)
#94     _InactiveElements._deactivateRecursively (package:flutter/src/widgets/framework.dart:2141:13)
#95     ComponentElement.visitChildren (package:flutter/src/widgets/framework.dart:5871:14)
#96     _InactiveElements._deactivateRecursively (package:flutter/src/widgets/framework.dart:2141:13)
#97     ComponentElement.visitChildren (package:flutter/src/widgets/framework.dart:5871:14)
#98     _InactiveElements._deactivateRecursively (package:flutter/src/widgets/framework.dart:2141:13)
#99     ComponentElement.visitChildren (package:flutter/src/widgets/framework.dart:5871:14)
#100    _InactiveElements._deactivateRecursively (package:flutter/src/widgets/framework.dart:2141:13)
#101    SingleChildRenderObjectElement.visitChildren (package:flutter/src/widgets/framework.dart:7101:14)
#102    _InactiveElements._deactivateRecursively (package:flutter/src/widgets/framework.dart:2141:13)
#103    ComponentElement.visitChildren (package:flutter/src/widgets/framework.dart:5871:14)
#104    _InactiveElements._deactivateRecursively (package:flutter/src/widgets/framework.dart:2141:13)
#105    ComponentElement.visitChildren (package:flutter/src/widgets/framework.dart:5871:14)
#106    _InactiveElements._deactivateRecursively (package:flutter/src/widgets/framework.dart:2141:13)
#107    ComponentElement.visitChildren (package:flutter/src/widgets/framework.dart:5871:14)
#108    _InactiveElements._deactivateRecursively (package:flutter/src/widgets/framework.dart:2141:13)
#109    ComponentElement.visitChildren (package:flutter/src/widgets/framework.dart:5871:14)
#110    _InactiveElements._deactivateRecursively (package:flutter/src/widgets/framework.dart:2141:13)
#111    ComponentElement.visitChildren (package:flutter/src/widgets/framework.dart:5871:14)
#112    _InactiveElements._deactivateRecursively (package:flutter/src/widgets/framework.dart:2141:13)
#113    SingleChildRenderObjectElement.visitChildren (package:flutter/src/widgets/framework.dart:7101:14)
#114    _InactiveElements._deactivateRecursively (package:flutter/src/widgets/framework.dart:2141:13)
#115    ComponentElement.visitChildren (package:flutter/src/widgets/framework.dart:5871:14)
#116    _InactiveElements._deactivateRecursively (package:flutter/src/widgets/framework.dart:2141:13)
#117    ComponentElement.visitChildren (package:flutter/src/widgets/framework.dart:5871:14)
#118    _InactiveElements._deactivateRecursively (package:flutter/src/widgets/framework.dart:2141:13)
#119    ComponentElement.visitChildren (package:flutter/src/widgets/framework.dart:5871:14)
#120    _InactiveElements._deactivateRecursively (package:flutter/src/widgets/framework.dart:2141:13)
#121    ComponentElement.visitChildren (package:flutter/src/widgets/framework.dart:5871:14)
#122    _InactiveElements._deactivateRecursively (package:flutter/src/widgets/framework.dart:2141:13)
#123    ComponentElement.visitChildren (package:flutter/src/widgets/framework.dart:5871:14)
#124    _InactiveElements._deactivateRecursively (package:flutter/src/widgets/framework.dart:2141:13)
#125    MultiChildRenderObjectElement.visitChildren (package:flutter/src/widgets/framework.dart:7223:16)
#126    _InactiveElements._deactivateRecursively (package:flutter/src/widgets/framework.dart:2141:13)
#127    ComponentElement.visitChildren (package:flutter/src/widgets/framework.dart:5871:14)
#128    _InactiveElements._deactivateRecursively (package:flutter/src/widgets/framework.dart:2141:13)
#129    ComponentElement.visitChildren (package:flutter/src/widgets/framework.dart:5871:14)
#130    _InactiveElements._deactivateRecursively (package:flutter/src/widgets/framework.dart:2141:13)
#131    ComponentElement.visitChildren (package:flutter/src/widgets/framework.dart:5871:14)
#132    _InactiveElements._deactivateRecursively (package:flutter/src/widgets/framework.dart:2141:13)
#133    ComponentElement.visitChildren (package:flutter/src/widgets/framework.dart:5871:14)
#134    _InactiveElements._deactivateRecursively (package:flutter/src/widgets/framework.dart:2141:13)
#135    ComponentElement.visitChildren (package:flutter/src/widgets/framework.dart:5871:14)
#136    _InactiveElements._deactivateRecursively (package:flutter/src/widgets/framework.dart:2141:13)
#137    ComponentElement.visitChildren (package:flutter/src/widgets/framework.dart:5871:14)
#138    _InactiveElements._deactivateRecursively (package:flutter/src/widgets/framework.dart:2141:13)
#139    ComponentElement.visitChildren (package:flutter/src/widgets/framework.dart:5871:14)
#140    _InactiveElements._deactivateRecursively (package:flutter/src/widgets/framework.dart:2141:13)
#141    SingleChildRenderObjectElement.visitChildren (package:flutter/src/widgets/framework.dart:7101:14)
#142    _InactiveElements._deactivateRecursively (package:flutter/src/widgets/framework.dart:2141:13)
#143    SingleChildRenderObjectElement.visitChildren (package:flutter/src/widgets/framework.dart:7101:14)
#144    _InactiveElements._deactivateRecursively (package:flutter/src/widgets/framework.dart:2141:13)
#145    ComponentElement.visitChildren (package:flutter/src/widgets/framework.dart:5871:14)
#146    _InactiveElements._deactivateRecursively (package:flutter/src/widgets/framework.dart:2141:13)
#147    ComponentElement.visitChildren (package:flutter/src/widgets/framework.dart:5871:14)
#148    _InactiveElements._deactivateRecursively (package:flutter/src/widgets/framework.dart:2141:13)
#149    ComponentElement.visitChildren (package:flutter/src/widgets/framework.dart:5871:14)
#150    _InactiveElements._deactivateRecursively (package:flutter/src/widgets/framework.dart:2141:13)
#151    ComponentElement.visitChildren (package:flutter/src/widgets/framework.dart:5871:14)
#152    _InactiveElements._deactivateRecursively (package:flutter/src/widgets/framework.dart:2141:13)
#153    SingleChildRenderObjectElement.visitChildren (package:flutter/src/widgets/framework.dart:7101:14)
#154    _InactiveElements._deactivateRecursively (package:flutter/src/widgets/framework.dart:2141:13)
#155    ComponentElement.visitChildren (package:flutter/src/widgets/framework.dart:5871:14)
#156    _InactiveElements._deactivateRecursively (package:flutter/src/widgets/framework.dart:2141:13)
#157    ComponentElement.visitChildren (package:flutter/src/widgets/framework.dart:5871:14)
#158    _InactiveElements._deactivateRecursively (package:flutter/src/widgets/framework.dart:2141:13)
#159    ComponentElement.visitChildren (package:flutter/src/widgets/framework.dart:5871:14)
#160    _InactiveElements._deactivateRecursively (package:flutter/src/widgets/framework.dart:2141:13)
#161    ComponentElement.visitChildren (package:flutter/src/widgets/framework.dart:5871:14)
#162    _InactiveElements._deactivateRecursively (package:flutter/src/widgets/framework.dart:2141:13)
#163    ComponentElement.visitChildren (package:flutter/src/widgets/framework.dart:5871:14)
#164    _InactiveElements._deactivateRecursively (package:flutter/src/widgets/framework.dart:2141:13)
#165    ComponentElement.visitChildren (package:flutter/src/widgets/framework.dart:5871:14)
#166    _InactiveElements._deactivateRecursively (package:flutter/src/widgets/framework.dart:2141:13)
#167    ComponentElement.visitChildren (package:flutter/src/widgets/framework.dart:5871:14)
#168    _InactiveElements._deactivateRecursively (package:flutter/src/widgets/framework.dart:2141:13)
#169    ComponentElement.visitChildren (package:flutter/src/widgets/framework.dart:5871:14)
#170    _InactiveElements._deactivateRecursively (package:flutter/src/widgets/framework.dart:2141:13)
#171    ComponentElement.visitChildren (package:flutter/src/widgets/framework.dart:5871:14)
#172    _InactiveElements._deactivateRecursively (package:flutter/src/widgets/framework.dart:2141:13)
#173    ComponentElement.visitChildren (package:flutter/src/widgets/framework.dart:5871:14)
#174    _InactiveElements._deactivateRecursively (package:flutter/src/widgets/framework.dart:2141:13)
#175    ComponentElement.visitChildren (package:flutter/src/widgets/framework.dart:5871:14)
#176    _InactiveElements._deactivateRecursively (package:flutter/src/widgets/framework.dart:2141:13)
#177    ComponentElement.visitChildren (package:flutter/src/widgets/framework.dart:5871:14)
#178    _InactiveElements._deactivateRecursively (package:flutter/src/widgets/framework.dart:2141:13)
#179    ComponentElement.visitChildren (package:flutter/src/widgets/framework.dart:5871:14)
#180    _InactiveElements._deactivateRecursively (package:flutter/src/widgets/framework.dart:2141:13)
#181    ComponentElement.visitChildren (package:flutter/src/widgets/framework.dart:5871:14)
#182    _InactiveElements._deactivateRecursively (package:flutter/src/widgets/framework.dart:2141:13)
#183    ComponentElement.visitChildren (package:flutter/src/widgets/framework.dart:5871:14)
#184    _InactiveElements._deactivateRecursively (package:flutter/src/widgets/framework.dart:2141:13)
#185    SingleChildRenderObjectElement.visitChildren (package:flutter/src/widgets/framework.dart:7101:14)
#186    _InactiveElements._deactivateRecursively (package:flutter/src/widgets/framework.dart:2141:13)
#187    ComponentElement.visitChildren (package:flutter/src/widgets/framework.dart:5871:14)
#188    _InactiveElements._deactivateRecursively (package:flutter/src/widgets/framework.dart:2141:13)
#189    ComponentElement.visitChildren (package:flutter/src/widgets/framework.dart:5871:14)
#190    _InactiveElements._deactivateRecursively (package:flutter/src/widgets/framework.dart:2141:13)
#191    SingleChildRenderObjectElement.visitChildren (package:flutter/src/widgets/framework.dart:7101:14)
#192    _InactiveElements._deactivateRecursively (package:flutter/src/widgets/framework.dart:2141:13)
#193    ComponentElement.visitChildren (package:flutter/src/widgets/framework.dart:5871:14)
#194    _InactiveElements._deactivateRecursively (package:flutter/src/widgets/framework.dart:2141:13)
#195    ComponentElement.visitChildren (package:flutter/src/widgets/framework.dart:5871:14)
#196    _InactiveElements._deactivateRecursively (package:flutter/src/widgets/framework.dart:2141:13)
#197    ComponentElement.visitChildren (package:flutter/src/widgets/framework.dart:5871:14)
#198    _InactiveElements._deactivateRecursively (package:flutter/src/widgets/framework.dart:2141:13)
#199    ComponentElement.visitChildren (package:flutter/src/widgets/framework.dart:5871:14)
#200    _InactiveElements._deactivateRecursively (package:flutter/src/widgets/framework.dart:2141:13)
#201    ComponentElement.visitChildren (package:flutter/src/widgets/framework.dart:5871:14)
#202    _InactiveElements._deactivateRecursively (package:flutter/src/widgets/framework.dart:2141:13)
#203    SingleChildRenderObjectElement.visitChildren (package:flutter/src/widgets/framework.dart:7101:14)
#204    _InactiveElements._deactivateRecursively (package:flutter/src/widgets/framework.dart:2141:13)
#205    ComponentElement.visitChildren (package:flutter/src/widgets/framework.dart:5871:14)
#206    _InactiveElements._deactivateRecursively (package:flutter/src/widgets/framework.dart:2141:13)
#207    ComponentElement.visitChildren (package:flutter/src/widgets/framework.dart:5871:14)
#208    _InactiveElements._deactivateRecursively (package:flutter/src/widgets/framework.dart:2141:13)
#209    SingleChildRenderObjectElement.visitChildren (package:flutter/src/widgets/framework.dart:7101:14)
#210    _InactiveElements._deactivateRecursively (package:flutter/src/widgets/framework.dart:2141:13)
#211    ComponentElement.visitChildren (package:flutter/src/widgets/framework.dart:5871:14)
#212    _InactiveElements._deactivateRecursively (package:flutter/src/widgets/framework.dart:2141:13)
#213    ComponentElement.visitChildren (package:flutter/src/widgets/framework.dart:5871:14)
#214    _InactiveElements._deactivateRecursively (package:flutter/src/widgets/framework.dart:2141:13)
#215    ComponentElement.visitChildren (package:flutter/src/widgets/framework.dart:5871:14)
#216    _InactiveElements._deactivateRecursively (package:flutter/src/widgets/framework.dart:2141:13)
#217    ComponentElement.visitChildren (package:flutter/src/widgets/framework.dart:5871:14)
#218    _InactiveElements._deactivateRecursively (package:flutter/src/widgets/framework.dart:2141:13)
#219    ComponentElement.visitChildren (package:flutter/src/widgets/framework.dart:5871:14)
#220    _InactiveElements._deactivateRecursively (package:flutter/src/widgets/framework.dart:2141:13)
#221    SingleChildRenderObjectElement.visitChildren (package:flutter/src/widgets/framework.dart:7101:14)
#222    _InactiveElements._deactivateRecursively (package:flutter/src/widgets/framework.dart:2141:13)
#223    ComponentElement.visitChildren (package:flutter/src/widgets/framework.dart:5871:14)
#224    _InactiveElements._deactivateRecursively (package:flutter/src/widgets/framework.dart:2141:13)
#225    ComponentElement.visitChildren (package:flutter/src/widgets/framework.dart:5871:14)
#226    _InactiveElements._deactivateRecursively (package:flutter/src/widgets/framework.dart:2141:13)
#227    ComponentElement.visitChildren (package:flutter/src/widgets/framework.dart:5871:14)
#228    _InactiveElements._deactivateRecursively (package:flutter/src/widgets/framework.dart:2141:13)
#229    ComponentElement.visitChildren (package:flutter/src/widgets/framework.dart:5871:14)
#230    _InactiveElements._deactivateRecursively (package:flutter/src/widgets/framework.dart:2141:13)
#231    ComponentElement.visitChildren (package:flutter/src/widgets/framework.dart:5871:14)
#232    _InactiveElements._deactivateRecursively (package:flutter/src/widgets/framework.dart:2141:13)
#233    SingleChildRenderObjectElement.visitChildren (package:flutter/src/widgets/framework.dart:7101:14)
#234    _InactiveElements._deactivateRecursively (package:flutter/src/widgets/framework.dart:2141:13)
#235    ComponentElement.visitChildren (package:flutter/src/widgets/framework.dart:5871:14)
#236    _InactiveElements._deactivateRecursively (package:flutter/src/widgets/framework.dart:2141:13)
#237    ComponentElement.visitChildren (package:flutter/src/widgets/framework.dart:5871:14)
#238    _InactiveElements._deactivateRecursively (package:flutter/src/widgets/framework.dart:2141:13)
#239    ComponentElement.visitChildren (package:flutter/src/widgets/framework.dart:5871:14)
#240    _InactiveElements._deactivateRecursively (package:flutter/src/widgets/framework.dart:2141:13)
#241    ComponentElement.visitChildren (package:flutter/src/widgets/framework.dart:5871:14)
#242    _InactiveElements._deactivateRecursively (package:flutter/src/widgets/framework.dart:2141:13)
#243    SingleChildRenderObjectElement.visitChildren (package:flutter/src/widgets/framework.dart:7101:14)
#244    _InactiveElements._deactivateRecursively (package:flutter/src/widgets/framework.dart:2141:13)
#245    ComponentElement.visitChildren (package:flutter/src/widgets/framework.dart:5871:14)
#246    _InactiveElements._deactivateRecursively (package:flutter/src/widgets/framework.dart:2141:13)
#247    ComponentElement.visitChildren (package:flutter/src/widgets/framework.dart:5871:14)
#248    _InactiveElements._deactivateRecursively (package:flutter/src/widgets/framework.dart:2141:13)
#249    ComponentElement.visitChildren (package:flutter/src/widgets/framework.dart:5871:14)
#250    _InactiveElements._deactivateRecursively (package:flutter/src/widgets/framework.dart:2141:13)
#251    ComponentElement.visitChildren (package:flutter/src/widgets/framework.dart:5871:14)
#252    _InactiveElements._deactivateRecursively (package:flutter/src/widgets/framework.dart:2141:13)
#253    ComponentElement.visitChildren (package:flutter/src/widgets/framework.dart:5871:14)
#254    _InactiveElements._deactivateRecursively (package:flutter/src/widgets/framework.dart:2141:13)
#255    ComponentElement.visitChildren (package:flutter/src/widgets/framework.dart:5871:14)
#256    _InactiveElements._deactivateRecursively (package:flutter/src/widgets/framework.dart:2141:13)
#257    ComponentElement.visitChildren (package:flutter/src/widgets/framework.dart:5871:14)
#258    _InactiveElements._deactivateRecursively (package:flutter/src/widgets/framework.dart:2141:13)
#259    ComponentElement.visitChildren (package:flutter/src/widgets/framework.dart:5871:14)
#260    _InactiveElements._deactivateRecursively (package:flutter/src/widgets/framework.dart:2141:13)
#261    ComponentElement.visitChildren (package:flutter/src/widgets/framework.dart:5871:14)
#262    _InactiveElements._deactivateRecursively (package:flutter/src/widgets/framework.dart:2141:13)
#263    ComponentElement.visitChildren (package:flutter/src/widgets/framework.dart:5871:14)
#264    _InactiveElements._deactivateRecursively (package:flutter/src/widgets/framework.dart:2141:13)
#265    ComponentElement.visitChildren (package:flutter/src/widgets/framework.dart:5871:14)
#266    _InactiveElements._deactivateRecursively (package:flutter/src/widgets/framework.dart:2141:13)
#267    ComponentElement.visitChildren (package:flutter/src/widgets/framework.dart:5871:14)
#268    _InactiveElements._deactivateRecursively (package:flutter/src/widgets/framework.dart:2141:13)
#269    ComponentElement.visitChildren (package:flutter/src/widgets/framework.dart:5871:14)
#270    _InactiveElements._deactivateRecursively (package:flutter/src/widgets/framework.dart:2141:13)
#271    ComponentElement.visitChildren (package:flutter/src/widgets/framework.dart:5871:14)
#272    _InactiveElements._deactivateRecursively (package:flutter/src/widgets/framework.dart:2141:13)
#273    _InactiveElements.add (package:flutter/src/widgets/framework.dart:2155:9)
#274    Element.deactivateChild (package:flutter/src/widgets/framework.dart:4636:30)
#275    Element.updateChild (package:flutter/src/widgets/framework.dart:4048:9)
#276    ComponentElement.performRebuild (package:flutter/src/widgets/framework.dart:5841:16)
#277    Element.rebuild (package:flutter/src/widgets/framework.dart:5529:7)
#278    ProxyElement.update (package:flutter/src/widgets/framework.dart:6149:5)
#279    _InheritedNotifierElement.update (package:flutter/src/widgets/inherited_notifier.dart:108:11)
#280    Element.updateChild (package:flutter/src/widgets/framework.dart:4037:15)
#281    ComponentElement.performRebuild (package:flutter/src/widgets/framework.dart:5841:16)
#282    StatefulElement.performRebuild (package:flutter/src/widgets/framework.dart:5982:11)
#283    Element.rebuild (package:flutter/src/widgets/framework.dart:5529:7)
#284    StatefulElement.update (package:flutter/src/widgets/framework.dart:6007:5)
#285    Element.updateChild (package:flutter/src/widgets/framework.dart:4037:15)
#286    ComponentElement.performRebuild (package:flutter/src/widgets/framework.dart:5841:16)
#287    Element.rebuild (package:flutter/src/widgets/framework.dart:5529:7)
#288    ProxyElement.update (package:flutter/src/widgets/framework.dart:6149:5)
#289    _InheritedNotifierElement.update (package:flutter/src/widgets/inherited_notifier.dart:108:11)
#290    Element.updateChild (package:flutter/src/widgets/framework.dart:4037:15)
#291    ComponentElement.performRebuild (package:flutter/src/widgets/framework.dart:5841:16)
#292    StatefulElement.performRebuild (package:flutter/src/widgets/framework.dart:5982:11)
#293    Element.rebuild (package:flutter/src/widgets/framework.dart:5529:7)
#294    StatefulElement.update (package:flutter/src/widgets/framework.dart:6007:5)
#295    Element.updateChild (package:flutter/src/widgets/framework.dart:4037:15)
#296    ComponentElement.performRebuild (package:flutter/src/widgets/framework.dart:5841:16)
#297    StatefulElement.performRebuild (package:flutter/src/widgets/framework.dart:5982:11)
#298    Element.rebuild (package:flutter/src/widgets/framework.dart:5529:7)
#299    StatefulElement.update (package:flutter/src/widgets/framework.dart:6007:5)
#300    Element.updateChild (package:flutter/src/widgets/framework.dart:4037:15)
#301    ComponentElement.performRebuild (package:flutter/src/widgets/framework.dart:5841:16)
#302    Element.rebuild (package:flutter/src/widgets/framework.dart:5529:7)
#303    ProxyElement.update (package:flutter/src/widgets/framework.dart:6149:5)
#304    Element.updateChild (package:flutter/src/widgets/framework.dart:4037:15)
#305    ComponentElement.performRebuild (package:flutter/src/widgets/framework.dart:5841:16)
#306    StatefulElement.performRebuild (package:flutter/src/widgets/framework.dart:5982:11)
#307    Element.rebuild (package:flutter/src/widgets/framework.dart:5529:7)
#308    StatefulElement.update (package:flutter/src/widgets/framework.dart:6007:5)
#309    Element.updateChild (package:flutter/src/widgets/framework.dart:4037:15)
#310    ComponentElement.performRebuild (package:flutter/src/widgets/framework.dart:5841:16)
#311    Element.rebuild (package:flutter/src/widgets/framework.dart:5529:7)
#312    ProxyElement.update (package:flutter/src/widgets/framework.dart:6149:5)
#313    Element.updateChild (package:flutter/src/widgets/framework.dart:4037:15)
#314    ComponentElement.performRebuild (package:flutter/src/widgets/framework.dart:5841:16)
#315    Element.rebuild (package:flutter/src/widgets/framework.dart:5529:7)
#316    ProxyElement.update (package:flutter/src/widgets/framework.dart:6149:5)
#317    Element.updateChild (package:flutter/src/widgets/framework.dart:4037:15)
#318    _RawViewElement._updateChild (package:flutter/src/widgets/view.dart:481:16)
#319    _RawViewElement.update (package:flutter/src/widgets/view.dart:568:5)
#320    Element.updateChild (package:flutter/src/widgets/framework.dart:4037:15)
#321    ComponentElement.performRebuild (package:flutter/src/widgets/framework.dart:5841:16)
#322    Element.rebuild (package:flutter/src/widgets/framework.dart:5529:7)
#323    StatelessElement.update (package:flutter/src/widgets/framework.dart:5895:5)
#324    Element.updateChild (package:flutter/src/widgets/framework.dart:4037:15)
#325    ComponentElement.performRebuild (package:flutter/src/widgets/framework.dart:5841:16)
#326    StatefulElement.performRebuild (package:flutter/src/widgets/framework.dart:5982:11)
#327    Element.rebuild (package:flutter/src/widgets/framework.dart:5529:7)
#328    StatefulElement.update (package:flutter/src/widgets/framework.dart:6007:5)
#329    Element.updateChild (package:flutter/src/widgets/framework.dart:4037:15)
#330    RootElement._rebuild (package:flutter/src/widgets/binding.dart:1822:16)
#331    RootElement.update (package:flutter/src/widgets/binding.dart:1800:5)
#332    RootElement.performRebuild (package:flutter/src/widgets/binding.dart:1814:7)
#333    Element.rebuild (package:flutter/src/widgets/framework.dart:5529:7)
#334    BuildScope._tryRebuild (package:flutter/src/widgets/framework.dart:2750:15)
#335    BuildScope._flushDirtyElements (package:flutter/src/widgets/framework.dart:2807:11)
#336    BuildOwner.buildScope (package:flutter/src/widgets/framework.dart:3111:18)
#337    AutomatedTestWidgetsFlutterBinding.drawFrame (package:flutter_test/src/binding.dart:2131:19)
#338    RendererBinding._handlePersistentFrameCallback (package:flutter/src/rendering/binding.dart:495:5)
#339    SchedulerBinding._invokeFrameCallback (package:flutter/src/scheduler/binding.dart:1430:15)
#340    SchedulerBinding.handleDrawFrame (package:flutter/src/scheduler/binding.dart:1345:9)
#341    AutomatedTestWidgetsFlutterBinding.scheduleWarmUpFrame (package:flutter_test/src/binding.dart:2057:5)
#342    _runWidget (package:flutter/src/widgets/binding.dart:1683:7)
#343    runApp (package:flutter/src/widgets/binding.dart:1616:3)
#344    TestWidgetsFlutterBinding._runTestBody (package:flutter_test/src/binding.dart:1670:5)
#347    TestWidgetsFlutterBinding._runTest (package:flutter_test/src/binding.dart:1656:10)
#348    AutomatedTestWidgetsFlutterBinding.runTest.<anonymous closure> (package:flutter_test/src/binding.dart:2189:24)
#349    FakeAsync.run.<anonymous closure>.<anonymous closure> (package:fake_async/fake_async.dart:182:47)
#354    withClock (package:clock/src/default.dart:52:10)
#355    FakeAsync.run.<anonymous closure> (package:fake_async/fake_async.dart:182:15)
#360    FakeAsync.run (package:fake_async/fake_async.dart:181:52)
#361    AutomatedTestWidgetsFlutterBinding.runTest (package:flutter_test/src/binding.dart:2186:15)
#362    testWidgets.<anonymous closure> (package:flutter_test/src/widget_tester.dart:184:24)
#363    Declarer.test.<anonymous closure>.<anonymous closure> (package:test_api/src/backend/declarer.dart:253:25)
<asynchronous suspension>
#364    Declarer.test.<anonymous closure> (package:test_api/src/backend/declarer.dart:250:11)
<asynchronous suspension>
#365    Invoker._waitForOutstandingCallbacks.<anonymous closure> (package:test_api/src/backend/invoker.dart:318:9)
<asynchronous suspension>
(elided 12 frames from class _AssertionError and dart:async)

ΓòÉΓòÉΓòÉΓòÉΓòÉΓòÉΓòÉΓòÉΓòÉΓòÉΓòÉΓòÉΓòÉΓòÉΓòÉΓòÉΓòÉΓòÉΓòÉΓòÉΓòÉΓòÉΓòÉΓòÉΓòÉΓòÉΓòÉΓòÉΓòÉΓòÉΓòÉΓòÉΓòÉΓòÉΓòÉΓòÉΓòÉΓòÉΓòÉΓòÉΓòÉΓòÉΓòÉΓòÉΓòÉΓòÉΓòÉΓòÉΓòÉΓòÉΓòÉΓòÉΓòÉΓòÉΓòÉΓòÉΓòÉΓòÉΓòÉΓòÉΓòÉΓòÉΓòÉΓòÉΓòÉΓòÉΓòÉΓòÉΓòÉΓòÉΓòÉΓòÉΓòÉΓòÉΓòÉΓòÉΓòÉΓòÉΓòÉΓòÉΓòÉΓòÉΓòÉΓòÉΓòÉΓòÉΓòÉΓòÉΓòÉΓòÉΓòÉΓòÉΓòÉΓòÉΓòÉΓòÉΓòÉΓòÉΓòÉΓòÉ
ΓòÉΓòÉΓòí EXCEPTION CAUGHT BY WIDGETS LIBRARY Γò₧ΓòÉΓòÉΓòÉΓòÉΓòÉΓòÉΓòÉΓòÉΓòÉΓòÉΓòÉΓòÉΓòÉΓòÉΓòÉΓòÉΓòÉΓòÉΓòÉΓòÉΓòÉΓòÉΓòÉΓòÉΓòÉΓòÉΓòÉΓòÉΓòÉΓòÉΓòÉΓòÉΓòÉΓòÉΓòÉΓòÉΓòÉΓòÉΓòÉΓòÉΓòÉΓòÉΓòÉΓòÉΓòÉΓòÉΓòÉΓòÉΓòÉΓòÉΓòÉΓòÉΓòÉΓòÉΓòÉΓòÉΓòÉΓòÉΓòÉ
The following StateError was thrown building BlocListener<RoomBloc, RoomState>(bloc: MockRoomBloc,
has listener, state: _BlocListenerBaseState<RoomBloc, RoomState>#7e3c8):
Bad state: GetIt: Object/factory with type BrightnessService is not registered inside GetIt.
(Did you accidentally do GetIt sl=GetIt.instance(); instead of GetIt sl=GetIt.instance;
Did you forget to register it?)

The relevant error-causing widget was:
  BlocListener<RoomBloc, RoomState>
  BlocListener:file:///C:/Users/musta/AppData/Local/Pub/Cache/hosted/pub.dev/flutter_bloc-8.1.6/lib/src/bloc_builder.dart:184:12

When the exception was thrown, this was the stack:
#0      throwIfNot (package:get_it/get_it_impl.dart:14:19)
#1      _GetItImplementation._findFactoryByNameAndType (package:get_it/get_it_impl.dart:435:5)
#2      _GetItImplementation.get (package:get_it/get_it_impl.dart:463:29)
#3      _GetItImplementation.call (package:get_it/get_it_impl.dart:554:12)
#4      new _PlayerGestureLayerState (package:watch_party/features/player/widgets/player_gesture_layer.dart:36:22)
#5      PlayerGestureLayer.createState (package:watch_party/features/player/widgets/player_gesture_layer.dart:31:46)
#6      new StatefulElement (package:flutter/src/widgets/framework.dart:5902:60)
#7      StatefulWidget.createElement (package:flutter/src/widgets/framework.dart:779:38)
#8      Element.inflateWidget (package:flutter/src/widgets/framework.dart:4574:59)
#9      MultiChildRenderObjectElement.inflateWidget (package:flutter/src/widgets/framework.dart:7264:36)
#10     MultiChildRenderObjectElement.mount (package:flutter/src/widgets/framework.dart:7279:32)
...     Normal element mounting (12 frames)
#22     SingleChildWidgetElementMixin.mount (package:nested/nested.dart:222:11)
...     Normal element mounting (41 frames)
#63     Element.inflateWidget (package:flutter/src/widgets/framework.dart:4587:20)
#64     MultiChildRenderObjectElement.inflateWidget (package:flutter/src/widgets/framework.dart:7264:36)
#65     MultiChildRenderObjectElement.mount (package:flutter/src/widgets/framework.dart:7279:32)
...     Normal element mounting (121 frames)
#186    SingleChildWidgetElementMixin.mount (package:nested/nested.dart:222:11)
...     Normal element mounting (7 frames)
#193    _NestedHookElement.mount (package:nested/nested.dart:187:11)
...     Normal element mounting (9 frames)
#202    SingleChildWidgetElementMixin.mount (package:nested/nested.dart:222:11)
...     Normal element mounting (7 frames)
#209    _NestedHookElement.mount (package:nested/nested.dart:187:11)
...     Normal element mounting (7 frames)
#216    SingleChildWidgetElementMixin.mount (package:nested/nested.dart:222:11)
...     Normal element mounting (15 frames)
#231    _InheritedProviderScopeElement.mount (package:provider/src/inherited_provider.dart:424:11)
...     Normal element mounting (7 frames)
#238    SingleChildWidgetElementMixin.mount (package:nested/nested.dart:222:11)
...     Normal element mounting (7 frames)
#245    SingleChildWidgetElementMixin.mount (package:nested/nested.dart:222:11)
...     Normal element mounting (7 frames)
#252    _NestedHookElement.mount (package:nested/nested.dart:187:11)
...     Normal element mounting (7 frames)
#259    _InheritedProviderScopeElement.mount (package:provider/src/inherited_provider.dart:424:11)
...     Normal element mounting (7 frames)
#266    SingleChildWidgetElementMixin.mount (package:nested/nested.dart:222:11)
...     Normal element mounting (7 frames)
#273    SingleChildWidgetElementMixin.mount (package:nested/nested.dart:222:11)
...     Normal element mounting (7 frames)
#280    _NestedHookElement.mount (package:nested/nested.dart:187:11)
...     Normal element mounting (7 frames)
#287    SingleChildWidgetElementMixin.mount (package:nested/nested.dart:222:11)
...     Normal element mounting (13 frames)
#300    _InheritedProviderScopeElement.mount (package:provider/src/inherited_provider.dart:424:11)
...     Normal element mounting (7 frames)
#307    SingleChildWidgetElementMixin.mount (package:nested/nested.dart:222:11)
...     Normal element mounting (7 frames)
#314    SingleChildWidgetElementMixin.mount (package:nested/nested.dart:222:11)
...     Normal element mounting (7 frames)
#321    _NestedHookElement.mount (package:nested/nested.dart:187:11)
...     Normal element mounting (7 frames)
#328    _InheritedProviderScopeElement.mount (package:provider/src/inherited_provider.dart:424:11)
...     Normal element mounting (7 frames)
#335    SingleChildWidgetElementMixin.mount (package:nested/nested.dart:222:11)
...     Normal element mounting (7 frames)
#342    SingleChildWidgetElementMixin.mount (package:nested/nested.dart:222:11)
...     Normal element mounting (7 frames)
#349    _NestedHookElement.mount (package:nested/nested.dart:187:11)
...     Normal element mounting (7 frames)
#356    SingleChildWidgetElementMixin.mount (package:nested/nested.dart:222:11)
...     Normal element mounting (260 frames)
#616    Element.inflateWidget (package:flutter/src/widgets/framework.dart:4587:20)
#617    MultiChildRenderObjectElement.inflateWidget (package:flutter/src/widgets/framework.dart:7264:36)
#618    MultiChildRenderObjectElement.mount (package:flutter/src/widgets/framework.dart:7279:32)
...     Normal element mounting (467 frames)
#1085   Element.inflateWidget (package:flutter/src/widgets/framework.dart:4587:20)
#1086   Element.updateChild (package:flutter/src/widgets/framework.dart:4053:20)
#1087   ComponentElement.performRebuild (package:flutter/src/widgets/framework.dart:5841:16)
#1088   Element.rebuild (package:flutter/src/widgets/framework.dart:5529:7)
#1089   ProxyElement.update (package:flutter/src/widgets/framework.dart:6149:5)
#1090   _InheritedNotifierElement.update (package:flutter/src/widgets/inherited_notifier.dart:108:11)
#1091   Element.updateChild (package:flutter/src/widgets/framework.dart:4037:15)
#1092   ComponentElement.performRebuild (package:flutter/src/widgets/framework.dart:5841:16)
#1093   StatefulElement.performRebuild (package:flutter/src/widgets/framework.dart:5982:11)
#1094   Element.rebuild (package:flutter/src/widgets/framework.dart:5529:7)
#1095   StatefulElement.update (package:flutter/src/widgets/framework.dart:6007:5)
#1096   Element.updateChild (package:flutter/src/widgets/framework.dart:4037:15)
#1097   ComponentElement.performRebuild (package:flutter/src/widgets/framework.dart:5841:16)
#1098   Element.rebuild (package:flutter/src/widgets/framework.dart:5529:7)
#1099   ProxyElement.update (package:flutter/src/widgets/framework.dart:6149:5)
#1100   _InheritedNotifierElement.update (package:flutter/src/widgets/inherited_notifier.dart:108:11)
#1101   Element.updateChild (package:flutter/src/widgets/framework.dart:4037:15)
#1102   ComponentElement.performRebuild (package:flutter/src/widgets/framework.dart:5841:16)
#1103   StatefulElement.performRebuild (package:flutter/src/widgets/framework.dart:5982:11)
#1104   Element.rebuild (package:flutter/src/widgets/framework.dart:5529:7)
#1105   StatefulElement.update (package:flutter/src/widgets/framework.dart:6007:5)
#1106   Element.updateChild (package:flutter/src/widgets/framework.dart:4037:15)
#1107   ComponentElement.performRebuild (package:flutter/src/widgets/framework.dart:5841:16)
#1108   StatefulElement.performRebuild (package:flutter/src/widgets/framework.dart:5982:11)
#1109   Element.rebuild (package:flutter/src/widgets/framework.dart:5529:7)
#1110   StatefulElement.update (package:flutter/src/widgets/framework.dart:6007:5)
#1111   Element.updateChild (package:flutter/src/widgets/framework.dart:4037:15)
#1112   ComponentElement.performRebuild (package:flutter/src/widgets/framework.dart:5841:16)
#1113   Element.rebuild (package:flutter/src/widgets/framework.dart:5529:7)
#1114   ProxyElement.update (package:flutter/src/widgets/framework.dart:6149:5)
#1115   Element.updateChild (package:flutter/src/widgets/framework.dart:4037:15)
#1116   ComponentElement.performRebuild (package:flutter/src/widgets/framework.dart:5841:16)
#1117   StatefulElement.performRebuild (package:flutter/src/widgets/framework.dart:5982:11)
#1118   Element.rebuild (package:flutter/src/widgets/framework.dart:5529:7)
#1119   StatefulElement.update (package:flutter/src/widgets/framework.dart:6007:5)
#1120   Element.updateChild (package:flutter/src/widgets/framework.dart:4037:15)
#1121   ComponentElement.performRebuild (package:flutter/src/widgets/framework.dart:5841:16)
#1122   Element.rebuild (package:flutter/src/widgets/framework.dart:5529:7)
#1123   ProxyElement.update (package:flutter/src/widgets/framework.dart:6149:5)
#1124   Element.updateChild (package:flutter/src/widgets/framework.dart:4037:15)
#1125   ComponentElement.performRebuild (package:flutter/src/widgets/framework.dart:5841:16)
#1126   Element.rebuild (package:flutter/src/widgets/framework.dart:5529:7)
#1127   ProxyElement.update (package:flutter/src/widgets/framework.dart:6149:5)
#1128   Element.updateChild (package:flutter/src/widgets/framework.dart:4037:15)
#1129   _RawViewElement._updateChild (package:flutter/src/widgets/view.dart:481:16)
#1130   _RawViewElement.update (package:flutter/src/widgets/view.dart:568:5)
#1131   Element.updateChild (package:flutter/src/widgets/framework.dart:4037:15)
#1132   ComponentElement.performRebuild (package:flutter/src/widgets/framework.dart:5841:16)
#1133   Element.rebuild (package:flutter/src/widgets/framework.dart:5529:7)
#1134   StatelessElement.update (package:flutter/src/widgets/framework.dart:5895:5)
#1135   Element.updateChild (package:flutter/src/widgets/framework.dart:4037:15)
#1136   ComponentElement.performRebuild (package:flutter/src/widgets/framework.dart:5841:16)
#1137   StatefulElement.performRebuild (package:flutter/src/widgets/framework.dart:5982:11)
#1138   Element.rebuild (package:flutter/src/widgets/framework.dart:5529:7)
#1139   StatefulElement.update (package:flutter/src/widgets/framework.dart:6007:5)
#1140   Element.updateChild (package:flutter/src/widgets/framework.dart:4037:15)
#1141   RootElement._rebuild (package:flutter/src/widgets/binding.dart:1822:16)
#1142   RootElement.update (package:flutter/src/widgets/binding.dart:1800:5)
#1143   RootElement.performRebuild (package:flutter/src/widgets/binding.dart:1814:7)
#1144   Element.rebuild (package:flutter/src/widgets/framework.dart:5529:7)
#1145   BuildScope._tryRebuild (package:flutter/src/widgets/framework.dart:2750:15)
#1146   BuildScope._flushDirtyElements (package:flutter/src/widgets/framework.dart:2807:11)
#1147   BuildOwner.buildScope (package:flutter/src/widgets/framework.dart:3111:18)
#1148   AutomatedTestWidgetsFlutterBinding.drawFrame (package:flutter_test/src/binding.dart:2131:19)
#1149   RendererBinding._handlePersistentFrameCallback (package:flutter/src/rendering/binding.dart:495:5)
#1150   SchedulerBinding._invokeFrameCallback (package:flutter/src/scheduler/binding.dart:1430:15)
#1151   SchedulerBinding.handleDrawFrame (package:flutter/src/scheduler/binding.dart:1345:9)
#1152   AutomatedTestWidgetsFlutterBinding.pump.<anonymous closure> (package:flutter_test/src/binding.dart:1960:9)
#1155   TestAsyncUtils.guard (package:flutter_test/src/test_async_utils.dart:74:41)
#1156   AutomatedTestWidgetsFlutterBinding.pump (package:flutter_test/src/binding.dart:1949:27)
#1157   WidgetTester.pumpWidget.<anonymous closure> (package:flutter_test/src/widget_tester.dart:598:22)
#1160   TestAsyncUtils.guard (package:flutter_test/src/test_async_utils.dart:74:41)
#1161   WidgetTester.pumpWidget (package:flutter_test/src/widget_tester.dart:595:27)
#1162   main.<anonymous closure> (file:///D:/projects/MoonWatch/client/test/features/player/screens/watch_screen_test.dart:336:18)
#1163   testWidgets.<anonymous closure>.<anonymous closure> (package:flutter_test/src/widget_tester.dart:192:29)
<asynchronous suspension>
#1164   TestWidgetsFlutterBinding._runTestBody (package:flutter_test/src/binding.dart:1682:5)
<asynchronous suspension>
<asynchronous suspension>
(elided 5 frames from dart:async and package:stack_trace)

ΓòÉΓòÉΓòÉΓòÉΓòÉΓòÉΓòÉΓòÉΓòÉΓòÉΓòÉΓòÉΓòÉΓòÉΓòÉΓòÉΓòÉΓòÉΓòÉΓòÉΓòÉΓòÉΓòÉΓòÉΓòÉΓòÉΓòÉΓòÉΓòÉΓòÉΓòÉΓòÉΓòÉΓòÉΓòÉΓòÉΓòÉΓòÉΓòÉΓòÉΓòÉΓòÉΓòÉΓòÉΓòÉΓòÉΓòÉΓòÉΓòÉΓòÉΓòÉΓòÉΓòÉΓòÉΓòÉΓòÉΓòÉΓòÉΓòÉΓòÉΓòÉΓòÉΓòÉΓòÉΓòÉΓòÉΓòÉΓòÉΓòÉΓòÉΓòÉΓòÉΓòÉΓòÉΓòÉΓòÉΓòÉΓòÉΓòÉΓòÉΓòÉΓòÉΓòÉΓòÉΓòÉΓòÉΓòÉΓòÉΓòÉΓòÉΓòÉΓòÉΓòÉΓòÉΓòÉΓòÉΓòÉΓòÉΓòÉΓòÉ
[38;5;12m≡ƒÆí [WatchScreen] [PLAYER_INIT_SOURCE] source=room_active, key=episode|197312|m3u8[0m
[38;5;12m≡ƒÆí [WatchScreen] [PLAYER_INIT_SOURCE] source=room_active, key=episode|928875|m3u8[0m
ΓòÉΓòÉΓòí EXCEPTION CAUGHT BY WIDGETS LIBRARY Γò₧ΓòÉΓòÉΓòÉΓòÉΓòÉΓòÉΓòÉΓòÉΓòÉΓòÉΓòÉΓòÉΓòÉΓòÉΓòÉΓòÉΓòÉΓòÉΓòÉΓòÉΓòÉΓòÉΓòÉΓòÉΓòÉΓòÉΓòÉΓòÉΓòÉΓòÉΓòÉΓòÉΓòÉΓòÉΓòÉΓòÉΓòÉΓòÉΓòÉΓòÉΓòÉΓòÉΓòÉΓòÉΓòÉΓòÉΓòÉΓòÉΓòÉΓòÉΓòÉΓòÉΓòÉΓòÉΓòÉΓòÉΓòÉΓòÉΓòÉ
The following StateError was thrown building BlocListener<RoomBloc, RoomState>(bloc: MockRoomBloc,
has listener, state: _BlocListenerBaseState<RoomBloc, RoomState>#7e3c8):
Bad state: GetIt: Object/factory with type BrightnessService is not registered inside GetIt.
(Did you accidentally do GetIt sl=GetIt.instance(); instead of GetIt sl=GetIt.instance;
Did you forget to register it?)

The relevant error-causing widget was:
  BlocListener<RoomBloc, RoomState>
  BlocListener:file:///C:/Users/musta/AppData/Local/Pub/Cache/hosted/pub.dev/flutter_bloc-8.1.6/lib/src/bloc_builder.dart:184:12

When the exception was thrown, this was the stack:
#0      throwIfNot (package:get_it/get_it_impl.dart:14:19)
#1      _GetItImplementation._findFactoryByNameAndType (package:get_it/get_it_impl.dart:435:5)
#2      _GetItImplementation.get (package:get_it/get_it_impl.dart:463:29)
#3      _GetItImplementation.call (package:get_it/get_it_impl.dart:554:12)
#4      new _PlayerGestureLayerState (package:watch_party/features/player/widgets/player_gesture_layer.dart:36:22)
#5      PlayerGestureLayer.createState (package:watch_party/features/player/widgets/player_gesture_layer.dart:31:46)
#6      new StatefulElement (package:flutter/src/widgets/framework.dart:5902:60)
#7      StatefulWidget.createElement (package:flutter/src/widgets/framework.dart:779:38)
#8      Element.inflateWidget (package:flutter/src/widgets/framework.dart:4574:59)
#9      MultiChildRenderObjectElement.inflateWidget (package:flutter/src/widgets/framework.dart:7264:36)
#10     MultiChildRenderObjectElement.mount (package:flutter/src/widgets/framework.dart:7279:32)
...     Normal element mounting (4 frames)
#14     Element.inflateWidget (package:flutter/src/widgets/framework.dart:4587:20)
#15     Element.updateChild (package:flutter/src/widgets/framework.dart:4053:20)
#16     ComponentElement.performRebuild (package:flutter/src/widgets/framework.dart:5841:16)
#17     StatefulElement.performRebuild (package:flutter/src/widgets/framework.dart:5982:11)
#18     Element.rebuild (package:flutter/src/widgets/framework.dart:5529:7)
#19     StatefulElement.update (package:flutter/src/widgets/framework.dart:6007:5)
#20     Element.updateChild (package:flutter/src/widgets/framework.dart:4037:15)
#21     ComponentElement.performRebuild (package:flutter/src/widgets/framework.dart:5841:16)
#22     StatefulElement.performRebuild (package:flutter/src/widgets/framework.dart:5982:11)
#23     Element.rebuild (package:flutter/src/widgets/framework.dart:5529:7)
#24     BuildScope._tryRebuild (package:flutter/src/widgets/framework.dart:2750:15)
#25     BuildScope._flushDirtyElements (package:flutter/src/widgets/framework.dart:2807:11)
#26     BuildOwner.buildScope (package:flutter/src/widgets/framework.dart:3111:18)
#27     AutomatedTestWidgetsFlutterBinding.drawFrame (package:flutter_test/src/binding.dart:2131:19)
#28     RendererBinding._handlePersistentFrameCallback (package:flutter/src/rendering/binding.dart:495:5)
#29     SchedulerBinding._invokeFrameCallback (package:flutter/src/scheduler/binding.dart:1430:15)
#30     SchedulerBinding.handleDrawFrame (package:flutter/src/scheduler/binding.dart:1345:9)
#31     AutomatedTestWidgetsFlutterBinding.pump.<anonymous closure> (package:flutter_test/src/binding.dart:1960:9)
#34     TestAsyncUtils.guard (package:flutter_test/src/test_async_utils.dart:74:41)
#35     AutomatedTestWidgetsFlutterBinding.pump (package:flutter_test/src/binding.dart:1949:27)
#36     WidgetTester.pump.<anonymous closure> (package:flutter_test/src/widget_tester.dart:652:53)
#39     TestAsyncUtils.guard (package:flutter_test/src/test_async_utils.dart:74:41)
#40     WidgetTester.pump (package:flutter_test/src/widget_tester.dart:652:27)
#41     main.<anonymous closure> (file:///D:/projects/MoonWatch/client/test/features/player/screens/watch_screen_test.dart:337:18)
<asynchronous suspension>
#42     testWidgets.<anonymous closure>.<anonymous closure> (package:flutter_test/src/widget_tester.dart:192:15)
<asynchronous suspension>
#43     TestWidgetsFlutterBinding._runTestBody (package:flutter_test/src/binding.dart:1682:5)
<asynchronous suspension>
<asynchronous suspension>
(elided 5 frames from dart:async and package:stack_trace)

ΓòÉΓòÉΓòÉΓòÉΓòÉΓòÉΓòÉΓòÉΓòÉΓòÉΓòÉΓòÉΓòÉΓòÉΓòÉΓòÉΓòÉΓòÉΓòÉΓòÉΓòÉΓòÉΓòÉΓòÉΓòÉΓòÉΓòÉΓòÉΓòÉΓòÉΓòÉΓòÉΓòÉΓòÉΓòÉΓòÉΓòÉΓòÉΓòÉΓòÉΓòÉΓòÉΓòÉΓòÉΓòÉΓòÉΓòÉΓòÉΓòÉΓòÉΓòÉΓòÉΓòÉΓòÉΓòÉΓòÉΓòÉΓòÉΓòÉΓòÉΓòÉΓòÉΓòÉΓòÉΓòÉΓòÉΓòÉΓòÉΓòÉΓòÉΓòÉΓòÉΓòÉΓòÉΓòÉΓòÉΓòÉΓòÉΓòÉΓòÉΓòÉΓòÉΓòÉΓòÉΓòÉΓòÉΓòÉΓòÉΓòÉΓòÉΓòÉΓòÉΓòÉΓòÉΓòÉΓòÉΓòÉΓòÉΓòÉΓòÉ
ΓòÉΓòÉΓòí EXCEPTION CAUGHT BY FLUTTER TEST FRAMEWORK Γò₧ΓòÉΓòÉΓòÉΓòÉΓòÉΓòÉΓòÉΓòÉΓòÉΓòÉΓòÉΓòÉΓòÉΓòÉΓòÉΓòÉΓòÉΓòÉΓòÉΓòÉΓòÉΓòÉΓòÉΓòÉΓòÉΓòÉΓòÉΓòÉΓòÉΓòÉΓòÉΓòÉΓòÉΓòÉΓòÉΓòÉΓòÉΓòÉΓòÉΓòÉΓòÉΓòÉΓòÉΓòÉΓòÉΓòÉΓòÉΓòÉΓòÉΓòÉΓòÉΓòÉ
The following message was thrown:
Multiple exceptions (3) were detected during the running of the current test, and at least one was
unexpected.
ΓòÉΓòÉΓòÉΓòÉΓòÉΓòÉΓòÉΓòÉΓòÉΓòÉΓòÉΓòÉΓòÉΓòÉΓòÉΓòÉΓòÉΓòÉΓòÉΓòÉΓòÉΓòÉΓòÉΓòÉΓòÉΓòÉΓòÉΓòÉΓòÉΓòÉΓòÉΓòÉΓòÉΓòÉΓòÉΓòÉΓòÉΓòÉΓòÉΓòÉΓòÉΓòÉΓòÉΓòÉΓòÉΓòÉΓòÉΓòÉΓòÉΓòÉΓòÉΓòÉΓòÉΓòÉΓòÉΓòÉΓòÉΓòÉΓòÉΓòÉΓòÉΓòÉΓòÉΓòÉΓòÉΓòÉΓòÉΓòÉΓòÉΓòÉΓòÉΓòÉΓòÉΓòÉΓòÉΓòÉΓòÉΓòÉΓòÉΓòÉΓòÉΓòÉΓòÉΓòÉΓòÉΓòÉΓòÉΓòÉΓòÉΓòÉΓòÉΓòÉΓòÉΓòÉΓòÉΓòÉΓòÉΓòÉΓòÉΓòÉ
00:01 +28 -3: D:/projects/MoonWatch/client/test/features/reconnect/reconnect_bloc_test.dart: ReconnectBloc ΓÇö AttemptRejoin AttemptRejoin when invoke throws ΓåÆ Failed(rejoin_error)
00:01 +28 -3: D:/projects/MoonWatch/client/test/features/player/screens/watch_screen_test.dart: different content keys each dispatch exactly one initialize [E]
  Test failed. See exception logs above.
  The test description was: different content keys each dispatch exactly one initialize
  
00:01 +28 -3: D:/projects/MoonWatch/client/test/features/reconnect/reconnect_bloc_test.dart: ReconnectBloc ΓÇö AttemptRejoin AttemptRejoin when invoke throws ΓåÆ Failed(rejoin_error)
00:01 +29 -3: D:/projects/MoonWatch/client/test/features/reconnect/reconnect_bloc_test.dart: ReconnectBloc ΓÇö AttemptRejoin AttemptRejoin when invoke throws ΓåÆ Failed(rejoin_error)
00:01 +30 -3: D:/projects/MoonWatch/client/test/features/reconnect/reconnect_bloc_test.dart: ReconnectBloc ΓÇö AttemptRejoin AttemptRejoin when invoke throws ΓåÆ Failed(rejoin_error)
00:01 +31 -3: D:/projects/MoonWatch/client/test/features/reconnect/reconnect_bloc_test.dart: ReconnectBloc ΓÇö AttemptRejoin AttemptRejoin when invoke throws ΓåÆ Failed(rejoin_error)
00:02 +32 -3: D:/projects/MoonWatch/client/test/features/reconnect/reconnect_bloc_test.dart: ReconnectBloc ΓÇö AttemptRejoin AttemptRejoin when invoke throws ΓåÆ Failed(rejoin_error)
00:02 +33 -3: D:/projects/MoonWatch/client/test/features/reconnect/reconnect_bloc_test.dart: ReconnectBloc ΓÇö AttemptRejoin AttemptRejoin when invoke throws ΓåÆ Failed(rejoin_error)
00:02 +34 -3: D:/projects/MoonWatch/client/test/features/reconnect/reconnect_bloc_test.dart: ReconnectBloc ΓÇö AttemptRejoin AttemptRejoin when invoke throws ΓåÆ Failed(rejoin_error)
00:02 +35 -3: D:/projects/MoonWatch/client/test/features/reconnect/reconnect_bloc_test.dart: ReconnectBloc ΓÇö AttemptRejoin AttemptRejoin when invoke throws ΓåÆ Failed(rejoin_error)
00:02 +36 -3: D:/projects/MoonWatch/client/test/features/reconnect/reconnect_bloc_test.dart: ReconnectBloc ΓÇö AttemptRejoin AttemptRejoin when invoke throws ΓåÆ Failed(rejoin_error)
00:02 +37 -3: D:/projects/MoonWatch/client/test/features/reconnect/reconnect_bloc_test.dart: ReconnectBloc ΓÇö AttemptRejoin AttemptRejoin when invoke throws ΓåÆ Failed(rejoin_error)
00:02 +38 -3: D:/projects/MoonWatch/client/test/features/reconnect/reconnect_bloc_test.dart: ReconnectBloc ΓÇö AttemptRejoin AttemptRejoin when invoke throws ΓåÆ Failed(rejoin_error)
00:02 +39 -3: D:/projects/MoonWatch/client/test/features/reconnect/reconnect_bloc_test.dart: ReconnectBloc ΓÇö AttemptRejoin AttemptRejoin when invoke throws ΓåÆ Failed(rejoin_error)
00:02 +40 -3: D:/projects/MoonWatch/client/test/features/reconnect/reconnect_bloc_test.dart: ReconnectBloc ΓÇö AttemptRejoin AttemptRejoin when invoke throws ΓåÆ Failed(rejoin_error)
00:02 +41 -3: D:/projects/MoonWatch/client/test/features/reconnect/reconnect_bloc_test.dart: ReconnectBloc ΓÇö AttemptRejoin AttemptRejoin when invoke throws ΓåÆ Failed(rejoin_error)
00:02 +42 -3: D:/projects/MoonWatch/client/test/features/reconnect/reconnect_bloc_test.dart: ReconnectBloc ΓÇö AttemptRejoin AttemptRejoin when invoke throws ΓåÆ Failed(rejoin_error)
00:02 +42 -3: D:/projects/MoonWatch/client/test/features/sync/bloc_session_scope_test.dart: Bloc Session Scoping tests SyncBloc state does not bleed across room sessions
[38;5;12m≡ƒÆí [SyncBloc] SyncBloc: playerReady=true contentKey=unknown[0m
[38;5;12m≡ƒÆí [SyncBloc] SyncBloc: playback:play received at 1777338352118 [seqNo=100, positionMs=1000, serverTs=5000, playerReady=true][0m
[38;5;12m≡ƒÆí [SyncBloc] SyncBloc: applying playback:play ΓÇö positionMs=1000, elapsedMs=30000ms, hostRttMs=50, guestRttMs=100, clockOffsetMs=0, adjustedPositionMs=31025, seqNo=100[0m
[38;5;12m≡ƒÆí [SyncBloc] SyncBloc: play applied at 1777338352120 [seek+play completed, adjustedPositionMs=31025][0m
00:02 +43 -3: D:/projects/MoonWatch/client/test/features/reconnect/reconnect_bloc_test.dart: ReconnectBloc ΓÇö AttemptRejoin AttemptRejoin when invoke throws ΓåÆ Failed(rejoin_error)
00:02 +44 -3: D:/projects/MoonWatch/client/test/features/reconnect/reconnect_bloc_test.dart: ReconnectBloc ΓÇö AttemptRejoin AttemptRejoin when invoke throws ΓåÆ Failed(rejoin_error)
00:02 +45 -3: D:/projects/MoonWatch/client/test/features/reconnect/reconnect_bloc_test.dart: ReconnectBloc ΓÇö AttemptRejoin AttemptRejoin when invoke throws ΓåÆ Failed(rejoin_error)
00:02 +45 -3: D:/projects/MoonWatch/client/test/features/sync/bloc_session_scope_test.dart: Bloc Session Scoping tests SyncBloc state does not bleed across room sessions
[38;5;12m≡ƒÆí [SyncBloc] SyncBloc: playback:play received at 1777338352172 [seqNo=50, positionMs=2000, serverTs=6000, playerReady=true][0m
[38;5;208mΓÜá∩╕Å [SyncBloc] SyncBloc: ignoring stale playback:play [seqNo=50 <= lastApplied=100][0m
00:02 +46 -3: D:/projects/MoonWatch/client/test/features/reconnect/reconnect_bloc_test.dart: ReconnectBloc ΓÇö AttemptRejoin AttemptRejoin when invoke throws ΓåÆ Failed(rejoin_error)
00:02 +46 -3: D:/projects/MoonWatch/client/test/features/sync/bloc_session_scope_test.dart: Bloc Session Scoping tests SyncBloc state does not bleed across room sessions
[38;5;12m≡ƒÆí [SyncBloc] SyncBloc: playerReady=true contentKey=unknown[0m
[38;5;12m≡ƒÆí [SyncBloc] SyncBloc: playback:play received at 1777338352226 [seqNo=1, positionMs=5000, serverTs=10000, playerReady=true][0m
[38;5;12m≡ƒÆí [SyncBloc] SyncBloc: applying playback:play ΓÇö positionMs=5000, elapsedMs=30000ms, hostRttMs=50, guestRttMs=100, clockOffsetMs=0, adjustedPositionMs=35025, seqNo=1[0m
[38;5;12m≡ƒÆí [SyncBloc] SyncBloc: play applied at 1777338352227 [seek+play completed, adjustedPositionMs=35025][0m
00:02 +47 -3: D:/projects/MoonWatch/client/test/features/reconnect/reconnect_bloc_test.dart: ReconnectBloc ΓÇö AttemptRejoin AttemptRejoin when invoke throws ΓåÆ Failed(rejoin_error)
00:02 +48 -3: D:/projects/MoonWatch/client/test/features/reconnect/reconnect_bloc_test.dart: ReconnectBloc ΓÇö AttemptRejoin AttemptRejoin when invoke throws ΓåÆ Failed(rejoin_error)
00:02 +48 -3: D:/projects/MoonWatch/client/test/features/sync/bloc_session_scope_test.dart: Bloc Session Scoping tests PlayerBloc state does not bleed across room sessions
[38;5;12m≡ƒÆí [PlayerBloc] [PLAYER_INIT_CONTEXT] isRoomMode=false, role=null, roomCode=null, contentKey=null[0m
[38;5;12m≡ƒÆí [PlayerBloc] [PLAYER_INIT_SOURCE] source=test, url=urlA[0m
[38;5;12m≡ƒÆí [PlayerBloc] [PLAYER_INIT_EXECUTED] url=urlA[0m
[38;5;12m≡ƒÆí [PlayerBloc] player.init: controller initialized [elapsed=0ms][0m
[38;5;12m≡ƒÆí [PlayerBloc] player.init: PlayerStateReady emitted [total_elapsed=1ms][0m
[38;5;12m≡ƒÆí [PlayerBloc] player.init: auto-playing (solo mode)[0m
[38;5;12m≡ƒÆí [PlayerBloc] player.init: playing started[0m
[38;5;12m≡ƒÆí [PlayerBloc] [PLAYER_INIT_COMPLETED] url=urlA[0m
00:02 +48 -3: D:/projects/MoonWatch/client/test/features/reconnect/reconnect_bloc_test.dart: ReconnectBloc ΓÇö AttemptRejoin AttemptRejoin when invoke throws ΓåÆ Failed(rejoin_error)
[38;5;208mΓÜá∩╕Å [ReconnectBloc] [reconnect.attempt] Rejoin invocation failed. Retrying in 2.0s (Attempt 2 of 3) ΓÇö Exception: network error[0m
00:02 +49 -3: D:/projects/MoonWatch/client/test/features/reconnect/reconnect_bloc_test.dart: ReconnectBloc ΓÇö AttemptRejoin AttemptRejoin when invoke throws ΓåÆ Failed(rejoin_error)
00:02 +49 -3: D:/projects/MoonWatch/client/test/features/sync/bloc_session_scope_test.dart: Bloc Session Scoping tests PlayerBloc state does not bleed across room sessions
[38;5;12m≡ƒÆí [PlayerBloc] [PLAYER_INIT_CONTEXT] isRoomMode=false, role=null, roomCode=null, contentKey=null[0m
[38;5;12m≡ƒÆí [PlayerBloc] [PLAYER_INIT_SOURCE] source=test, url=urlA[0m
[38;5;12m≡ƒÆí [PlayerBloc] [PLAYER_INIT_DUPLICATE_GLOBAL_IGNORED] url=urlA[0m
00:02 +50 -3: D:/projects/MoonWatch/client/test/features/reconnect/reconnect_bloc_test.dart: ReconnectBloc ΓÇö AttemptRejoin AttemptRejoin when invoke throws ΓåÆ Failed(rejoin_error)
00:02 +50 -3: D:/projects/MoonWatch/client/test/features/sync/latency_estimator_test.dart: LatencyEstimator ΓÇö idempotency calling start() a second time while already running is a no-op
≡ƒÉ¢ [LatencyEstimator] [LATENCY_ESTIMATOR_ALREADY_RUNNING] start() ignored
00:02 +51 -3: D:/projects/MoonWatch/client/test/features/reconnect/reconnect_bloc_test.dart: ReconnectBloc ΓÇö AttemptRejoin AttemptRejoin when invoke throws ΓåÆ Failed(rejoin_error)
00:02 +52 -3: D:/projects/MoonWatch/client/test/features/reconnect/reconnect_bloc_test.dart: ReconnectBloc ΓÇö AttemptRejoin AttemptRejoin when invoke throws ΓåÆ Failed(rejoin_error)
00:02 +53 -3: D:/projects/MoonWatch/client/test/features/reconnect/reconnect_bloc_test.dart: ReconnectBloc ΓÇö AttemptRejoin AttemptRejoin when invoke throws ΓåÆ Failed(rejoin_error)
00:02 +54 -3: D:/projects/MoonWatch/client/test/features/reconnect/reconnect_bloc_test.dart: ReconnectBloc ΓÇö AttemptRejoin AttemptRejoin when invoke throws ΓåÆ Failed(rejoin_error)
00:02 +54 -3: D:/projects/MoonWatch/client/test/features/sync/bloc_session_scope_test.dart: Bloc Session Scoping tests PlayerBloc state does not bleed across room sessions
[38;5;12m≡ƒÆí [PlayerBloc] [PLAYER_INIT_CONTEXT] isRoomMode=false, role=null, roomCode=null, contentKey=null[0m
[38;5;12m≡ƒÆí [PlayerBloc] [PLAYER_INIT_SOURCE] source=test2, url=urlB[0m
[38;5;12m≡ƒÆí [PlayerBloc] [PLAYER_INIT_EXECUTED] url=urlB[0m
[38;5;12m≡ƒÆí [PlayerBloc] player.init: controller initialized [elapsed=0ms][0m
[38;5;12m≡ƒÆí [PlayerBloc] player.init: PlayerStateReady emitted [total_elapsed=0ms][0m
[38;5;12m≡ƒÆí [PlayerBloc] player.init: auto-playing (solo mode)[0m
[38;5;12m≡ƒÆí [PlayerBloc] player.init: playing started[0m
[38;5;12m≡ƒÆí [PlayerBloc] [PLAYER_INIT_COMPLETED] url=urlB[0m
00:02 +55 -3: D:/projects/MoonWatch/client/test/features/reconnect/reconnect_bloc_test.dart: ReconnectBloc ΓÇö AttemptRejoin AttemptRejoin when invoke throws ΓåÆ Failed(rejoin_error)
00:02 +56 -3: D:/projects/MoonWatch/client/test/features/reconnect/reconnect_bloc_test.dart: ReconnectBloc ΓÇö AttemptRejoin AttemptRejoin when invoke throws ΓåÆ Failed(rejoin_error)
00:02 +57 -3: D:/projects/MoonWatch/client/test/features/reconnect/reconnect_bloc_test.dart: ReconnectBloc ΓÇö AttemptRejoin AttemptRejoin when invoke throws ΓåÆ Failed(rejoin_error)
00:02 +58 -3: D:/projects/MoonWatch/client/test/features/reconnect/reconnect_bloc_test.dart: ReconnectBloc ΓÇö AttemptRejoin AttemptRejoin when invoke throws ΓåÆ Failed(rejoin_error)
00:02 +58 -3: D:/projects/MoonWatch/client/test/features/sync/sync_engine_test.dart: SyncBloc ΓÇö drift detection drift below threshold: no seek issued
[38;5;12m≡ƒÆí [SyncBloc] SyncBloc: playerReady=true contentKey=unknown[0m
≡ƒÉ¢ [SyncBloc] SyncBloc: state_sync drift check ΓÇö hostPositionMs=10200, rawAgeMs=2ms, clampedAgeMs=2ms, adjustedHostPositionMs=10202, guestPositionMs=10000, driftMs=202, playbackRate=1.0
00:02 +59 -3: D:/projects/MoonWatch/client/test/features/reconnect/reconnect_bloc_test.dart: ReconnectBloc ΓÇö AttemptRejoin AttemptRejoin when invoke throws ΓåÆ Failed(rejoin_error)
00:02 +59 -3: D:/projects/MoonWatch/client/test/features/sync/sync_engine_test.dart: SyncBloc ΓÇö drift detection drift above threshold: correction seek issued after hysteresis
[38;5;12m≡ƒÆí [SyncBloc] SyncBloc: playerReady=true contentKey=unknown[0m
≡ƒÉ¢ [SyncBloc] SyncBloc: state_sync drift check ΓÇö hostPositionMs=10800, rawAgeMs=0ms, clampedAgeMs=0ms, adjustedHostPositionMs=10800, guestPositionMs=10000, driftMs=800, playbackRate=1.0
≡ƒÉ¢ [SyncBloc] SyncBloc: drift exceeds threshold [consecutiveHits=1 / 2]
00:02 +60 -3: D:/projects/MoonWatch/client/test/features/reconnect/reconnect_bloc_test.dart: ReconnectBloc ΓÇö AttemptRejoin AttemptRejoin when invoke throws ΓåÆ Failed(rejoin_error)
00:02 +60 -3: D:/projects/MoonWatch/client/test/features/sync/sync_engine_test.dart: SyncBloc ΓÇö drift detection drift above threshold: correction seek issued after hysteresis
≡ƒÉ¢ [SyncBloc] SyncBloc: state_sync drift check ΓÇö hostPositionMs=10800, rawAgeMs=0ms, clampedAgeMs=0ms, adjustedHostPositionMs=10800, guestPositionMs=10000, driftMs=800, playbackRate=1.0
≡ƒÉ¢ [SyncBloc] SyncBloc: drift exceeds threshold [consecutiveHits=2 / 2]
[38;5;12m≡ƒÆí [SyncBloc] SyncBloc: correction seek ΓÇö drift_ms=800, adjusted_host_position_ms=10800, guest_position_ms=10000, correction_triggered=true[0m
00:02 +61 -3: D:/projects/MoonWatch/client/test/features/reconnect/reconnect_bloc_test.dart: ReconnectBloc ΓÇö AttemptRejoin AttemptRejoin when invoke throws ΓåÆ Failed(rejoin_error)
00:02 +62 -3: D:/projects/MoonWatch/client/test/features/reconnect/reconnect_bloc_test.dart: ReconnectBloc ΓÇö AttemptRejoin AttemptRejoin when invoke throws ΓåÆ Failed(rejoin_error)
00:02 +63 -3: D:/projects/MoonWatch/client/test/features/reconnect/reconnect_bloc_test.dart: ReconnectBloc ΓÇö AttemptRejoin AttemptRejoin when invoke throws ΓåÆ Failed(rejoin_error)
00:02 +64 -3: D:/projects/MoonWatch/client/test/features/reconnect/reconnect_bloc_test.dart: ReconnectBloc ΓÇö AttemptRejoin AttemptRejoin when invoke throws ΓåÆ Failed(rejoin_error)
00:02 +65 -3: D:/projects/MoonWatch/client/test/features/reconnect/reconnect_bloc_test.dart: ReconnectBloc ΓÇö AttemptRejoin AttemptRejoin when invoke throws ΓåÆ Failed(rejoin_error)
00:02 +65 -3: D:/projects/MoonWatch/client/test/features/sync/sync_engine_test.dart: SyncBloc ΓÇö drift detection host-ahead correction: guest seeks forward after hysteresis
[38;5;12m≡ƒÆí [SyncBloc] SyncBloc: playerReady=true contentKey=unknown[0m
≡ƒÉ¢ [SyncBloc] SyncBloc: state_sync drift check ΓÇö hostPositionMs=8000, rawAgeMs=0ms, clampedAgeMs=0ms, adjustedHostPositionMs=8000, guestPositionMs=5000, driftMs=3000, playbackRate=1.0
≡ƒÉ¢ [SyncBloc] SyncBloc: drift exceeds threshold [consecutiveHits=1 / 2]
≡ƒÉ¢ [SyncBloc] SyncBloc: state_sync drift check ΓÇö hostPositionMs=8000, rawAgeMs=0ms, clampedAgeMs=0ms, adjustedHostPositionMs=8000, guestPositionMs=5000, driftMs=3000, playbackRate=1.0
≡ƒÉ¢ [SyncBloc] SyncBloc: drift exceeds threshold [consecutiveHits=2 / 2]
[38;5;12m≡ƒÆí [SyncBloc] SyncBloc: correction seek ΓÇö drift_ms=3000, adjusted_host_position_ms=8000, guest_position_ms=5000, correction_triggered=true[0m
00:02 +66 -3: D:/projects/MoonWatch/client/test/features/reconnect/reconnect_bloc_test.dart: ReconnectBloc ΓÇö AttemptRejoin AttemptRejoin when invoke throws ΓåÆ Failed(rejoin_error)
00:02 +66 -3: D:/projects/MoonWatch/client/test/integration/guest_buffering_test.dart: guest_buffering integration  guest stalls ΓåÆ notifyBufferingStall called, SyncBloc enters Buffering
[38;5;12m≡ƒÆí [SyncBloc] SyncBloc: playerReady=true contentKey=unknown[0m
[38;5;12m≡ƒÆí [SyncBloc] SyncBloc: playback:play received at 1777338352802 [seqNo=0, positionMs=5000, serverTs=0, playerReady=true][0m
[38;5;12m≡ƒÆí [SyncBloc] SyncBloc: applying playback:play ΓÇö positionMs=5000, elapsedMs=30000ms, hostRttMs=100, guestRttMs=100, clockOffsetMs=0, adjustedPositionMs=35050, seqNo=0[0m
[38;5;12m≡ƒÆí [SyncBloc] SyncBloc: play applied at 1777338352805 [seek+play completed, adjustedPositionMs=35050][0m
00:02 +67 -3: D:/projects/MoonWatch/client/test/features/reconnect/reconnect_bloc_test.dart: ReconnectBloc ΓÇö AttemptRejoin AttemptRejoin when invoke throws ΓåÆ Failed(rejoin_error)
00:02 +68 -3: D:/projects/MoonWatch/client/test/features/reconnect/reconnect_bloc_test.dart: ReconnectBloc ΓÇö AttemptRejoin AttemptRejoin when invoke throws ΓåÆ Failed(rejoin_error)
00:02 +68 -3: D:/projects/MoonWatch/client/test/integration/guest_buffering_test.dart: guest_buffering integration  guest stalls ΓåÆ notifyBufferingStall called, SyncBloc enters Buffering
[38;5;12m≡ƒÆí [SyncBloc] [BUFFERING_EPISODE_START] id=1 pos=5500[0m
[38;5;12m≡ƒÆí [SyncBloc] [BUFFERING_STALL_SENT] pos=5500 episode=1[0m
00:02 +68 -3: D:/projects/MoonWatch/client/test/features/sync/sync_engine_test.dart: SyncBloc ΓÇö drift detection drift above threshold while paused: emits SyncStatePaused after hysteresis
[38;5;12m≡ƒÆí [SyncBloc] SyncBloc: playerReady=true contentKey=unknown[0m
≡ƒÉ¢ [SyncBloc] SyncBloc: state_sync drift check ΓÇö hostPositionMs=11000, rawAgeMs=0ms, clampedAgeMs=0ms, adjustedHostPositionMs=11000, guestPositionMs=10000, driftMs=1000, playbackRate=1.0
≡ƒÉ¢ [SyncBloc] SyncBloc: drift exceeds threshold [consecutiveHits=1 / 2]
≡ƒÉ¢ [SyncBloc] SyncBloc: state_sync drift check ΓÇö hostPositionMs=11000, rawAgeMs=0ms, clampedAgeMs=0ms, adjustedHostPositionMs=11000, guestPositionMs=10000, driftMs=1000, playbackRate=1.0
≡ƒÉ¢ [SyncBloc] SyncBloc: drift exceeds threshold [consecutiveHits=2 / 2]
[38;5;12m≡ƒÆí [SyncBloc] SyncBloc: correction seek ΓÇö drift_ms=1000, adjusted_host_position_ms=11000, guest_position_ms=10000, correction_triggered=true[0m
00:02 +69 -3: D:/projects/MoonWatch/client/test/features/reconnect/reconnect_bloc_test.dart: ReconnectBloc ΓÇö AttemptRejoin AttemptRejoin when invoke throws ΓåÆ Failed(rejoin_error)
00:02 +70 -3: D:/projects/MoonWatch/client/test/features/reconnect/reconnect_bloc_test.dart: ReconnectBloc ΓÇö AttemptRejoin AttemptRejoin when invoke throws ΓåÆ Failed(rejoin_error)
00:02 +70 -3: D:/projects/MoonWatch/client/test/integration/guest_buffering_test.dart: guest_buffering integration  guest stall guard: duplicate stall does not send second notification
[38;5;12m≡ƒÆí [SyncBloc] SyncBloc: playerReady=true contentKey=unknown[0m
[38;5;12m≡ƒÆí [SyncBloc] SyncBloc: playback:play received at 1777338352914 [seqNo=0, positionMs=5000, serverTs=0, playerReady=true][0m
[38;5;12m≡ƒÆí [SyncBloc] SyncBloc: applying playback:play ΓÇö positionMs=5000, elapsedMs=30000ms, hostRttMs=100, guestRttMs=100, clockOffsetMs=0, adjustedPositionMs=35050, seqNo=0[0m
[38;5;12m≡ƒÆí [SyncBloc] SyncBloc: play applied at 1777338352915 [seek+play completed, adjustedPositionMs=35050][0m
00:02 +71 -3: D:/projects/MoonWatch/client/test/features/reconnect/reconnect_bloc_test.dart: ReconnectBloc ΓÇö AttemptRejoin AttemptRejoin when invoke throws ΓåÆ Failed(rejoin_error)
00:02 +72 -3: D:/projects/MoonWatch/client/test/features/reconnect/reconnect_bloc_test.dart: ReconnectBloc ΓÇö AttemptRejoin AttemptRejoin when invoke throws ΓåÆ Failed(rejoin_error)
00:02 +72 -3: D:/projects/MoonWatch/client/test/integration/guest_buffering_test.dart: guest_buffering integration  guest stall guard: duplicate stall does not send second notification
[38;5;12m≡ƒÆí [SyncBloc] [BUFFERING_EPISODE_START] id=1 pos=5500[0m
[38;5;12m≡ƒÆí [SyncBloc] [BUFFERING_STALL_SENT] pos=5500 episode=1[0m
00:03 +73 -3: D:/projects/MoonWatch/client/test/features/reconnect/reconnect_bloc_test.dart: ReconnectBloc ΓÇö AttemptRejoin AttemptRejoin when invoke throws ΓåÆ Failed(rejoin_error)
00:03 +73 -3: D:/projects/MoonWatch/client/test/features/sync/sync_engine_test.dart: SyncBloc ΓÇö correction throttling post-command cooldown prevents excessive corrections
[38;5;12m≡ƒÆí [SyncBloc] SyncBloc: playerReady=true contentKey=unknown[0m
≡ƒÉ¢ [SyncBloc] SyncBloc: state_sync drift check ΓÇö hostPositionMs=11000, rawAgeMs=0ms, clampedAgeMs=0ms, adjustedHostPositionMs=11000, guestPositionMs=10000, driftMs=1000, playbackRate=1.0
≡ƒÉ¢ [SyncBloc] SyncBloc: drift exceeds threshold [consecutiveHits=1 / 2]
≡ƒÉ¢ [SyncBloc] SyncBloc: state_sync drift check ΓÇö hostPositionMs=11100, rawAgeMs=0ms, clampedAgeMs=0ms, adjustedHostPositionMs=11100, guestPositionMs=10000, driftMs=1100, playbackRate=1.0
≡ƒÉ¢ [SyncBloc] SyncBloc: drift exceeds threshold [consecutiveHits=2 / 2]
[38;5;12m≡ƒÆí [SyncBloc] SyncBloc: correction seek ΓÇö drift_ms=1100, adjusted_host_position_ms=11100, guest_position_ms=10000, correction_triggered=true[0m
00:03 +73 -3: D:/projects/MoonWatch/client/test/integration/guest_buffering_test.dart: guest_buffering integration  guest stall guard: duplicate stall does not send second notification
≡ƒÉ¢ [SyncBloc] [BUFFERING_STALL_IGNORED_ALREADY_SENT]
00:03 +73 -3: D:/projects/MoonWatch/client/test/features/sync/sync_engine_test.dart: SyncBloc ΓÇö correction throttling post-command cooldown prevents excessive corrections
≡ƒÉ¢ [SyncBloc] SyncBloc: skipping state_sync drift check ΓÇö post-command cooldown [11ms / 3000ms]
≡ƒÉ¢ [SyncBloc] SyncBloc: skipping state_sync drift check ΓÇö post-command cooldown [23ms / 3000ms]
00:03 +73 -3: D:/projects/MoonWatch/client/test/integration/guest_reconnect_test.dart: guest_reconnect integration  SignalR drop ΓåÆ reconnect ΓåÆ rejoin invocation ΓåÆ room:joined ΓåÆ Success
[38;5;12m≡ƒÆí [ReconnectBloc] [reconnect.attempt] Connection dropped, entering reconnect mode[0m
00:03 +73 -3: D:/projects/MoonWatch/client/test/features/sync/sync_engine_test.dart: SyncBloc ΓÇö correction throttling post-command cooldown prevents excessive corrections
≡ƒÉ¢ [SyncBloc] SyncBloc: skipping state_sync drift check ΓÇö post-command cooldown [34ms / 3000ms]
≡ƒÉ¢ [SyncBloc] SyncBloc: skipping state_sync drift check ΓÇö post-command cooldown [45ms / 3000ms]
00:03 +74 -3: D:/projects/MoonWatch/client/test/features/reconnect/reconnect_bloc_test.dart: ReconnectBloc ΓÇö AttemptRejoin AttemptRejoin when invoke throws ΓåÆ Failed(rejoin_error)
00:03 +74 -3: D:/projects/MoonWatch/client/test/integration/guest_buffering_test.dart: guest_buffering integration  guest ready after stall ΓåÆ notifyBufferingReady called
[38;5;12m≡ƒÆí [SyncBloc] SyncBloc: playerReady=true contentKey=unknown[0m
[38;5;12m≡ƒÆí [SyncBloc] SyncBloc: playback:play received at 1777338353074 [seqNo=0, positionMs=5000, serverTs=0, playerReady=true][0m
[38;5;12m≡ƒÆí [SyncBloc] SyncBloc: applying playback:play ΓÇö positionMs=5000, elapsedMs=30000ms, hostRttMs=100, guestRttMs=100, clockOffsetMs=0, adjustedPositionMs=35050, seqNo=0[0m
[38;5;12m≡ƒÆí [SyncBloc] SyncBloc: play applied at 1777338353074 [seek+play completed, adjustedPositionMs=35050][0m
00:03 +74 -3: D:/projects/MoonWatch/client/test/integration/guest_reconnect_test.dart: guest_reconnect integration  SignalR drop ΓåÆ reconnect ΓåÆ rejoin invocation ΓåÆ room:joined ΓåÆ Success
[38;5;12m≡ƒÆí [ReconnectBloc] [reconnect.attempt] Attempting app-layer rejoin to room ABC123 as guest[0m
00:03 +74 -3: D:/projects/MoonWatch/client/test/integration/guest_buffering_test.dart: guest_buffering integration  guest ready after stall ΓåÆ notifyBufferingReady called
[38;5;12m≡ƒÆí [SyncBloc] [BUFFERING_EPISODE_START] id=1 pos=5500[0m
[38;5;12m≡ƒÆí [SyncBloc] [BUFFERING_STALL_SENT] pos=5500 episode=1[0m
[38;5;12m≡ƒÆí [SyncBloc] [BUFFERING_READY_SENT] episode=1[0m
00:03 +74 -3: D:/projects/MoonWatch/client/test/integration/guest_reconnect_test.dart: guest_reconnect integration  SignalR drop ΓåÆ reconnect ΓåÆ rejoin invocation ΓåÆ room:joined ΓåÆ Success
[38;5;12m≡ƒÆí [ReconnectBloc] [reconnect.success] Reconnect succeeded[0m
00:03 +75 -3: D:/projects/MoonWatch/client/test/features/reconnect/reconnect_bloc_test.dart: ReconnectBloc ΓÇö AttemptRejoin AttemptRejoin when invoke throws ΓåÆ Failed(rejoin_error)
00:03 +75 -3: D:/projects/MoonWatch/client/test/integration/guest_buffering_test.dart: guest_buffering integration  guest ready guard: ready without prior stall does not send notification
[38;5;12m≡ƒÆí [SyncBloc] SyncBloc: playerReady=true contentKey=unknown[0m
00:03 +75 -3: D:/projects/MoonWatch/client/test/integration/host_buffering_test.dart: host_buffering integration  peer stalls ΓåÆ local player pauses, SyncBloc enters Buffering
[38;5;12m≡ƒÆí [SyncBloc] SyncBloc: playerReady=true contentKey=unknown[0m
[38;5;12m≡ƒÆí [SyncBloc] SyncBloc: playback:play received at 1777338353232 [seqNo=0, positionMs=10000, serverTs=0, playerReady=true][0m
[38;5;12m≡ƒÆí [SyncBloc] SyncBloc: applying playback:play ΓÇö positionMs=10000, elapsedMs=30000ms, hostRttMs=100, guestRttMs=100, clockOffsetMs=0, adjustedPositionMs=40050, seqNo=0[0m
[38;5;12m≡ƒÆí [SyncBloc] SyncBloc: play applied at 1777338353235 [seek+play completed, adjustedPositionMs=40050][0m
00:03 +76 -3: D:/projects/MoonWatch/client/test/features/reconnect/reconnect_bloc_test.dart: ReconnectBloc ΓÇö AttemptRejoin AttemptRejoin when invoke throws ΓåÆ Failed(rejoin_error)
00:03 +76 -3: D:/projects/MoonWatch/client/test/integration/guest_reconnect_test.dart: guest_reconnect integration  SignalR drop ΓåÆ all retries exhausted ΓåÆ Failed(max_retries)
[38;5;12m≡ƒÆí [ReconnectBloc] [reconnect.attempt] Connection dropped, entering reconnect mode[0m
00:03 +77 -3: D:/projects/MoonWatch/client/test/features/reconnect/reconnect_bloc_test.dart: ReconnectBloc ΓÇö AttemptRejoin AttemptRejoin when invoke throws ΓåÆ Failed(rejoin_error)
00:03 +77 -3: D:/projects/MoonWatch/client/test/features/sync/sync_engine_test.dart: SyncBloc ΓÇö play received seeks to latency-adjusted position and plays
[38;5;12m≡ƒÆí [SyncBloc] SyncBloc: playerReady=true contentKey=unknown[0m
[38;5;12m≡ƒÆí [SyncBloc] SyncBloc: playback:play received at 1777338353273 [seqNo=0, positionMs=5000, serverTs=1777338353273, playerReady=true][0m
[38;5;12m≡ƒÆí [SyncBloc] SyncBloc: applying playback:play ΓÇö positionMs=5000, elapsedMs=0ms, hostRttMs=100, guestRttMs=100, clockOffsetMs=0, adjustedPositionMs=5050, seqNo=0[0m
[38;5;12m≡ƒÆí [SyncBloc] SyncBloc: play applied at 1777338353274 [seek+play completed, adjustedPositionMs=5050][0m
00:03 +78 -3: D:/projects/MoonWatch/client/test/features/reconnect/reconnect_bloc_test.dart: ReconnectBloc ΓÇö AttemptRejoin AttemptRejoin when invoke throws ΓåÆ Failed(rejoin_error)
00:03 +78 -3: D:/projects/MoonWatch/client/test/features/sync/sync_engine_test.dart: SyncBloc ΓÇö play received uses updated guest RTT for latency compensation
[38;5;12m≡ƒÆí [SyncBloc] SyncBloc: playerReady=true contentKey=unknown[0m
[38;5;12m≡ƒÆí [SyncBloc] SyncBloc: playback:play received at 1777338353278 [seqNo=0, positionMs=5000, serverTs=1777338353278, playerReady=true][0m
[38;5;12m≡ƒÆí [SyncBloc] SyncBloc: applying playback:play ΓÇö positionMs=5000, elapsedMs=0ms, hostRttMs=100, guestRttMs=200, clockOffsetMs=0, adjustedPositionMs=5050, seqNo=0[0m
[38;5;12m≡ƒÆí [SyncBloc] SyncBloc: play applied at 1777338353278 [seek+play completed, adjustedPositionMs=5050][0m
00:03 +79 -3: D:/projects/MoonWatch/client/test/features/reconnect/reconnect_bloc_test.dart: ReconnectBloc ΓÇö AttemptRejoin AttemptRejoin when invoke throws ΓåÆ Failed(rejoin_error)
00:03 +80 -3: D:/projects/MoonWatch/client/test/features/reconnect/reconnect_bloc_test.dart: ReconnectBloc ΓÇö AttemptRejoin AttemptRejoin when invoke throws ΓåÆ Failed(rejoin_error)
00:03 +80 -3: D:/projects/MoonWatch/client/test/features/sync/sync_engine_test.dart: SyncBloc ΓÇö speed received applies received playback speed to player
[38;5;12m≡ƒÆí [SyncBloc] SyncBloc: playerReady=true contentKey=unknown[0m
≡ƒÉ¢ [SyncBloc] [SYNC_ROLE_DUPLICATE_IGNORED] role=guest
[38;5;12m≡ƒÆí [SyncBloc] SyncBloc: applying playback:speed received ΓÇö speed=1.5[0m
00:03 +81 -3: D:/projects/MoonWatch/client/test/features/reconnect/reconnect_bloc_test.dart: ReconnectBloc ΓÇö AttemptRejoin AttemptRejoin when invoke throws ΓåÆ Failed(rejoin_error)
00:03 +81 -3: D:/projects/MoonWatch/client/test/integration/host_buffering_test.dart: host_buffering integration  peer stalls ΓåÆ local player pauses, SyncBloc enters Buffering
[38;5;12m≡ƒÆí [SyncBloc] SyncBloc: peer stalled at 10500ms ΓÇö pausing local player[0m
00:03 +81 -3: D:/projects/MoonWatch/client/test/integration/guest_buffering_test.dart: guest_buffering integration  full buffering cycle: stall ΓåÆ peer pause ΓåÆ both ready ΓåÆ resume
[38;5;12m≡ƒÆí [SyncBloc] SyncBloc: playerReady=true contentKey=unknown[0m
[38;5;12m≡ƒÆí [SyncBloc] SyncBloc: playback:play received at 1777338353288 [seqNo=0, positionMs=5000, serverTs=0, playerReady=true][0m
[38;5;12m≡ƒÆí [SyncBloc] SyncBloc: applying playback:play ΓÇö positionMs=5000, elapsedMs=30000ms, hostRttMs=100, guestRttMs=100, clockOffsetMs=0, adjustedPositionMs=35050, seqNo=0[0m
[38;5;12m≡ƒÆí [SyncBloc] SyncBloc: play applied at 1777338353288 [seek+play completed, adjustedPositionMs=35050][0m
00:03 +81 -3: D:/projects/MoonWatch/client/test/features/sync/sync_engine_test.dart: SyncBloc ΓÇö pause received pauses and seeks to specified position
[38;5;12m≡ƒÆí [SyncBloc] SyncBloc: playerReady=true contentKey=unknown[0m
[38;5;12m≡ƒÆí [SyncBloc] SyncBloc: applying playback:pause ΓÇö positionMs=3000, seqNo=0[0m
00:03 +82 -3: D:/projects/MoonWatch/client/test/features/reconnect/reconnect_bloc_test.dart: ReconnectBloc ΓÇö AttemptRejoin AttemptRejoin when invoke throws ΓåÆ Failed(rejoin_error)
00:03 +82 -3: D:/projects/MoonWatch/client/test/features/sync/sync_engine_test.dart: SyncBloc ΓÇö seek received seeks to target position and emits paused when not playing
[38;5;12m≡ƒÆí [SyncBloc] SyncBloc: playerReady=true contentKey=unknown[0m
[38;5;12m≡ƒÆí [SyncBloc] SyncBloc: applying playback:seek ΓÇö targetPositionMs=60000, shouldPlay=false, seqNo=0[0m
[38;5;12m≡ƒÆí [SyncBloc] SyncBloc: seek_complete ΓÇö staying paused at 60000ms[0m
00:03 +83 -3: D:/projects/MoonWatch/client/test/features/reconnect/reconnect_bloc_test.dart: ReconnectBloc ΓÇö AttemptRejoin AttemptRejoin when invoke throws ΓåÆ Failed(rejoin_error)
00:03 +83 -3: D:/projects/MoonWatch/client/test/features/sync/sync_engine_test.dart: SyncBloc ΓÇö buffering player stall emits SyncStateBuffering
[38;5;12m≡ƒÆí [SyncBloc] SyncBloc: playerReady=true contentKey=unknown[0m
[38;5;12m≡ƒÆí [SyncBloc] [BUFFERING_EPISODE_START] id=1 pos=0[0m
[38;5;12m≡ƒÆí [SyncBloc] [BUFFERING_STALL_SENT] pos=0 episode=1[0m
00:03 +84 -3: D:/projects/MoonWatch/client/test/features/reconnect/reconnect_bloc_test.dart: ReconnectBloc ΓÇö AttemptRejoin AttemptRejoin when invoke throws ΓåÆ Failed(rejoin_error)
00:03 +84 -3: D:/projects/MoonWatch/client/test/integration/guest_reconnect_test.dart: guest_reconnect integration  SignalR drop ΓåÆ all retries exhausted ΓåÆ Failed(max_retries)
[38;5;208mΓÜá∩╕Å [ReconnectBloc] [reconnect.failed] Reconnect failed: max_retries[0m
00:03 +84 -3: D:/projects/MoonWatch/client/test/features/sync/sync_engine_test.dart: SyncBloc ΓÇö buffering player ready while in Buffering stays in Buffering
[38;5;12m≡ƒÆí [SyncBloc] SyncBloc: playerReady=true contentKey=unknown[0m
[38;5;12m≡ƒÆí [SyncBloc] SyncBloc: playerReady=true contentKey=unknown[0m
00:03 +85 -3: D:/projects/MoonWatch/client/test/features/reconnect/reconnect_bloc_test.dart: ReconnectBloc ΓÇö AttemptRejoin AttemptRejoin when invoke throws ΓåÆ Failed(rejoin_error)
00:03 +85 -3: D:/projects/MoonWatch/client/test/features/sync/sync_engine_test.dart: SyncBloc ΓÇö buffering player ready when not in Buffering while playing: no state change (already Syncing)
[38;5;12m≡ƒÆí [SyncBloc] SyncBloc: playerReady=true contentKey=unknown[0m
[38;5;12m≡ƒÆí [SyncBloc] SyncBloc: playerReady=true contentKey=unknown[0m
00:03 +86 -3: D:/projects/MoonWatch/client/test/features/reconnect/reconnect_bloc_test.dart: ReconnectBloc ΓÇö AttemptRejoin AttemptRejoin when invoke throws ΓåÆ Failed(rejoin_error)
00:03 +86 -3: D:/projects/MoonWatch/client/test/features/sync/sync_engine_test.dart: SyncBloc ΓÇö buffering player ready when not in Buffering while paused: no state change (already Paused)
[38;5;12m≡ƒÆí [SyncBloc] SyncBloc: playerReady=true contentKey=unknown[0m
[38;5;12m≡ƒÆí [SyncBloc] SyncBloc: playerReady=true contentKey=unknown[0m
00:03 +87 -3: D:/projects/MoonWatch/client/test/features/reconnect/reconnect_bloc_test.dart: ReconnectBloc ΓÇö AttemptRejoin AttemptRejoin when invoke throws ΓåÆ Failed(rejoin_error)
00:03 +87 -3: D:/projects/MoonWatch/client/test/features/sync/sync_engine_test.dart: SyncBloc ΓÇö state_sync deferred while player not ready state_sync is deferred (not applied) while playerReady=false
[38;5;12m≡ƒÆí [SyncBloc] SyncBloc: playerReady=true contentKey=unknown[0m
≡ƒÉ¢ [SyncBloc] [SYNC_ROLE_DUPLICATE_IGNORED] role=guest
[38;5;12m≡ƒÆí [SyncBloc] SyncBloc: deferring playback:state_sync [seqNo=0, hostPositionMs=10136, isPlaying=true][0m
00:03 +88 -3: D:/projects/MoonWatch/client/test/features/reconnect/reconnect_bloc_test.dart: ReconnectBloc ΓÇö AttemptRejoin AttemptRejoin when invoke throws ΓåÆ Failed(rejoin_error)
00:03 +88 -3: D:/projects/MoonWatch/client/test/integration/guest_buffering_test.dart: guest_buffering integration  full buffering cycle: stall ΓåÆ peer pause ΓåÆ both ready ΓåÆ resume
[38;5;12m≡ƒÆí [SyncBloc] [BUFFERING_EPISODE_START] id=1 pos=5500[0m
[38;5;12m≡ƒÆí [SyncBloc] [BUFFERING_STALL_SENT] pos=5500 episode=1[0m
00:03 +88 -3: D:/projects/MoonWatch/client/test/integration/host_buffering_test.dart: host_buffering integration  buffering:resume after peer stall ΓåÆ seeks and resumes
[38;5;12m≡ƒÆí [SyncBloc] SyncBloc: playerReady=true contentKey=unknown[0m
[38;5;12m≡ƒÆí [SyncBloc] SyncBloc: playback:play received at 1777338353344 [seqNo=0, positionMs=10000, serverTs=0, playerReady=true][0m
[38;5;12m≡ƒÆí [SyncBloc] SyncBloc: applying playback:play ΓÇö positionMs=10000, elapsedMs=30000ms, hostRttMs=100, guestRttMs=100, clockOffsetMs=0, adjustedPositionMs=40050, seqNo=0[0m
[38;5;12m≡ƒÆí [SyncBloc] SyncBloc: play applied at 1777338353344 [seek+play completed, adjustedPositionMs=40050][0m
00:03 +89 -3: D:/projects/MoonWatch/client/test/features/reconnect/reconnect_bloc_test.dart: ReconnectBloc ΓÇö AttemptRejoin AttemptRejoin when invoke throws ΓåÆ Failed(rejoin_error)
00:03 +89 -3: D:/projects/MoonWatch/client/test/integration/guest_reconnect_test.dart: guest_reconnect integration  SignalR drop ΓåÆ reconnect ΓåÆ rejoin error ΓåÆ Failed
[38;5;12m≡ƒÆí [ReconnectBloc] [reconnect.attempt] Connection dropped, entering reconnect mode[0m
00:03 +89 -3: D:/projects/MoonWatch/client/test/integration/guest_buffering_test.dart: guest_buffering integration  full buffering cycle: stall ΓåÆ peer pause ΓåÆ both ready ΓåÆ resume
[38;5;12m≡ƒÆí [SyncBloc] [BUFFERING_READY_SENT] episode=1[0m
00:03 +89 -3: D:/projects/MoonWatch/client/test/integration/host_buffering_test.dart: host_buffering integration  buffering:resume after peer stall ΓåÆ seeks and resumes
[38;5;12m≡ƒÆí [SyncBloc] SyncBloc: peer stalled at 10500ms ΓÇö pausing local player[0m
00:03 +89 -3: D:/projects/MoonWatch/client/test/integration/guest_reconnect_test.dart: guest_reconnect integration  SignalR drop ΓåÆ reconnect ΓåÆ rejoin error ΓåÆ Failed
[38;5;12m≡ƒÆí [ReconnectBloc] [reconnect.attempt] Attempting app-layer rejoin to room ABC123 as guest[0m
00:03 +90 -3: D:/projects/MoonWatch/client/test/features/reconnect/reconnect_bloc_test.dart: ReconnectBloc ΓÇö AttemptRejoin AttemptRejoin when invoke throws ΓåÆ Failed(rejoin_error)
00:03 +90 -3: D:/projects/MoonWatch/client/test/features/sync/sync_engine_test.dart: SyncBloc ΓÇö state_sync deferred while player not ready state_sync applies normally once playerReady=true
[38;5;12m≡ƒÆí [SyncBloc] SyncBloc: playerReady=true contentKey=unknown[0m
≡ƒÉ¢ [SyncBloc] [SYNC_ROLE_DUPLICATE_IGNORED] role=guest
[38;5;12m≡ƒÆí [SyncBloc] SyncBloc: playerReady=true contentKey=unknown[0m
≡ƒÉ¢ [SyncBloc] SyncBloc: state_sync drift check ΓÇö hostPositionMs=11000, rawAgeMs=0ms, clampedAgeMs=0ms, adjustedHostPositionMs=11000, guestPositionMs=10000, driftMs=1000, playbackRate=1.0
≡ƒÉ¢ [SyncBloc] SyncBloc: drift exceeds threshold [consecutiveHits=1 / 2]
≡ƒÉ¢ [SyncBloc] SyncBloc: state_sync drift check ΓÇö hostPositionMs=11000, rawAgeMs=0ms, clampedAgeMs=0ms, adjustedHostPositionMs=11000, guestPositionMs=10000, driftMs=1000, playbackRate=1.0
≡ƒÉ¢ [SyncBloc] SyncBloc: drift exceeds threshold [consecutiveHits=2 / 2]
[38;5;12m≡ƒÆí [SyncBloc] SyncBloc: correction seek ΓÇö drift_ms=1000, adjusted_host_position_ms=11000, guest_position_ms=10000, correction_triggered=true[0m
00:03 +90 -3: D:/projects/MoonWatch/client/test/integration/guest_buffering_test.dart: guest_buffering integration  full buffering cycle: stall ΓåÆ peer pause ΓåÆ both ready ΓåÆ resume
[38;5;12m≡ƒÆí [SyncBloc] [BUFFERING_RESUME_APPLIED] pos=6000ms isPlaying=true[0m
00:03 +90 -3: D:/projects/MoonWatch/client/test/integration/host_buffering_test.dart: host_buffering integration  buffering:resume after peer stall ΓåÆ seeks and resumes
[38;5;12m≡ƒÆí [SyncBloc] [BUFFERING_RESUME_APPLIED] pos=11000ms isPlaying=true[0m
00:03 +91 -3: D:/projects/MoonWatch/client/test/features/reconnect/reconnect_bloc_test.dart: ReconnectBloc ΓÇö AttemptRejoin AttemptRejoin when invoke throws ΓåÆ Failed(rejoin_error)
00:03 +92 -3: D:/projects/MoonWatch/client/test/features/reconnect/reconnect_bloc_test.dart: ReconnectBloc ΓÇö AttemptRejoin AttemptRejoin when invoke throws ΓåÆ Failed(rejoin_error)
00:03 +92 -3: D:/projects/MoonWatch/client/test/integration/host_buffering_test.dart: host_buffering integration  buffering:resume while paused ΓåÆ seeks but stays paused
[38;5;12m≡ƒÆí [SyncBloc] SyncBloc: playerReady=true contentKey=unknown[0m
[38;5;12m≡ƒÆí [SyncBloc] SyncBloc: applying playback:pause ΓÇö positionMs=10000, seqNo=0[0m
00:03 +92 -3: D:/projects/MoonWatch/client/test/integration/guest_reconnect_test.dart: guest_reconnect integration  SignalR drop ΓåÆ reconnect ΓåÆ rejoin error ΓåÆ Failed
[38;5;208mΓÜá∩╕Å [ReconnectBloc] [reconnect.failed] Reconnect failed: room_closed[0m
00:03 +93 -3: D:/projects/MoonWatch/client/test/features/reconnect/reconnect_bloc_test.dart: ReconnectBloc ΓÇö AttemptRejoin AttemptRejoin when invoke throws ΓåÆ Failed(rejoin_error)
00:03 +94 -3: D:/projects/MoonWatch/client/test/features/reconnect/reconnect_bloc_test.dart: ReconnectBloc ΓÇö AttemptRejoin AttemptRejoin when invoke throws ΓåÆ Failed(rejoin_error)
00:03 +94 -3: D:/projects/MoonWatch/client/test/integration/host_buffering_test.dart: host_buffering integration  buffering:resume while paused ΓåÆ seeks but stays paused
[38;5;12m≡ƒÆí [SyncBloc] SyncBloc: peer stalled at 10000ms ΓÇö pausing local player[0m
00:03 +95 -3: D:/projects/MoonWatch/client/test/features/reconnect/reconnect_bloc_test.dart: ReconnectBloc ΓÇö AttemptRejoin AttemptRejoin when invoke throws ΓåÆ Failed(rejoin_error)
00:03 +95 -3: D:/projects/MoonWatch/client/test/features/sync/sync_engine_test.dart: SyncBloc ΓÇö state_sync deferred while player not ready drift hits reset when player transitions not-ready ΓåÆ ready (new content)
[38;5;12m≡ƒÆí [SyncBloc] SyncBloc: playerReady=true contentKey=unknown[0m
≡ƒÉ¢ [SyncBloc] [SYNC_ROLE_DUPLICATE_IGNORED] role=guest
[38;5;12m≡ƒÆí [SyncBloc] SyncBloc: playerReady=true contentKey=unknown[0m
≡ƒÉ¢ [SyncBloc] SyncBloc: state_sync drift check ΓÇö hostPositionMs=11000, rawAgeMs=0ms, clampedAgeMs=0ms, adjustedHostPositionMs=11000, guestPositionMs=10000, driftMs=1000, playbackRate=1.0
≡ƒÉ¢ [SyncBloc] SyncBloc: drift exceeds threshold [consecutiveHits=1 / 2]
[38;5;12m≡ƒÆí [SyncBloc] SyncBloc: playerReady=false contentKey=unknown[0m
[38;5;12m≡ƒÆí [SyncBloc] SyncBloc: playerReady=true contentKey=unknown[0m
≡ƒÉ¢ [SyncBloc] SyncBloc: state_sync drift check ΓÇö hostPositionMs=11000, rawAgeMs=1ms, clampedAgeMs=1ms, adjustedHostPositionMs=11001, guestPositionMs=10000, driftMs=1001, playbackRate=1.0
≡ƒÉ¢ [SyncBloc] SyncBloc: drift exceeds threshold [consecutiveHits=1 / 2]
00:03 +95 -3: D:/projects/MoonWatch/client/test/integration/host_buffering_test.dart: host_buffering integration  buffering:resume while paused ΓåÆ seeks but stays paused
[38;5;12m≡ƒÆí [SyncBloc] [BUFFERING_RESUME_APPLIED] pos=10000ms isPlaying=false[0m
00:03 +95 -3: D:/projects/MoonWatch/client/test/integration/host_disconnect_test.dart: host_disconnect integration  host disconnects ΓåÆ ReconnectBloc reset prevents reconnection
[38;5;12m≡ƒÆí [ReconnectBloc] [reconnect.attempt] Connection dropped, entering reconnect mode[0m
00:03 +95 -3: D:/projects/MoonWatch/client/test/integration/host_guest_pause_test.dart: host_guest_pause integration both playing, host pauses ΓÇö guest pauses at specified position
[38;5;12m≡ƒÆí [SyncBloc] SyncBloc: playerReady=true contentKey=unknown[0m
[38;5;12m≡ƒÆí [SyncBloc] SyncBloc: playback:play received at 1777338353632 [seqNo=0, positionMs=5000, serverTs=0, playerReady=true][0m
[38;5;12m≡ƒÆí [SyncBloc] SyncBloc: applying playback:play ΓÇö positionMs=5000, elapsedMs=30000ms, hostRttMs=100, guestRttMs=100, clockOffsetMs=0, adjustedPositionMs=35050, seqNo=0[0m
[38;5;12m≡ƒÆí [SyncBloc] SyncBloc: play applied at 1777338353634 [seek+play completed, adjustedPositionMs=35050][0m
00:03 +95 -3: D:/projects/MoonWatch/client/test/integration/host_disconnect_test.dart: host_disconnect integration  host disconnects ΓåÆ ReconnectBloc reset prevents reconnection
[38;5;208mΓÜá∩╕Å [ReconnectBloc] No stored room credentials for rejoin[0m
00:03 +96 -3: D:/projects/MoonWatch/client/test/features/reconnect/reconnect_bloc_test.dart: ReconnectBloc ΓÇö AttemptRejoin AttemptRejoin when invoke throws ΓåÆ Failed(rejoin_error)
00:03 +96 -3: D:/projects/MoonWatch/client/test/integration/host_buffering_test.dart: host_buffering integration  full host stall scenario from guest perspective
[38;5;12m≡ƒÆí [SyncBloc] SyncBloc: playerReady=true contentKey=unknown[0m
[38;5;12m≡ƒÆí [SyncBloc] SyncBloc: playback:play received at 1777338353663 [seqNo=0, positionMs=20000, serverTs=0, playerReady=true][0m
[38;5;12m≡ƒÆí [SyncBloc] SyncBloc: applying playback:play ΓÇö positionMs=20000, elapsedMs=30000ms, hostRttMs=80, guestRttMs=100, clockOffsetMs=0, adjustedPositionMs=50040, seqNo=0[0m
[38;5;12m≡ƒÆí [SyncBloc] SyncBloc: play applied at 1777338353663 [seek+play completed, adjustedPositionMs=50040][0m
00:03 +96 -3: D:/projects/MoonWatch/client/test/integration/host_guest_pause_test.dart: host_guest_pause integration both playing, host pauses ΓÇö guest pauses at specified position
[38;5;12m≡ƒÆí [SyncBloc] SyncBloc: applying playback:pause ΓÇö positionMs=7500, seqNo=0[0m
00:03 +97 -3: D:/projects/MoonWatch/client/test/features/reconnect/reconnect_bloc_test.dart: ReconnectBloc ΓÇö AttemptRejoin AttemptRejoin when invoke throws ΓåÆ Failed(rejoin_error)
00:03 +97 -3: D:/projects/MoonWatch/client/test/features/sync/sync_engine_test.dart: SyncBloc -┬¥ player ready notifications notifies ready once per content key and sends again for new content
[38;5;12m≡ƒÆí [SyncBloc] SyncBloc: playerReady=true contentKey=unknown[0m
[38;5;12m≡ƒÆí [SyncBloc] SyncBloc: playerReady=true contentKey=episode|1|m3u8[0m
[38;5;12m≡ƒÆí [SyncBloc] SyncBloc: playerReady=true contentKey=episode|2|m3u8[0m
00:03 +98 -3: D:/projects/MoonWatch/client/test/features/reconnect/reconnect_bloc_test.dart: ReconnectBloc ΓÇö AttemptRejoin AttemptRejoin when invoke throws ΓåÆ Failed(rejoin_error)
00:03 +98 -3: D:/projects/MoonWatch/client/test/integration/host_buffering_test.dart: host_buffering integration  full host stall scenario from guest perspective
[38;5;12m≡ƒÆí [SyncBloc] SyncBloc: peer stalled at 21000ms ΓÇö pausing local player[0m
00:03 +99 -3: D:/projects/MoonWatch/client/test/features/reconnect/reconnect_bloc_test.dart: ReconnectBloc ΓÇö AttemptRejoin AttemptRejoin when invoke throws ΓåÆ Failed(rejoin_error)
00:03 +100 -3: D:/projects/MoonWatch/client/test/features/reconnect/reconnect_bloc_test.dart: ReconnectBloc ΓÇö AttemptRejoin AttemptRejoin when invoke throws ΓåÆ Failed(rejoin_error)
00:03 +100 -3: D:/projects/MoonWatch/client/test/integration/host_guest_pause_test.dart: host_guest_pause integration guest pauses at exact host position (no latency compensation on pause)
[38;5;12m≡ƒÆí [SyncBloc] SyncBloc: playerReady=true contentKey=unknown[0m
[38;5;12m≡ƒÆí [SyncBloc] SyncBloc: applying playback:pause ΓÇö positionMs=12000, seqNo=0[0m
00:03 +101 -3: D:/projects/MoonWatch/client/test/features/reconnect/reconnect_bloc_test.dart: ReconnectBloc ΓÇö AttemptRejoin AttemptRejoin when invoke throws ΓåÆ Failed(rejoin_error)
00:03 +101 -3: D:/projects/MoonWatch/client/test/integration/host_buffering_test.dart: host_buffering integration  full host stall scenario from guest perspective
[38;5;12m≡ƒÆí [SyncBloc] [BUFFERING_RESUME_APPLIED] pos=21000ms isPlaying=true[0m
00:03 +102 -3: D:/projects/MoonWatch/client/test/features/reconnect/reconnect_bloc_test.dart: ReconnectBloc ΓÇö AttemptRejoin AttemptRejoin when invoke throws ΓåÆ Failed(rejoin_error)
00:03 +102 -3: D:/projects/MoonWatch/client/test/integration/host_guest_pause_test.dart: host_guest_pause integration SyncBloc transitions Syncing ΓåÆ Paused on pause
[38;5;12m≡ƒÆí [SyncBloc] SyncBloc: playerReady=true contentKey=unknown[0m
[38;5;12m≡ƒÆí [SyncBloc] SyncBloc: playback:play received at 1777338353799 [seqNo=0, positionMs=1000, serverTs=0, playerReady=true][0m
[38;5;12m≡ƒÆí [SyncBloc] SyncBloc: applying playback:play ΓÇö positionMs=1000, elapsedMs=30000ms, hostRttMs=100, guestRttMs=100, clockOffsetMs=0, adjustedPositionMs=31050, seqNo=0[0m
[38;5;12m≡ƒÆí [SyncBloc] SyncBloc: play applied at 1777338353799 [seek+play completed, adjustedPositionMs=31050][0m
00:03 +102 -3: D:/projects/MoonWatch/client/test/integration/host_guest_play_test.dart: host_guest_play integration guest receives play and seeks to latency-adjusted position
[38;5;12m≡ƒÆí [SyncBloc] SyncBloc: playerReady=true contentKey=unknown[0m
[38;5;12m≡ƒÆí [SyncBloc] SyncBloc: playback:play received at 1777338353816 [seqNo=0, positionMs=5000, serverTs=1777338353814, playerReady=true][0m
00:03 +103 -3: D:/projects/MoonWatch/client/test/features/reconnect/reconnect_bloc_test.dart: ReconnectBloc ΓÇö AttemptRejoin AttemptRejoin when invoke throws ΓåÆ Failed(rejoin_error)
00:03 +103 -3: D:/projects/MoonWatch/client/test/integration/host_guest_play_test.dart: host_guest_play integration guest receives play and seeks to latency-adjusted position
[38;5;12m≡ƒÆí [SyncBloc] SyncBloc: applying playback:play ΓÇö positionMs=5000, elapsedMs=2ms, hostRttMs=80, guestRttMs=100, clockOffsetMs=0, adjustedPositionMs=5042, seqNo=0[0m
[38;5;12m≡ƒÆí [SyncBloc] SyncBloc: play applied at 1777338353817 [seek+play completed, adjustedPositionMs=5042][0m
00:03 +103 -3: D:/projects/MoonWatch/client/test/integration/host_guest_pause_test.dart: host_guest_pause integration SyncBloc transitions Syncing ΓåÆ Paused on pause
[38;5;12m≡ƒÆí [SyncBloc] SyncBloc: applying playback:pause ΓÇö positionMs=3000, seqNo=0[0m
00:03 +104 -3: D:/projects/MoonWatch/client/test/features/reconnect/reconnect_bloc_test.dart: ReconnectBloc ΓÇö AttemptRejoin AttemptRejoin when invoke throws ΓåÆ Failed(rejoin_error)
00:03 +105 -3: D:/projects/MoonWatch/client/test/features/reconnect/reconnect_bloc_test.dart: ReconnectBloc ΓÇö AttemptRejoin AttemptRejoin when invoke throws ΓåÆ Failed(rejoin_error)
00:03 +106 -3: D:/projects/MoonWatch/client/test/features/reconnect/reconnect_bloc_test.dart: ReconnectBloc ΓÇö AttemptRejoin AttemptRejoin when invoke throws ΓåÆ Failed(rejoin_error)
00:03 +106 -3: D:/projects/MoonWatch/client/test/integration/host_guest_play_test.dart: host_guest_play integration guest play uses updated guest RTT for compensation
[38;5;12m≡ƒÆí [SyncBloc] SyncBloc: playerReady=true contentKey=unknown[0m
[38;5;12m≡ƒÆí [SyncBloc] SyncBloc: playback:play received at 1777338353926 [seqNo=0, positionMs=10000, serverTs=1777338353926, playerReady=true][0m
[38;5;12m≡ƒÆí [SyncBloc] SyncBloc: applying playback:play ΓÇö positionMs=10000, elapsedMs=0ms, hostRttMs=100, guestRttMs=200, clockOffsetMs=0, adjustedPositionMs=10050, seqNo=0[0m
[38;5;12m≡ƒÆí [SyncBloc] SyncBloc: play applied at 1777338353926 [seek+play completed, adjustedPositionMs=10050][0m
00:04 +106 -3: D:/projects/MoonWatch/client/test/integration/host_guest_seek_test.dart: host_guest_seek integration both playing, host seeks to 2:00 ΓÇö guest seeks to ~2:00
[38;5;12m≡ƒÆí [SyncBloc] SyncBloc: playerReady=true contentKey=unknown[0m
[38;5;12m≡ƒÆí [SyncBloc] SyncBloc: playback:play received at 1777338353997 [seqNo=0, positionMs=30000, serverTs=0, playerReady=true][0m
[38;5;12m≡ƒÆí [SyncBloc] SyncBloc: applying playback:play ΓÇö positionMs=30000, elapsedMs=30000ms, hostRttMs=100, guestRttMs=100, clockOffsetMs=0, adjustedPositionMs=60050, seqNo=0[0m
[38;5;12m≡ƒÆí [SyncBloc] SyncBloc: play applied at 1777338353999 [seek+play completed, adjustedPositionMs=60050][0m
00:04 +107 -3: D:/projects/MoonWatch/client/test/features/reconnect/reconnect_bloc_test.dart: ReconnectBloc ΓÇö AttemptRejoin AttemptRejoin when invoke throws ΓåÆ Failed(rejoin_error)
00:04 +107 -3: D:/projects/MoonWatch/client/test/integration/host_guest_play_test.dart: host_guest_play integration guest play positions correctly ΓÇö no premature correction within cooldown
[38;5;12m≡ƒÆí [SyncBloc] SyncBloc: playerReady=true contentKey=unknown[0m
[38;5;12m≡ƒÆí [SyncBloc] SyncBloc: playback:play received at 1777338354031 [seqNo=0, positionMs=5000, serverTs=1777338354031, playerReady=true][0m
[38;5;12m≡ƒÆí [SyncBloc] SyncBloc: applying playback:play ΓÇö positionMs=5000, elapsedMs=0ms, hostRttMs=100, guestRttMs=100, clockOffsetMs=0, adjustedPositionMs=5050, seqNo=0[0m
00:04 +108 -3: D:/projects/MoonWatch/client/test/features/reconnect/reconnect_bloc_test.dart: ReconnectBloc ΓÇö AttemptRejoin AttemptRejoin when invoke throws ΓåÆ Failed(rejoin_error)
00:04 +108 -3: D:/projects/MoonWatch/client/test/integration/host_guest_play_test.dart: host_guest_play integration guest play positions correctly ΓÇö no premature correction within cooldown
[38;5;12m≡ƒÆí [SyncBloc] SyncBloc: play applied at 1777338354031 [seek+play completed, adjustedPositionMs=5050][0m
00:04 +108 -3: D:/projects/MoonWatch/client/test/integration/host_guest_seek_test.dart: host_guest_seek integration both playing, host seeks to 2:00 ΓÇö guest seeks to ~2:00
[38;5;12m≡ƒÆí [SyncBloc] SyncBloc: applying playback:seek ΓÇö targetPositionMs=120000, shouldPlay=true, seqNo=0[0m
[38;5;12m≡ƒÆí [SyncBloc] SyncBloc: seek_complete ΓÇö resumed playing at 120000ms[0m
00:04 +108 -3: D:/projects/MoonWatch/client/test/integration/host_guest_play_test.dart: host_guest_play integration guest play positions correctly ΓÇö no premature correction within cooldown
≡ƒÉ¢ [SyncBloc] SyncBloc: skipping state_sync drift check ΓÇö post-command cooldown [53ms / 3000ms]
00:04 +109 -3: D:/projects/MoonWatch/client/test/features/reconnect/reconnect_bloc_test.dart: ReconnectBloc ΓÇö AttemptRejoin AttemptRejoin when invoke throws ΓåÆ Failed(rejoin_error)
00:04 +109 -3: D:/projects/MoonWatch/client/test/integration/host_guest_seek_test.dart: host_guest_seek integration seek does not change sync state
[38;5;12m≡ƒÆí [SyncBloc] SyncBloc: playerReady=true contentKey=unknown[0m
[38;5;12m≡ƒÆí [SyncBloc] SyncBloc: playback:play received at 1777338354107 [seqNo=0, positionMs=5000, serverTs=0, playerReady=true][0m
[38;5;12m≡ƒÆí [SyncBloc] SyncBloc: applying playback:play ΓÇö positionMs=5000, elapsedMs=30000ms, hostRttMs=100, guestRttMs=100, clockOffsetMs=0, adjustedPositionMs=35050, seqNo=0[0m
[38;5;12m≡ƒÆí [SyncBloc] SyncBloc: play applied at 1777338354108 [seek+play completed, adjustedPositionMs=35050][0m
[38;5;12m≡ƒÆí [SyncBloc] SyncBloc: applying playback:seek ΓÇö targetPositionMs=60000, shouldPlay=true, seqNo=0[0m
[38;5;12m≡ƒÆí [SyncBloc] SyncBloc: seek_complete ΓÇö resumed playing at 60000ms[0m
00:04 +110 -3: D:/projects/MoonWatch/client/test/features/reconnect/reconnect_bloc_test.dart: ReconnectBloc ΓÇö AttemptRejoin AttemptRejoin when invoke throws ΓåÆ Failed(rejoin_error)
00:04 +110 -3: D:/projects/MoonWatch/client/test/integration/host_guest_play_test.dart: host_guest_play integration SyncBloc transitions from Idle to Syncing on play
[38;5;12m≡ƒÆí [SyncBloc] SyncBloc: playerReady=true contentKey=unknown[0m
[38;5;12m≡ƒÆí [SyncBloc] SyncBloc: playback:play received at 1777338354188 [seqNo=0, positionMs=1000, serverTs=1777338354188, playerReady=true][0m
[38;5;12m≡ƒÆí [SyncBloc] SyncBloc: applying playback:play ΓÇö positionMs=1000, elapsedMs=0ms, hostRttMs=100, guestRttMs=100, clockOffsetMs=0, adjustedPositionMs=1050, seqNo=0[0m
[38;5;12m≡ƒÆí [SyncBloc] SyncBloc: play applied at 1777338354188 [seek+play completed, adjustedPositionMs=1050][0m
00:04 +111 -3: D:/projects/MoonWatch/client/test/features/reconnect/reconnect_bloc_test.dart: ReconnectBloc ΓÇö AttemptRejoin AttemptRejoin when invoke throws ΓåÆ Failed(rejoin_error)
00:04 +112 -3: D:/projects/MoonWatch/client/test/features/reconnect/reconnect_bloc_test.dart: ReconnectBloc ΓÇö AttemptRejoin AttemptRejoin when invoke throws ΓåÆ Failed(rejoin_error)
00:04 +112 -3: D:/projects/MoonWatch/client/test/integration/host_guest_seek_test.dart: host_guest_seek integration multiple seeks update guest position each time
[38;5;12m≡ƒÆí [SyncBloc] SyncBloc: playerReady=true contentKey=unknown[0m
[38;5;12m≡ƒÆí [SyncBloc] SyncBloc: applying playback:seek ΓÇö targetPositionMs=10000, shouldPlay=false, seqNo=0[0m
[38;5;12m≡ƒÆí [SyncBloc] SyncBloc: seek_complete ΓÇö staying paused at 10000ms[0m
[38;5;12m≡ƒÆí [SyncBloc] SyncBloc: applying playback:seek ΓÇö targetPositionMs=20000, shouldPlay=false, seqNo=0[0m
[38;5;12m≡ƒÆí [SyncBloc] SyncBloc: seek_complete ΓÇö staying paused at 20000ms[0m
[38;5;12m≡ƒÆí [SyncBloc] SyncBloc: applying playback:seek ΓÇö targetPositionMs=30000, shouldPlay=false, seqNo=0[0m
[38;5;12m≡ƒÆí [SyncBloc] SyncBloc: seek_complete ΓÇö staying paused at 30000ms[0m
00:04 +113 -3: D:/projects/MoonWatch/client/test/features/reconnect/reconnect_bloc_test.dart: ReconnectBloc ΓÇö AttemptRejoin AttemptRejoin when invoke throws ΓåÆ Failed(rejoin_error)
[38;5;196mΓ¢ö [ReconnectBloc] Rejoin invocation failed: Exception: Max retries reached: Exception: network error[0m
00:04 +114 -3: D:/projects/MoonWatch/client/test/features/reconnect/reconnect_bloc_test.dart: ReconnectBloc ΓÇö AttemptRejoin AttemptRejoin when invoke throws ΓåÆ Failed(rejoin_error)
00:04 +114 -3: D:/projects/MoonWatch/client/test/integration/host_guest_seek_test.dart: host_guest_seek integration seek while paused keeps paused state
[38;5;12m≡ƒÆí [SyncBloc] SyncBloc: playerReady=true contentKey=unknown[0m
[38;5;12m≡ƒÆí [SyncBloc] SyncBloc: applying playback:pause ΓÇö positionMs=5000, seqNo=0[0m
[38;5;12m≡ƒÆí [SyncBloc] SyncBloc: applying playback:seek ΓÇö targetPositionMs=90000, shouldPlay=false, seqNo=0[0m
[38;5;12m≡ƒÆí [SyncBloc] SyncBloc: seek_complete ΓÇö staying paused at 90000ms[0m
00:04 +115 -3: D:/projects/MoonWatch/client/test/features/reconnect/reconnect_bloc_test.dart: ReconnectBloc ΓÇö AttemptRejoin AttemptRejoin when invoke throws ΓåÆ Failed(rejoin_error)
00:04 +116 -3: D:/projects/MoonWatch/client/test/features/reconnect/reconnect_bloc_test.dart: ReconnectBloc ΓÇö AttemptRejoin AttemptRejoin when invoke throws ΓåÆ Failed(rejoin_error)
00:04 +117 -3: D:/projects/MoonWatch/client/test/features/reconnect/reconnect_bloc_test.dart: ReconnectBloc ΓÇö AttemptRejoin AttemptRejoin when invoke throws ΓåÆ Failed(rejoin_error)
00:04 +118 -3: D:/projects/MoonWatch/client/test/features/reconnect/reconnect_bloc_test.dart: ReconnectBloc ΓÇö AttemptRejoin AttemptRejoin when invoke throws ΓåÆ Failed(rejoin_error)
00:04 +119 -3: D:/projects/MoonWatch/client/test/features/reconnect/reconnect_bloc_test.dart: ReconnectBloc ΓÇö AttemptRejoin AttemptRejoin when invoke throws ΓåÆ Failed(rejoin_error)
00:04 +120 -3: D:/projects/MoonWatch/client/test/features/reconnect/reconnect_bloc_test.dart: ReconnectBloc ΓÇö AttemptRejoin AttemptRejoin when invoke throws ΓåÆ Failed(rejoin_error)
00:04 +121 -3: D:/projects/MoonWatch/client/test/features/reconnect/reconnect_bloc_test.dart: ReconnectBloc ΓÇö AttemptRejoin AttemptRejoin when invoke throws ΓåÆ Failed(rejoin_error)
00:04 +122 -3: D:/projects/MoonWatch/client/test/features/reconnect/reconnect_bloc_test.dart: ReconnectBloc ΓÇö AttemptRejoin AttemptRejoin when invoke throws ΓåÆ Failed(rejoin_error)
00:04 +123 -3: D:/projects/MoonWatch/client/test/features/reconnect/reconnect_bloc_test.dart: ReconnectBloc ΓÇö AttemptRejoin AttemptRejoin when invoke throws ΓåÆ Failed(rejoin_error)
00:04 +124 -3: D:/projects/MoonWatch/client/test/features/reconnect/reconnect_bloc_test.dart: ReconnectBloc ΓÇö AttemptRejoin AttemptRejoin when invoke throws ΓåÆ Failed(rejoin_error)
00:04 +125 -3: D:/projects/MoonWatch/client/test/features/reconnect/reconnect_bloc_test.dart: ReconnectBloc ΓÇö AttemptRejoin AttemptRejoin when invoke throws ΓåÆ Failed(rejoin_error)
00:04 +126 -3: D:/projects/MoonWatch/client/test/features/reconnect/reconnect_bloc_test.dart: ReconnectBloc ΓÇö AttemptRejoin AttemptRejoin when invoke throws ΓåÆ Failed(rejoin_error)
00:04 +127 -3: D:/projects/MoonWatch/client/test/features/reconnect/reconnect_bloc_test.dart: ReconnectBloc ΓÇö AttemptRejoin AttemptRejoin when invoke throws ΓåÆ Failed(rejoin_error)
00:07 +128 -3: D:/projects/MoonWatch/client/test/features/reconnect/reconnect_bloc_test.dart: ReconnectBloc ΓÇö Succeeded Succeeded ΓåÆ Success then Idle
[38;5;12m≡ƒÆí [ReconnectBloc] [reconnect.success] Reconnect succeeded[0m
00:07 +129 -3: D:/projects/MoonWatch/client/test/features/reconnect/reconnect_bloc_test.dart: ReconnectBloc ΓÇö Failed Failed emits ReconnectStateFailed with reason
[38;5;208mΓÜá∩╕Å [ReconnectBloc] [reconnect.failed] Reconnect failed: room_closed[0m
00:07 +130 -3: D:/projects/MoonWatch/client/test/features/reconnect/reconnect_bloc_test.dart: ReconnectBloc ΓÇö Failed Failed with max_retries reason
[38;5;208mΓÜá∩╕Å [ReconnectBloc] [reconnect.failed] Reconnect failed: max_retries[0m
00:07 +131 -3: D:/projects/MoonWatch/client/test/features/reconnect/reconnect_bloc_test.dart: ReconnectBloc ΓÇö Network events NetworkLost ΓåÆ Offline
[38;5;12m≡ƒÆí [ReconnectBloc] Network lost[0m
00:07 +132 -3: D:/projects/MoonWatch/client/test/features/reconnect/reconnect_bloc_test.dart: ReconnectBloc ΓÇö Network events NetworkRestored from Offline ΓåÆ Attempting
[38;5;12m≡ƒÆí [ReconnectBloc] Network restored, will attempt reconnect[0m
00:07 +133 -3: D:/projects/MoonWatch/client/test/features/reconnect/reconnect_bloc_test.dart: ReconnectBloc ΓÇö Network events NetworkRestored from Idle is ignored
00:07 +134 -3: D:/projects/MoonWatch/client/test/features/reconnect/reconnect_bloc_test.dart: ReconnectBloc ΓÇö Reset Reset ΓåÆ Idle, clears stored credentials
00:07 +135 -3: D:/projects/MoonWatch/client/test/features/reconnect/reconnect_bloc_test.dart: ReconnectBloc ΓÇö Reset After Reset, AttemptRejoin fails with no_credentials
[38;5;208mΓÜá∩╕Å [ReconnectBloc] No stored room credentials for rejoin[0m
00:07 +136 -3: D:/projects/MoonWatch/client/test/features/reconnect/reconnect_bloc_test.dart: ReconnectBloc ΓÇö startListening reconnecting state ΓåÆ Disconnected ΓåÆ Attempting
[38;5;12m≡ƒÆí [ReconnectBloc] [reconnect.attempt] Connection dropped, entering reconnect mode[0m
00:07 +137 -3: D:/projects/MoonWatch/client/test/features/reconnect/reconnect_bloc_test.dart: ReconnectBloc ΓÇö startListening reconnecting then connected ΓåÆ Attempting then rejoin attempt
[38;5;12m≡ƒÆí [ReconnectBloc] [reconnect.attempt] Connection dropped, entering reconnect mode[0m
[38;5;12m≡ƒÆí [ReconnectBloc] [reconnect.attempt] Attempting app-layer rejoin to room XYZ789 as guest[0m
00:07 +138 -3: D:/projects/MoonWatch/client/test/features/reconnect/reconnect_bloc_test.dart: ReconnectBloc ΓÇö startListening disconnected after Attempting ΓåÆ Failed(max_retries)
[38;5;12m≡ƒÆí [ReconnectBloc] [reconnect.attempt] Connection dropped, entering reconnect mode[0m
[38;5;208mΓÜá∩╕Å [ReconnectBloc] [reconnect.failed] Reconnect failed: max_retries[0m
00:08 +139 -3: D:/projects/MoonWatch/client/test/features/reconnect/reconnect_bloc_test.dart: ReconnectBloc ΓÇö storeRoomCredentials stores room code and role for rejoin
[38;5;12m≡ƒÆí [ReconnectBloc] [reconnect.attempt] Attempting app-layer rejoin to room ROOM42 as host[0m
00:08 +140 -3: D:/projects/MoonWatch/client/test/features/reconnect/reconnect_bloc_test.dart: ReconnectBloc ΓÇö room event listening / room:joined while Attempting ΓåÆ Succeeded ΓåÆ Idle
[38;5;12m≡ƒÆí [ReconnectBloc] [reconnect.success] Reconnect succeeded[0m
00:08 +141 -3: D:/projects/MoonWatch/client/test/features/reconnect/reconnect_bloc_test.dart: ReconnectBloc ΓÇö room event listening / room:error(room_closed) while Attempting ΓåÆ Failed(room_closed)
[38;5;208mΓÜá∩╕Å [ReconnectBloc] [reconnect.failed] Reconnect failed: room_closed[0m
00:08 +142 -3: D:/projects/MoonWatch/client/test/features/reconnect/reconnect_bloc_test.dart: ReconnectBloc ΓÇö room event listening / room:error(room_full) while Attempting ΓåÆ Failed(room_full)
[38;5;208mΓÜá∩╕Å [ReconnectBloc] [reconnect.failed] Reconnect failed: room_full[0m
00:08 +143 -3: D:/projects/MoonWatch/client/test/features/reconnect/reconnect_bloc_test.dart: ReconnectBloc ΓÇö room event listening / room:joined while Idle is ignored (no state change)
00:08 +144 -3: D:/projects/MoonWatch/client/test/features/reconnect/reconnect_bloc_test.dart: ReconnectBloc ΓÇö room event listening / non-fatal room:error while Attempting is ignored
00:08 +145 -3: Some tests failed.
